Archive member included to satisfy reference by file (symbol)

C:\Users\1\Desktop\Master-car\Middlewares\ST\ARM\DSP\Lib\libarm_cortexM4lf_math.a(arm_sin_f32.o)
                              CMakeFiles/MASTER_RR.elf.dir/Core/Src/Omni_Classis_task.c.obj (arm_sin_f32)
C:\Users\1\Desktop\Master-car\Middlewares\ST\ARM\DSP\Lib\libarm_cortexM4lf_math.a(arm_cos_f32.o)
                              CMakeFiles/MASTER_RR.elf.dir/Core/Src/Omni_Classis_task.c.obj (arm_cos_f32)
C:\Users\1\Desktop\Master-car\Middlewares\ST\ARM\DSP\Lib\libarm_cortexM4lf_math.a(arm_common_tables.o)
                              C:\Users\1\Desktop\Master-car\Middlewares\ST\ARM\DSP\Lib\libarm_cortexM4lf_math.a(arm_sin_f32.o) (sinTable_f32)
d:/gcc-arm-none-eabi-10.3-2021.10/bin/../lib/gcc/arm-none-eabi/10.3.1/thumb/v7e-m+fp/hard\libgcc.a(_arm_addsubdf3.o)
                              CMakeFiles/MASTER_RR.elf.dir/Core/Src/Omni_Classis_task.c.obj (__aeabi_f2d)
d:/gcc-arm-none-eabi-10.3-2021.10/bin/../lib/gcc/arm-none-eabi/10.3.1/thumb/v7e-m+fp/hard\libgcc.a(_aeabi_uldivmod.o)
                              CMakeFiles/MASTER_RR.elf.dir/Drivers/STM32F4xx_HAL_Driver/Src/stm32f4xx_hal_rcc.c.obj (__aeabi_uldivmod)
d:/gcc-arm-none-eabi-10.3-2021.10/bin/../lib/gcc/arm-none-eabi/10.3.1/thumb/v7e-m+fp/hard\libgcc.a(_udivmoddi4.o)
                              d:/gcc-arm-none-eabi-10.3-2021.10/bin/../lib/gcc/arm-none-eabi/10.3.1/thumb/v7e-m+fp/hard\libgcc.a(_aeabi_uldivmod.o) (__udivmoddi4)
d:/gcc-arm-none-eabi-10.3-2021.10/bin/../lib/gcc/arm-none-eabi/10.3.1/thumb/v7e-m+fp/hard\libgcc.a(_dvmd_tls.o)
                              d:/gcc-arm-none-eabi-10.3-2021.10/bin/../lib/gcc/arm-none-eabi/10.3.1/thumb/v7e-m+fp/hard\libgcc.a(_aeabi_uldivmod.o) (__aeabi_ldiv0)
d:/gcc-arm-none-eabi-10.3-2021.10/bin/../lib/gcc/arm-none-eabi/10.3.1/../../../../arm-none-eabi/lib/thumb/v7e-m+fp/hard\libg.a(lib_a-errno.o)
                              CMakeFiles/MASTER_RR.elf.dir/Core/Src/syscalls.c.obj (__errno)
d:/gcc-arm-none-eabi-10.3-2021.10/bin/../lib/gcc/arm-none-eabi/10.3.1/../../../../arm-none-eabi/lib/thumb/v7e-m+fp/hard\libg.a(lib_a-exit.o)
                              d:/gcc-arm-none-eabi-10.3-2021.10/bin/../lib/gcc/arm-none-eabi/10.3.1/../../../../arm-none-eabi/lib/thumb/v7e-m+fp/hard/crt0.o (exit)
d:/gcc-arm-none-eabi-10.3-2021.10/bin/../lib/gcc/arm-none-eabi/10.3.1/../../../../arm-none-eabi/lib/thumb/v7e-m+fp/hard\libg.a(lib_a-impure.o)
                              d:/gcc-arm-none-eabi-10.3-2021.10/bin/../lib/gcc/arm-none-eabi/10.3.1/../../../../arm-none-eabi/lib/thumb/v7e-m+fp/hard\libg.a(lib_a-exit.o) (_global_impure_ptr)
d:/gcc-arm-none-eabi-10.3-2021.10/bin/../lib/gcc/arm-none-eabi/10.3.1/../../../../arm-none-eabi/lib/thumb/v7e-m+fp/hard\libg.a(lib_a-init.o)
                              d:/gcc-arm-none-eabi-10.3-2021.10/bin/../lib/gcc/arm-none-eabi/10.3.1/../../../../arm-none-eabi/lib/thumb/v7e-m+fp/hard/crt0.o (__libc_init_array)
d:/gcc-arm-none-eabi-10.3-2021.10/bin/../lib/gcc/arm-none-eabi/10.3.1/../../../../arm-none-eabi/lib/thumb/v7e-m+fp/hard\libg.a(lib_a-memcpy.o)
                              CMakeFiles/MASTER_RR.elf.dir/Middlewares/Third_Party/FreeRTOS/Source/queue.c.obj (memcpy)
d:/gcc-arm-none-eabi-10.3-2021.10/bin/../lib/gcc/arm-none-eabi/10.3.1/../../../../arm-none-eabi/lib/thumb/v7e-m+fp/hard\libg.a(lib_a-memset.o)
                              d:/gcc-arm-none-eabi-10.3-2021.10/bin/../lib/gcc/arm-none-eabi/10.3.1/../../../../arm-none-eabi/lib/thumb/v7e-m+fp/hard/crt0.o (memset)
d:/gcc-arm-none-eabi-10.3-2021.10/bin/../lib/gcc/arm-none-eabi/10.3.1/../../../../arm-none-eabi/lib/thumb/v7e-m+fp/hard\libg.a(lib_a-vsnprintf.o)
                              CMakeFiles/MASTER_RR.elf.dir/Core/Src/printf.c.obj (vsnprintf)
d:/gcc-arm-none-eabi-10.3-2021.10/bin/../lib/gcc/arm-none-eabi/10.3.1/../../../../arm-none-eabi/lib/thumb/v7e-m+fp/hard\libg.a(lib_a-__call_atexit.o)
                              d:/gcc-arm-none-eabi-10.3-2021.10/bin/../lib/gcc/arm-none-eabi/10.3.1/../../../../arm-none-eabi/lib/thumb/v7e-m+fp/hard\libg.a(lib_a-exit.o) (__call_exitprocs)
d:/gcc-arm-none-eabi-10.3-2021.10/bin/../lib/gcc/arm-none-eabi/10.3.1/../../../../arm-none-eabi/lib/thumb/v7e-m+fp/hard\libg.a(lib_a-atexit.o)
                              d:/gcc-arm-none-eabi-10.3-2021.10/bin/../lib/gcc/arm-none-eabi/10.3.1/../../../../arm-none-eabi/lib/thumb/v7e-m+fp/hard\libg.a(lib_a-__call_atexit.o) (atexit)
d:/gcc-arm-none-eabi-10.3-2021.10/bin/../lib/gcc/arm-none-eabi/10.3.1/../../../../arm-none-eabi/lib/thumb/v7e-m+fp/hard\libg.a(lib_a-fini.o)
                              d:/gcc-arm-none-eabi-10.3-2021.10/bin/../lib/gcc/arm-none-eabi/10.3.1/../../../../arm-none-eabi/lib/thumb/v7e-m+fp/hard\libg.a(lib_a-__call_atexit.o) (__libc_fini_array)
d:/gcc-arm-none-eabi-10.3-2021.10/bin/../lib/gcc/arm-none-eabi/10.3.1/../../../../arm-none-eabi/lib/thumb/v7e-m+fp/hard\libg.a(lib_a-lock.o)
[...]
Memory Configuration

Name             Origin             Length             Attributes
CCMRAM           0x10000000         0x00010000         xrw
RAM              0x20000000         0x00020000         xrw
FLASH            0x08000000         0x00100000         xr
*default*        0x00000000         0xffffffff

Linker script and memory map

LOAD d:/gcc-arm-none-eabi-10.3-2021.10/bin/../lib/gcc/arm-none-eabi/10.3.1/thumb/v7e-m+fp/hard/crti.o
LOAD d:/gcc-arm-none-eabi-10.3-2021.10/bin/../lib/gcc/arm-none-eabi/10.3.1/thumb/v7e-m+fp/hard/crtbegin.o
LOAD d:/gcc-arm-none-eabi-10.3-2021.10/bin/../lib/gcc/arm-none-eabi/10.3.1/../../../../arm-none-eabi/lib/thumb/v7e-m+fp/hard/crt0.o
LOAD CMakeFiles/MASTER_RR.elf.dir/Core/Src/24l01.c.obj
LOAD CMakeFiles/MASTER_RR.elf.dir/Core/Src/A1_driver.c.obj
LOAD CMakeFiles/MASTER_RR.elf.dir/Core/Src/Bessel_Run.c.obj
LOAD CMakeFiles/MASTER_RR.elf.dir/Core/Src/Omni_Classis_task.c.obj
LOAD CMakeFiles/MASTER_RR.elf.dir/Core/Src/can.c.obj
LOAD CMakeFiles/MASTER_RR.elf.dir/Core/Src/can_rec.c.obj
LOAD CMakeFiles/MASTER_RR.elf.dir/Core/Src/crc32.c.obj
LOAD CMakeFiles/MASTER_RR.elf.dir/Core/Src/dma.c.obj
LOAD CMakeFiles/MASTER_RR.elf.dir/Core/Src/freertos.c.obj
LOAD CMakeFiles/MASTER_RR.elf.dir/Core/Src/gpio.c.obj
LOAD CMakeFiles/MASTER_RR.elf.dir/Core/Src/kinematic.c.obj
LOAD CMakeFiles/MASTER_RR.elf.dir/Core/Src/laser.c.obj
LOAD CMakeFiles/MASTER_RR.elf.dir/Core/Src/locater.c.obj
LOAD CMakeFiles/MASTER_RR.elf.dir/Core/Src/main.c.obj
LOAD CMakeFiles/MASTER_RR.elf.dir/Core/Src/pid.c.obj
LOAD CMakeFiles/MASTER_RR.elf.dir/Core/Src/printf.c.obj
LOAD CMakeFiles/MASTER_RR.elf.dir/Core/Src/spi.c.obj
LOAD CMakeFiles/MASTER_RR.elf.dir/Core/Src/steering_wheel.c.obj
LOAD CMakeFiles/MASTER_RR.elf.dir/Core/Src/stm32f4xx_hal_msp.c.obj
LOAD CMakeFiles/MASTER_RR.elf.dir/Core/Src/stm32f4xx_hal_timebase_tim.c.obj
LOAD CMakeFiles/MASTER_RR.elf.dir/Core/Src/stm32f4xx_it.c.obj
LOAD CMakeFiles/MASTER_RR.elf.dir/Core/Src/syscalls.c.obj
LOAD CMakeFiles/MASTER_RR.elf.dir/Core/Src/sysmem.c.obj
LOAD CMakeFiles/MASTER_RR.elf.dir/Core/Src/system_stm32f4xx.c.obj
LOAD CMakeFiles/MASTER_RR.elf.dir/Core/Src/tim.c.obj
LOAD CMakeFiles/MASTER_RR.elf.dir/Core/Src/usart.c.obj
LOAD CMakeFiles/MASTER_RR.elf.dir/Core/Startup/startup_stm32f407zgtx.s.obj
LOAD CMakeFiles/MASTER_RR.elf.dir/Drivers/STM32F4xx_HAL_Driver/Src/stm32f4xx_hal.c.obj
LOAD CMakeFiles/MASTER_RR.elf.dir/Drivers/STM32F4xx_HAL_Driver/Src/stm32f4xx_hal_can.c.obj
LOAD CMakeFiles/MASTER_RR.elf.dir/Drivers/STM32F4xx_HAL_Driver/Src/stm32f4xx_hal_cortex.c.obj
LOAD CMakeFiles/MASTER_RR.elf.dir/Drivers/STM32F4xx_HAL_Driver/Src/stm32f4xx_hal_dma.c.obj
LOAD CMakeFiles/MASTER_RR.elf.dir/Drivers/STM32F4xx_HAL_Driver/Src/stm32f4xx_hal_dma_ex.c.obj
LOAD CMakeFiles/MASTER_RR.elf.dir/Drivers/STM32F4xx_HAL_Driver/Src/stm32f4xx_hal_exti.c.obj
LOAD CMakeFiles/MASTER_RR.elf.dir/Drivers/STM32F4xx_HAL_Driver/Src/stm32f4xx_hal_flash.c.obj
LOAD CMakeFiles/MASTER_RR.elf.dir/Drivers/STM32F4xx_HAL_Driver/Src/stm32f4xx_hal_flash_ex.c.obj
LOAD CMakeFiles/MASTER_RR.elf.dir/Drivers/STM32F4xx_HAL_Driver/Src/stm32f4xx_hal_flash_ramfunc.c.obj
LOAD CMakeFiles/MASTER_RR.elf.dir/Drivers/STM32F4xx_HAL_Driver/Src/stm32f4xx_hal_gpio.c.obj
LOAD CMakeFiles/MASTER_RR.elf.dir/Drivers/STM32F4xx_HAL_Driver/Src/stm32f4xx_hal_pwr.c.obj
LOAD CMakeFiles/MASTER_RR.elf.dir/Drivers/STM32F4xx_HAL_Driver/Src/stm32f4xx_hal_pwr_ex.c.obj
LOAD CMakeFiles/MASTER_RR.elf.dir/Drivers/STM32F4xx_HAL_Driver/Src/stm32f4xx_hal_rcc.c.obj
LOAD CMakeFiles/MASTER_RR.elf.dir/Drivers/STM32F4xx_HAL_Driver/Src/stm32f4xx_hal_rcc_ex.c.obj
LOAD CMakeFiles/MASTER_RR.elf.dir/Drivers/STM32F4xx_HAL_Driver/Src/stm32f4xx_hal_spi.c.obj
LOAD CMakeFiles/MASTER_RR.elf.dir/Drivers/STM32F4xx_HAL_Driver/Src/stm32f4xx_hal_tim.c.obj
LOAD CMakeFiles/MASTER_RR.elf.dir/Drivers/STM32F4xx_HAL_Driver/Src/stm32f4xx_hal_tim_ex.c.obj
LOAD CMakeFiles/MASTER_RR.elf.dir/Drivers/STM32F4xx_HAL_Driver/Src/stm32f4xx_hal_uart.c.obj
LOAD CMakeFiles/MASTER_RR.elf.dir/Middlewares/Third_Party/FreeRTOS/Source/CMSIS_RTOS/cmsis_os.c.obj
LOAD CMakeFiles/MASTER_RR.elf.dir/Middlewares/Third_Party/FreeRTOS/Source/croutine.c.obj
LOAD CMakeFiles/MASTER_RR.elf.dir/Middlewares/Third_Party/FreeRTOS/Source/event_groups.c.obj
LOAD CMakeFiles/MASTER_RR.elf.dir/Middlewares/Third_Party/FreeRTOS/Source/list.c.obj
LOAD CMakeFiles/MASTER_RR.elf.dir/Middlewares/Third_Party/FreeRTOS/Source/portable/GCC/ARM_CM4F/port.c.obj
LOAD CMakeFiles/MASTER_RR.elf.dir/Middlewares/Third_Party/FreeRTOS/Source/portable/MemMang/heap_4.c.obj
LOAD CMakeFiles/MASTER_RR.elf.dir/Middlewares/Third_Party/FreeRTOS/Source/queue.c.obj
LOAD CMakeFiles/MASTER_RR.elf.dir/Middlewares/Third_Party/FreeRTOS/Source/stream_buffer.c.obj
LOAD CMakeFiles/MASTER_RR.elf.dir/Middlewares/Third_Party/FreeRTOS/Source/tasks.c.obj
LOAD CMakeFiles/MASTER_RR.elf.dir/Middlewares/Third_Party/FreeRTOS/Source/timers.c.obj
LOAD C:\Users\1\Desktop\Master-car\Middlewares\ST\ARM\DSP\Lib\libarm_cortexM4lf_math.a
START GROUP
LOAD d:/gcc-arm-none-eabi-10.3-2021.10/bin/../lib/gcc/arm-none-eabi/10.3.1/thumb/v7e-m+fp/hard\libgcc.a
LOAD d:/gcc-arm-none-eabi-10.3-2021.10/bin/../lib/gcc/arm-none-eabi/10.3.1/../../../../arm-none-eabi/lib/thumb/v7e-m+fp/hard\libg.a
LOAD d:/gcc-arm-none-eabi-10.3-2021.10/bin/../lib/gcc/arm-none-eabi/10.3.1/../../../../arm-none-eabi/lib/thumb/v7e-m+fp/hard\libc.a
END GROUP
LOAD d:/gcc-arm-none-eabi-10.3-2021.10/bin/../lib/gcc/arm-none-eabi/10.3.1/thumb/v7e-m+fp/hard/crtend.o
LOAD d:/gcc-arm-none-eabi-10.3-2021.10/bin/../lib/gcc/arm-none-eabi/10.3.1/thumb/v7e-m+fp/hard/crtn.o
                0x20020000                _estack = (ORIGIN (RAM) + LENGTH (RAM))
                0x00000200                _Min_Heap_Size = 0x200
                0x00000400                _Min_Stack_Size = 0x400

.isr_vector     0x08000000      0x188
                0x08000000                . = ALIGN (0x4)
 *(.isr_vector)
 .isr_vector    0x08000000      0x188 CMakeFiles/MASTER_RR.elf.dir/Core/Startup/startup_stm32f407zgtx.s.obj
                0x08000000                g_pfnVectors
                0x08000188                . = ALIGN (0x4)

.text           0x080001c0     0xe198
                0x080001c0                . = ALIGN (0x4)
 *(.text)
 .text          0x080001c0       0x40 d:/gcc-arm-none-eabi-10.3-2021.10/bin/../lib/gcc/arm-none-eabi/10.3.1/thumb/v7e-m+fp/hard/crtbegin.o
 .text          0x08000200      0x378 d:/gcc-arm-none-eabi-10.3-2021.10/bin/../lib/gcc/arm-none-eabi/10.3.1/thumb/v7e-m+fp/hard\libgcc.a(_arm_addsubdf3.o)
                0x08000200                __aeabi_drsub
                0x08000208                __aeabi_dsub
                0x08000208                __subdf3
                0x0800020c                __aeabi_dadd
                0x0800020c                __adddf3
                0x08000484                __floatunsidf
                0x08000484                __aeabi_ui2d
                0x080004a4                __floatsidf
                0x080004a4                __aeabi_i2d
                0x080004c8                __aeabi_f2d
                0x080004c8                __extendsfdf2
                0x0800050c                __floatundidf
                0x0800050c                __aeabi_ul2d
                0x0800051c                __floatdidf
                0x0800051c                __aeabi_l2d
 .text          0x08000578       0x30 d:/gcc-arm-none-eabi-10.3-2021.10/bin/../lib/gcc/arm-none-eabi/10.3.1/thumb/v7e-m+fp/hard\libgcc.a(_aeabi_uldivmod.o)
                0x08000578                __aeabi_uldivmod
 .text          0x080005a8      0x2d0 d:/gcc-arm-none-eabi-10.3-2021.10/bin/../lib/gcc/arm-none-eabi/10.3.1/thumb/v7e-m+fp/hard\libgcc.a(_udivmoddi4.o)
                0x080005a8                __udivmoddi4
 .text          0x08000878        0x4 d:/gcc-arm-none-eabi-10.3-2021.10/bin/../lib/gcc/arm-none-eabi/10.3.1/thumb/v7e-m+fp/hard\libgcc.a(_dvmd_tls.o)
                0x08000878                __aeabi_idiv0
                0x08000878                __aeabi_ldiv0
 .text          0x0800087c      0x134 d:/gcc-arm-none-eabi-10.3-2021.10/bin/../lib/gcc/arm-none-eabi/10.3.1/../../../../arm-none-eabi/lib/thumb/v7e-m+fp/hard\libg.a(lib_a-memcpy.o)
                0x0800087c                memcpy
 .text          0x080009b0       0xa0 d:/gcc-arm-none-eabi-10.3-2021.10/bin/../lib/gcc/arm-none-eabi/10.3.1/../../../../arm-none-eabi/lib/thumb/v7e-m+fp/hard\libg.a(lib_a-memchr.o)
                0x080009b0                memchr
 *fill*         0x08000a50       0x30 
 .text          0x08000a80       0xdc d:/gcc-arm-none-eabi-10.3-2021.10/bin/../lib/gcc/arm-none-eabi/10.3.1/../../../../arm-none-eabi/lib/thumb/v7e-m+fp/hard\libg.a(lib_a-strlen.o)
                0x08000a80                strlen
 .text          0x08000b5c      0x424 d:/gcc-arm-none-eabi-10.3-2021.10/bin/../lib/gcc/arm-none-eabi/10.3.1/thumb/v7e-m+fp/hard\libgcc.a(_arm_muldivdf3.o)
                0x08000b5c                __aeabi_dmul
                0x08000b5c                __muldf3
                0x08000db0                __divdf3
                0x08000db0                __aeabi_ddiv
 .text          0x08000f80      0x110 d:/gcc-arm-none-eabi-10.3-2021.10/bin/../lib/gcc/arm-none-eabi/10.3.1/thumb/v7e-m+fp/hard\libgcc.a(_arm_cmpdf2.o)
                0x08000f80                __gtdf2
                0x08000f80                __gedf2
                0x08000f88                __ltdf2
                0x08000f88                __ledf2
                0x08000f90                __nedf2
                0x08000f90                __eqdf2
                0x08000f90                __cmpdf2
                0x0800100c                __aeabi_cdrcmple
                0x0800101c                __aeabi_cdcmpeq
                0x0800101c                __aeabi_cdcmple
                0x0800102c                __aeabi_dcmpeq
                0x08001040                __aeabi_dcmplt
                0x08001054                __aeabi_dcmple
                0x08001068                __aeabi_dcmpge
                0x0800107c                __aeabi_dcmpgt
 .text          0x08001090       0x2c d:/gcc-arm-none-eabi-10.3-2021.10/bin/../lib/gcc/arm-none-eabi/10.3.1/thumb/v7e-m+fp/hard\libgcc.a(_arm_unorddf2.o)
                0x08001090                __unorddf2
                0x08001090                __aeabi_dcmpun
 .text          0x080010bc       0x50 d:/gcc-arm-none-eabi-10.3-2021.10/bin/../lib/gcc/arm-none-eabi/10.3.1/thumb/v7e-m+fp/hard\libgcc.a(_arm_fixdfsi.o)
                0x080010bc                __aeabi_d2iz
                0x080010bc                __fixdfsi
 *(.text*)
 .text.SPIx_ReadWriteByte
                0x0800110c       0x34 CMakeFiles/MASTER_RR.elf.dir/Core/Src/24l01.c.obj
                0x0800110c                SPIx_ReadWriteByte
 .text.NRF24L01_Write_Reg
                0x08001140       0x3c CMakeFiles/MASTER_RR.elf.dir/Core/Src/24l01.c.obj
                0x08001140                NRF24L01_Write_Reg
 .text.NRF24L01_Read_Reg
                0x0800117c       0x3c CMakeFiles/MASTER_RR.elf.dir/Core/Src/24l01.c.obj
                0x0800117c                NRF24L01_Read_Reg
 .text.NRF24L01_Read_Buf
                0x080011b8       0x48 CMakeFiles/MASTER_RR.elf.dir/Core/Src/24l01.c.obj
                0x080011b8                NRF24L01_Read_Buf
 .text.NRF24L01_RxPacket
                0x08001200       0x34 CMakeFiles/MASTER_RR.elf.dir/Core/Src/24l01.c.obj
                0x08001200                NRF24L01_RxPacket
 .text.HAL_UART_RxCpltCallback
                0x08001234        0x2 CMakeFiles/MASTER_RR.elf.dir/Core/Src/A1_driver.c.obj
                0x08001234                HAL_UART_RxCpltCallback
 *fill*         0x08001236        0x2 
 .text.Classis_Slove
                0x08001238       0x74 CMakeFiles/MASTER_RR.elf.dir/Core/Src/Omni_Classis_task.c.obj
                0x08001238                Classis_Slove
 .text.Speed_Change
                0x080012ac      0x184 CMakeFiles/MASTER_RR.elf.dir/Core/Src/Omni_Classis_task.c.obj
                0x080012ac                Speed_Change
 .text.Angle_Change
                0x08001430       0x1c CMakeFiles/MASTER_RR.elf.dir/Core/Src/Omni_Classis_task.c.obj
                0x08001430                Angle_Change
 .text.FanAngle_Change
                0x0800144c       0x1c CMakeFiles/MASTER_RR.elf.dir/Core/Src/Omni_Classis_task.c.obj
                0x0800144c                FanAngle_Change
 .text.Row_Change
                0x08001468      0x698 CMakeFiles/MASTER_RR.elf.dir/Core/Src/Omni_Classis_task.c.obj
                0x08001468                Row_Change
 .text.XYR_Speed_Charge
                0x08001b00       0xf4 CMakeFiles/MASTER_RR.elf.dir/Core/Src/Omni_Classis_task.c.obj
                0x08001b00                XYR_Speed_Charge
 .text.Run_Point
                0x08001bf4      0x1c4 CMakeFiles/MASTER_RR.elf.dir/Core/Src/Omni_Classis_task.c.obj
                0x08001bf4                Run_Point
 .text.Remote_Control
                0x08001db8       0xec CMakeFiles/MASTER_RR.elf.dir/Core/Src/Omni_Classis_task.c.obj
                0x08001db8                Remote_Control
 .text.MX_CAN1_Init
                0x08001ea4       0x48 CMakeFiles/MASTER_RR.elf.dir/Core/Src/can.c.obj
                0x08001ea4                MX_CAN1_Init
 .text.MX_CAN2_Init
                0x08001eec       0x48 CMakeFiles/MASTER_RR.elf.dir/Core/Src/can.c.obj
                0x08001eec                MX_CAN2_Init
 .text.HAL_CAN_MspInit
                0x08001f34      0x124 CMakeFiles/MASTER_RR.elf.dir/Core/Src/can.c.obj
                0x08001f34                HAL_CAN_MspInit
 .text.my_can_filter_init_recv_all
                0x08002058       0x80 CMakeFiles/MASTER_RR.elf.dir/Core/Src/can_rec.c.obj
                0x08002058                my_can_filter_init_recv_all
 .text.HAL_CAN_RxFifo0MsgPendingCallback
                0x080020d8       0xf4 CMakeFiles/MASTER_RR.elf.dir/Core/Src/can_rec.c.obj
                0x080020d8                HAL_CAN_RxFifo0MsgPendingCallback
 .text.crc32_core
                0x080021cc       0x58 CMakeFiles/MASTER_RR.elf.dir/Core/Src/crc32.c.obj
                0x080021cc                crc32_core
 .text.MX_DMA_Init
                0x08002224       0xa8 CMakeFiles/MASTER_RR.elf.dir/Core/Src/dma.c.obj
                0x08002224                MX_DMA_Init
 .text.RiseAndYaw
                0x080022cc        0xa CMakeFiles/MASTER_RR.elf.dir/Core/Src/freertos.c.obj
                0x080022cc                RiseAndYaw
 .text.Claw     0x080022d6        0xa CMakeFiles/MASTER_RR.elf.dir/Core/Src/freertos.c.obj
                0x080022d6                Claw
 .text.A1SpeedLimit
                0x080022e0        0xa CMakeFiles/MASTER_RR.elf.dir/Core/Src/freertos.c.obj
                0x080022e0                A1SpeedLimit
 .text.manualCrol
                0x080022ea        0xa CMakeFiles/MASTER_RR.elf.dir/Core/Src/freertos.c.obj
                0x080022ea                manualCrol
 .text.heartBeat
                0x080022f4       0x20 CMakeFiles/MASTER_RR.elf.dir/Core/Src/freertos.c.obj
                0x080022f4                heartBeat
 .text.StartDebugTask
                0x08002314       0x30 CMakeFiles/MASTER_RR.elf.dir/Core/Src/freertos.c.obj
                0x08002314                StartDebugTask
 .text.LED      0x08002344       0x1c CMakeFiles/MASTER_RR.elf.dir/Core/Src/freertos.c.obj
                0x08002344                LED
 .text.speedCtrl
                0x08002360       0xdc CMakeFiles/MASTER_RR.elf.dir/Core/Src/freertos.c.obj
                0x08002360                speedCtrl
 .text.laserLoc
                0x0800243c      0x158 CMakeFiles/MASTER_RR.elf.dir/Core/Src/freertos.c.obj
                0x0800243c                laserLoc
 .text.NRFTask  0x08002594      0x138 CMakeFiles/MASTER_RR.elf.dir/Core/Src/freertos.c.obj
                0x08002594                NRFTask
 .text.vApplicationGetIdleTaskMemory
                0x080026cc       0x18 CMakeFiles/MASTER_RR.elf.dir/Core/Src/freertos.c.obj
                0x080026cc                vApplicationGetIdleTaskMemory
 .text.MX_FREERTOS_Init
                0x080026e4      0x240 CMakeFiles/MASTER_RR.elf.dir/Core/Src/freertos.c.obj
                0x080026e4                MX_FREERTOS_Init
 .text.MX_GPIO_Init
                0x08002924      0x144 CMakeFiles/MASTER_RR.elf.dir/Core/Src/gpio.c.obj
                0x08002924                MX_GPIO_Init
 .text.Laser_Loc
                0x08002a68       0x80 CMakeFiles/MASTER_RR.elf.dir/Core/Src/laser.c.obj
                0x08002a68                Laser_Loc
 .text.locater_data_rec
                0x08002ae8       0xfc CMakeFiles/MASTER_RR.elf.dir/Core/Src/locater.c.obj
                0x08002ae8                locater_data_rec
 .text.HAL_TIM_PeriodElapsedCallback
                0x08002be4       0x18 CMakeFiles/MASTER_RR.elf.dir/Core/Src/main.c.obj
                0x08002be4                HAL_TIM_PeriodElapsedCallback
 .text.Error_Handler
                0x08002bfc        0x4 CMakeFiles/MASTER_RR.elf.dir/Core/Src/main.c.obj
                0x08002bfc                Error_Handler
 .text.SystemClock_Config
                0x08002c00       0xa8 CMakeFiles/MASTER_RR.elf.dir/Core/Src/main.c.obj
                0x08002c00                SystemClock_Config
 .text.main     0x08002ca8       0x46 CMakeFiles/MASTER_RR.elf.dir/Core/Src/main.c.obj
                0x08002ca8                main
 .text.pid_param_init
                0x08002cee       0x2a CMakeFiles/MASTER_RR.elf.dir/Core/Src/pid.c.obj
                0x08002cee                pid_param_init
 .text.pid_calculate
                0x08002d18      0x138 CMakeFiles/MASTER_RR.elf.dir/Core/Src/pid.c.obj
                0x08002d18                pid_calculate
 .text.usart_printf
                0x08002e50       0x38 CMakeFiles/MASTER_RR.elf.dir/Core/Src/printf.c.obj
                0x08002e50                usart_printf
 .text.MX_SPI1_Init
                0x08002e88       0x44 CMakeFiles/MASTER_RR.elf.dir/Core/Src/spi.c.obj
                0x08002e88                MX_SPI1_Init
 .text.HAL_SPI_MspInit
                0x08002ecc       0x70 CMakeFiles/MASTER_RR.elf.dir/Core/Src/spi.c.obj
                0x08002ecc                HAL_SPI_MspInit
 .text.angleLimit
                0x08002f3c       0x54 CMakeFiles/MASTER_RR.elf.dir/Core/Src/steering_wheel.c.obj
                0x08002f3c                angleLimit
 .text.AngleOptimize
                0x08002f90       0xd0 CMakeFiles/MASTER_RR.elf.dir/Core/Src/steering_wheel.c.obj
                0x08002f90                AngleOptimize
 .text.Angle2Rad
                0x08003060       0x1c CMakeFiles/MASTER_RR.elf.dir/Core/Src/steering_wheel.c.obj
                0x08003060                Angle2Rad
 .text.Rad2Angle
                0x0800307c       0x1c CMakeFiles/MASTER_RR.elf.dir/Core/Src/steering_wheel.c.obj
                0x0800307c                Rad2Angle
 .text.Robot2Wheel_XY
                0x08003098       0xa0 CMakeFiles/MASTER_RR.elf.dir/Core/Src/steering_wheel.c.obj
                0x08003098                Robot2Wheel_XY
 .text.SendWheelData
                0x08003138       0x84 CMakeFiles/MASTER_RR.elf.dir/Core/Src/steering_wheel.c.obj
                0x08003138                SendWheelData
 .text.SetRobotVel_XY
                0x080031bc      0x110 CMakeFiles/MASTER_RR.elf.dir/Core/Src/steering_wheel.c.obj
                0x080031bc                SetRobotVel_XY
 .text.HAL_MspInit
                0x080032cc       0x44 CMakeFiles/MASTER_RR.elf.dir/Core/Src/stm32f4xx_hal_msp.c.obj
                0x080032cc                HAL_MspInit
 .text.HAL_InitTick
                0x08003310       0xa4 CMakeFiles/MASTER_RR.elf.dir/Core/Src/stm32f4xx_hal_timebase_tim.c.obj
                0x08003310                HAL_InitTick
 .text.NMI_Handler
                0x080033b4        0x2 CMakeFiles/MASTER_RR.elf.dir/Core/Src/stm32f4xx_it.c.obj
                0x080033b4                NMI_Handler
 .text.HardFault_Handler
                0x080033b6        0x2 CMakeFiles/MASTER_RR.elf.dir/Core/Src/stm32f4xx_it.c.obj
                0x080033b6                HardFault_Handler
 .text.MemManage_Handler
                0x080033b8        0x2 CMakeFiles/MASTER_RR.elf.dir/Core/Src/stm32f4xx_it.c.obj
                0x080033b8                MemManage_Handler
 .text.BusFault_Handler
                0x080033ba        0x2 CMakeFiles/MASTER_RR.elf.dir/Core/Src/stm32f4xx_it.c.obj
                0x080033ba                BusFault_Handler
 .text.UsageFault_Handler
                0x080033bc        0x2 CMakeFiles/MASTER_RR.elf.dir/Core/Src/stm32f4xx_it.c.obj
                0x080033bc                UsageFault_Handler
 .text.DebugMon_Handler
                0x080033be        0x2 CMakeFiles/MASTER_RR.elf.dir/Core/Src/stm32f4xx_it.c.obj
                0x080033be                DebugMon_Handler
 .text.DMA1_Stream1_IRQHandler
                0x080033c0       0x10 CMakeFiles/MASTER_RR.elf.dir/Core/Src/stm32f4xx_it.c.obj
                0x080033c0                DMA1_Stream1_IRQHandler
 .text.DMA1_Stream3_IRQHandler
                0x080033d0       0x10 CMakeFiles/MASTER_RR.elf.dir/Core/Src/stm32f4xx_it.c.obj
                0x080033d0                DMA1_Stream3_IRQHandler
 .text.DMA1_Stream5_IRQHandler
                0x080033e0       0x10 CMakeFiles/MASTER_RR.elf.dir/Core/Src/stm32f4xx_it.c.obj
                0x080033e0                DMA1_Stream5_IRQHandler
 .text.DMA1_Stream6_IRQHandler
                0x080033f0       0x10 CMakeFiles/MASTER_RR.elf.dir/Core/Src/stm32f4xx_it.c.obj
                0x080033f0                DMA1_Stream6_IRQHandler
 .text.CAN1_RX0_IRQHandler
                0x08003400       0x10 CMakeFiles/MASTER_RR.elf.dir/Core/Src/stm32f4xx_it.c.obj
                0x08003400                CAN1_RX0_IRQHandler
 .text.USART1_IRQHandler
                0x08003410       0x10 CMakeFiles/MASTER_RR.elf.dir/Core/Src/stm32f4xx_it.c.obj
                0x08003410                USART1_IRQHandler
 .text.USART2_IRQHandler
                0x08003420       0x7c CMakeFiles/MASTER_RR.elf.dir/Core/Src/stm32f4xx_it.c.obj
                0x08003420                USART2_IRQHandler
 .text.USART3_IRQHandler
                0x0800349c       0x54 CMakeFiles/MASTER_RR.elf.dir/Core/Src/stm32f4xx_it.c.obj
                0x0800349c                USART3_IRQHandler
 .text.TIM7_IRQHandler
                0x080034f0       0x10 CMakeFiles/MASTER_RR.elf.dir/Core/Src/stm32f4xx_it.c.obj
                0x080034f0                TIM7_IRQHandler
 .text.DMA2_Stream1_IRQHandler
                0x08003500       0x10 CMakeFiles/MASTER_RR.elf.dir/Core/Src/stm32f4xx_it.c.obj
                0x08003500                DMA2_Stream1_IRQHandler
 .text.CAN2_RX0_IRQHandler
                0x08003510       0x10 CMakeFiles/MASTER_RR.elf.dir/Core/Src/stm32f4xx_it.c.obj
                0x08003510                CAN2_RX0_IRQHandler
 .text.DMA2_Stream6_IRQHandler
                0x08003520       0x10 CMakeFiles/MASTER_RR.elf.dir/Core/Src/stm32f4xx_it.c.obj
                0x08003520                DMA2_Stream6_IRQHandler
 .text.DMA2_Stream7_IRQHandler
                0x08003530       0x10 CMakeFiles/MASTER_RR.elf.dir/Core/Src/stm32f4xx_it.c.obj
                0x08003530                DMA2_Stream7_IRQHandler
 .text.USART6_IRQHandler
                0x08003540       0xd8 CMakeFiles/MASTER_RR.elf.dir/Core/Src/stm32f4xx_it.c.obj
                0x08003540                USART6_IRQHandler
 .text._getpid  0x08003618        0x4 CMakeFiles/MASTER_RR.elf.dir/Core/Src/syscalls.c.obj
                0x08003618                _getpid
 .text._kill    0x0800361c       0x10 CMakeFiles/MASTER_RR.elf.dir/Core/Src/syscalls.c.obj
                0x0800361c                _kill
 .text._exit    0x0800362c        0xc CMakeFiles/MASTER_RR.elf.dir/Core/Src/syscalls.c.obj
                0x0800362c                _exit
 .text._read    0x08003638       0x20 CMakeFiles/MASTER_RR.elf.dir/Core/Src/syscalls.c.obj
                0x08003638                _read
 .text._write   0x08003658       0x1c CMakeFiles/MASTER_RR.elf.dir/Core/Src/syscalls.c.obj
                0x08003658                _write
 .text._close   0x08003674        0x6 CMakeFiles/MASTER_RR.elf.dir/Core/Src/syscalls.c.obj
                0x08003674                _close
 .text._fstat   0x0800367a        0xa CMakeFiles/MASTER_RR.elf.dir/Core/Src/syscalls.c.obj
                0x0800367a                _fstat
 .text._isatty  0x08003684        0x4 CMakeFiles/MASTER_RR.elf.dir/Core/Src/syscalls.c.obj
                0x08003684                _isatty
 .text._lseek   0x08003688        0x4 CMakeFiles/MASTER_RR.elf.dir/Core/Src/syscalls.c.obj
                0x08003688                _lseek
 .text._sbrk    0x0800368c       0x48 CMakeFiles/MASTER_RR.elf.dir/Core/Src/sysmem.c.obj
                0x0800368c                _sbrk
 .text.SystemInit
                0x080036d4       0x14 CMakeFiles/MASTER_RR.elf.dir/Core/Src/system_stm32f4xx.c.obj
                0x080036d4                SystemInit
 .text.HAL_TIM_Base_MspInit
                0x080036e8       0x50 CMakeFiles/MASTER_RR.elf.dir/Core/Src/tim.c.obj
                0x080036e8                HAL_TIM_Base_MspInit
 .text.HAL_TIM_MspPostInit
                0x08003738       0x88 CMakeFiles/MASTER_RR.elf.dir/Core/Src/tim.c.obj
                0x08003738                HAL_TIM_MspPostInit
 .text.MX_TIM2_Init
                0x080037c0       0xac CMakeFiles/MASTER_RR.elf.dir/Core/Src/tim.c.obj
                0x080037c0                MX_TIM2_Init
 .text.MX_TIM5_Init
                0x0800386c       0xb4 CMakeFiles/MASTER_RR.elf.dir/Core/Src/tim.c.obj
                0x0800386c                MX_TIM5_Init
 .text.MX_USART1_UART_Init
                0x08003920       0x34 CMakeFiles/MASTER_RR.elf.dir/Core/Src/usart.c.obj
                0x08003920                MX_USART1_UART_Init
 .text.MX_USART2_UART_Init
                0x08003954       0x4c CMakeFiles/MASTER_RR.elf.dir/Core/Src/usart.c.obj
                0x08003954                MX_USART2_UART_Init
 .text.MX_USART3_UART_Init
                0x080039a0       0x50 CMakeFiles/MASTER_RR.elf.dir/Core/Src/usart.c.obj
                0x080039a0                MX_USART3_UART_Init
 .text.MX_USART6_UART_Init
                0x080039f0       0x50 CMakeFiles/MASTER_RR.elf.dir/Core/Src/usart.c.obj
                0x080039f0                MX_USART6_UART_Init
 .text.HAL_UART_MspInit
                0x08003a40      0x35c CMakeFiles/MASTER_RR.elf.dir/Core/Src/usart.c.obj
                0x08003a40                HAL_UART_MspInit
 .text.Reset_Handler
                0x08003d9c       0x50 CMakeFiles/MASTER_RR.elf.dir/Core/Startup/startup_stm32f407zgtx.s.obj
                0x08003d9c                Reset_Handler
 .text.Default_Handler
                0x08003dec        0x2 CMakeFiles/MASTER_RR.elf.dir/Core/Startup/startup_stm32f407zgtx.s.obj
                0x08003dec                RTC_Alarm_IRQHandler
                0x08003dec                HASH_RNG_IRQHandler
                0x08003dec                EXTI2_IRQHandler
                0x08003dec                TIM8_CC_IRQHandler
                0x08003dec                TIM1_CC_IRQHandler
                0x08003dec                DMA2_Stream5_IRQHandler
                0x08003dec                PVD_IRQHandler
                0x08003dec                SDIO_IRQHandler
                0x08003dec                TAMP_STAMP_IRQHandler
                0x08003dec                CAN2_RX1_IRQHandler
                0x08003dec                EXTI3_IRQHandler
                0x08003dec                TIM8_TRG_COM_TIM14_IRQHandler
                0x08003dec                TIM1_UP_TIM10_IRQHandler
                0x08003dec                TIM8_UP_TIM13_IRQHandler
                0x08003dec                I2C3_ER_IRQHandler
                0x08003dec                EXTI0_IRQHandler
                0x08003dec                I2C2_EV_IRQHandler
                0x08003dec                DMA1_Stream2_IRQHandler
                0x08003dec                FPU_IRQHandler
                0x08003dec                OTG_HS_WKUP_IRQHandler
                0x08003dec                CAN2_SCE_IRQHandler
                0x08003dec                DMA2_Stream2_IRQHandler
                0x08003dec                SPI1_IRQHandler
                0x08003dec                TIM6_DAC_IRQHandler
                0x08003dec                TIM1_BRK_TIM9_IRQHandler
                0x08003dec                DCMI_IRQHandler
                0x08003dec                DMA2_Stream3_IRQHandler
                0x08003dec                CAN1_RX1_IRQHandler
                0x08003dec                UART5_IRQHandler
                0x08003dec                DMA2_Stream0_IRQHandler
                0x08003dec                TIM4_IRQHandler
                0x08003dec                I2C1_EV_IRQHandler
                0x08003dec                UART4_IRQHandler
                0x08003dec                TIM3_IRQHandler
                0x08003dec                RCC_IRQHandler
                0x08003dec                TIM8_BRK_TIM12_IRQHandler
                0x08003dec                Default_Handler
                0x08003dec                EXTI15_10_IRQHandler
                0x08003dec                ADC_IRQHandler
                0x08003dec                DMA1_Stream7_IRQHandler
                0x08003dec                CAN2_TX_IRQHandler
                0x08003dec                TIM5_IRQHandler
                0x08003dec                I2C3_EV_IRQHandler
                0x08003dec                EXTI9_5_IRQHandler
                0x08003dec                RTC_WKUP_IRQHandler
                0x08003dec                ETH_WKUP_IRQHandler
                0x08003dec                SPI2_IRQHandler
                0x08003dec                OTG_HS_EP1_IN_IRQHandler
                0x08003dec                DMA1_Stream0_IRQHandler
                0x08003dec                CAN1_TX_IRQHandler
                0x08003dec                EXTI4_IRQHandler
                0x08003dec                FSMC_IRQHandler
                0x08003dec                ETH_IRQHandler
                0x08003dec                OTG_HS_EP1_OUT_IRQHandler
                0x08003dec                WWDG_IRQHandler
                0x08003dec                TIM2_IRQHandler
                0x08003dec                OTG_FS_WKUP_IRQHandler
                0x08003dec                TIM1_TRG_COM_TIM11_IRQHandler
                0x08003dec                OTG_HS_IRQHandler
                0x08003dec                EXTI1_IRQHandler
                0x08003dec                I2C2_ER_IRQHandler
                0x08003dec                CAN1_SCE_IRQHandler
                0x08003dec                FLASH_IRQHandler
                0x08003dec                DMA2_Stream4_IRQHandler
                0x08003dec                OTG_FS_IRQHandler
                0x08003dec                SPI3_IRQHandler
                0x08003dec                DMA1_Stream4_IRQHandler
                0x08003dec                I2C1_ER_IRQHandler
 *fill*         0x08003dee        0x2 
 .text.HAL_Init
                0x08003df0       0x34 CMakeFiles/MASTER_RR.elf.dir/Drivers/STM32F4xx_HAL_Driver/Src/stm32f4xx_hal.c.obj
                0x08003df0                HAL_Init
 .text.HAL_IncTick
                0x08003e24       0x18 CMakeFiles/MASTER_RR.elf.dir/Drivers/STM32F4xx_HAL_Driver/Src/stm32f4xx_hal.c.obj
                0x08003e24                HAL_IncTick
 .text.HAL_GetTick
                0x08003e3c        0xc CMakeFiles/MASTER_RR.elf.dir/Drivers/STM32F4xx_HAL_Driver/Src/stm32f4xx_hal.c.obj
                0x08003e3c                HAL_GetTick
 .text.HAL_Delay
                0x08003e48       0x28 CMakeFiles/MASTER_RR.elf.dir/Drivers/STM32F4xx_HAL_Driver/Src/stm32f4xx_hal.c.obj
                0x08003e48                HAL_Delay
 .text.HAL_CAN_Init
                0x08003e70      0x14c CMakeFiles/MASTER_RR.elf.dir/Drivers/STM32F4xx_HAL_Driver/Src/stm32f4xx_hal_can.c.obj
                0x08003e70                HAL_CAN_Init
 .text.HAL_CAN_ConfigFilter
                0x08003fbc      0x138 CMakeFiles/MASTER_RR.elf.dir/Drivers/STM32F4xx_HAL_Driver/Src/stm32f4xx_hal_can.c.obj
                0x08003fbc                HAL_CAN_ConfigFilter
 .text.HAL_CAN_Start
                0x080040f4       0x5c CMakeFiles/MASTER_RR.elf.dir/Drivers/STM32F4xx_HAL_Driver/Src/stm32f4xx_hal_can.c.obj
                0x080040f4                HAL_CAN_Start
 .text.HAL_CAN_AddTxMessage
                0x08004150       0xfc CMakeFiles/MASTER_RR.elf.dir/Drivers/STM32F4xx_HAL_Driver/Src/stm32f4xx_hal_can.c.obj
                0x08004150                HAL_CAN_AddTxMessage
 .text.HAL_CAN_GetTxMailboxesFreeLevel
                0x0800424c       0x32 CMakeFiles/MASTER_RR.elf.dir/Drivers/STM32F4xx_HAL_Driver/Src/stm32f4xx_hal_can.c.obj
                0x0800424c                HAL_CAN_GetTxMailboxesFreeLevel
 .text.HAL_CAN_GetRxMessage
                0x0800427e      0x14a CMakeFiles/MASTER_RR.elf.dir/Drivers/STM32F4xx_HAL_Driver/Src/stm32f4xx_hal_can.c.obj
                0x0800427e                HAL_CAN_GetRxMessage
 .text.HAL_CAN_ActivateNotification
                0x080043c8       0x24 CMakeFiles/MASTER_RR.elf.dir/Drivers/STM32F4xx_HAL_Driver/Src/stm32f4xx_hal_can.c.obj
                0x080043c8                HAL_CAN_ActivateNotification
 .text.HAL_CAN_TxMailbox0CompleteCallback
                0x080043ec        0x2 CMakeFiles/MASTER_RR.elf.dir/Drivers/STM32F4xx_HAL_Driver/Src/stm32f4xx_hal_can.c.obj
                0x080043ec                HAL_CAN_TxMailbox0CompleteCallback
 .text.HAL_CAN_TxMailbox1CompleteCallback
                0x080043ee        0x2 CMakeFiles/MASTER_RR.elf.dir/Drivers/STM32F4xx_HAL_Driver/Src/stm32f4xx_hal_can.c.obj
                0x080043ee                HAL_CAN_TxMailbox1CompleteCallback
 .text.HAL_CAN_TxMailbox2CompleteCallback
                0x080043f0        0x2 CMakeFiles/MASTER_RR.elf.dir/Drivers/STM32F4xx_HAL_Driver/Src/stm32f4xx_hal_can.c.obj
                0x080043f0                HAL_CAN_TxMailbox2CompleteCallback
 .text.HAL_CAN_TxMailbox0AbortCallback
                0x080043f2        0x2 CMakeFiles/MASTER_RR.elf.dir/Drivers/STM32F4xx_HAL_Driver/Src/stm32f4xx_hal_can.c.obj
                0x080043f2                HAL_CAN_TxMailbox0AbortCallback
 .text.HAL_CAN_TxMailbox1AbortCallback
                0x080043f4        0x2 CMakeFiles/MASTER_RR.elf.dir/Drivers/STM32F4xx_HAL_Driver/Src/stm32f4xx_hal_can.c.obj
                0x080043f4                HAL_CAN_TxMailbox1AbortCallback
 .text.HAL_CAN_TxMailbox2AbortCallback
                0x080043f6        0x2 CMakeFiles/MASTER_RR.elf.dir/Drivers/STM32F4xx_HAL_Driver/Src/stm32f4xx_hal_can.c.obj
                0x080043f6                HAL_CAN_TxMailbox2AbortCallback
 .text.HAL_CAN_RxFifo0FullCallback
                0x080043f8        0x2 CMakeFiles/MASTER_RR.elf.dir/Drivers/STM32F4xx_HAL_Driver/Src/stm32f4xx_hal_can.c.obj
                0x080043f8                HAL_CAN_RxFifo0FullCallback
 .text.HAL_CAN_RxFifo1MsgPendingCallback
                0x080043fa        0x2 CMakeFiles/MASTER_RR.elf.dir/Drivers/STM32F4xx_HAL_Driver/Src/stm32f4xx_hal_can.c.obj
                0x080043fa                HAL_CAN_RxFifo1MsgPendingCallback
 .text.HAL_CAN_RxFifo1FullCallback
                0x080043fc        0x2 CMakeFiles/MASTER_RR.elf.dir/Drivers/STM32F4xx_HAL_Driver/Src/stm32f4xx_hal_can.c.obj
                0x080043fc                HAL_CAN_RxFifo1FullCallback
 .text.HAL_CAN_SleepCallback
                0x080043fe        0x2 CMakeFiles/MASTER_RR.elf.dir/Drivers/STM32F4xx_HAL_Driver/Src/stm32f4xx_hal_can.c.obj
                0x080043fe                HAL_CAN_SleepCallback
 .text.HAL_CAN_WakeUpFromRxMsgCallback
                0x08004400        0x2 CMakeFiles/MASTER_RR.elf.dir/Drivers/STM32F4xx_HAL_Driver/Src/stm32f4xx_hal_can.c.obj
                0x08004400                HAL_CAN_WakeUpFromRxMsgCallback
 .text.HAL_CAN_ErrorCallback
                0x08004402        0x2 CMakeFiles/MASTER_RR.elf.dir/Drivers/STM32F4xx_HAL_Driver/Src/stm32f4xx_hal_can.c.obj
                0x08004402                HAL_CAN_ErrorCallback
 .text.HAL_CAN_IRQHandler
                0x08004404      0x24a CMakeFiles/MASTER_RR.elf.dir/Drivers/STM32F4xx_HAL_Driver/Src/stm32f4xx_hal_can.c.obj
                0x08004404                HAL_CAN_IRQHandler
 *fill*         0x0800464e        0x2 
 .text.HAL_NVIC_SetPriorityGrouping
                0x08004650       0x24 CMakeFiles/MASTER_RR.elf.dir/Drivers/STM32F4xx_HAL_Driver/Src/stm32f4xx_hal_cortex.c.obj
                0x08004650                HAL_NVIC_SetPriorityGrouping
 .text.HAL_NVIC_SetPriority
                0x08004674       0x70 CMakeFiles/MASTER_RR.elf.dir/Drivers/STM32F4xx_HAL_Driver/Src/stm32f4xx_hal_cortex.c.obj
                0x08004674                HAL_NVIC_SetPriority
 .text.HAL_NVIC_EnableIRQ
                0x080046e4       0x1c CMakeFiles/MASTER_RR.elf.dir/Drivers/STM32F4xx_HAL_Driver/Src/stm32f4xx_hal_cortex.c.obj
                0x080046e4                HAL_NVIC_EnableIRQ
 .text.DMA_SetConfig
                0x08004700       0x2c CMakeFiles/MASTER_RR.elf.dir/Drivers/STM32F4xx_HAL_Driver/Src/stm32f4xx_hal_dma.c.obj
 .text.DMA_CalcBaseAndBitshift
                0x0800472c       0x44 CMakeFiles/MASTER_RR.elf.dir/Drivers/STM32F4xx_HAL_Driver/Src/stm32f4xx_hal_dma.c.obj
 .text.DMA_CheckFifoParam
                0x08004770       0x8e CMakeFiles/MASTER_RR.elf.dir/Drivers/STM32F4xx_HAL_Driver/Src/stm32f4xx_hal_dma.c.obj
 *fill*         0x080047fe        0x2 
 .text.HAL_DMA_Init
                0x08004800       0xcc CMakeFiles/MASTER_RR.elf.dir/Drivers/STM32F4xx_HAL_Driver/Src/stm32f4xx_hal_dma.c.obj
                0x08004800                HAL_DMA_Init
 .text.HAL_DMA_Start_IT
                0x080048cc       0x6a CMakeFiles/MASTER_RR.elf.dir/Drivers/STM32F4xx_HAL_Driver/Src/stm32f4xx_hal_dma.c.obj
                0x080048cc                HAL_DMA_Start_IT
 .text.HAL_DMA_Abort
                0x08004936       0x94 CMakeFiles/MASTER_RR.elf.dir/Drivers/STM32F4xx_HAL_Driver/Src/stm32f4xx_hal_dma.c.obj
                0x08004936                HAL_DMA_Abort
 .text.HAL_DMA_Abort_IT
                0x080049ca       0x26 CMakeFiles/MASTER_RR.elf.dir/Drivers/STM32F4xx_HAL_Driver/Src/stm32f4xx_hal_dma.c.obj
                0x080049ca                HAL_DMA_Abort_IT
 .text.HAL_DMA_IRQHandler
                0x080049f0      0x1dc CMakeFiles/MASTER_RR.elf.dir/Drivers/STM32F4xx_HAL_Driver/Src/stm32f4xx_hal_dma.c.obj
                0x080049f0                HAL_DMA_IRQHandler
 .text.HAL_GPIO_Init
                0x08004bcc      0x1e4 CMakeFiles/MASTER_RR.elf.dir/Drivers/STM32F4xx_HAL_Driver/Src/stm32f4xx_hal_gpio.c.obj
                0x08004bcc                HAL_GPIO_Init
 .text.HAL_GPIO_WritePin
                0x08004db0        0xc CMakeFiles/MASTER_RR.elf.dir/Drivers/STM32F4xx_HAL_Driver/Src/stm32f4xx_hal_gpio.c.obj
                0x08004db0                HAL_GPIO_WritePin
 .text.HAL_GPIO_TogglePin
                0x08004dbc       0x12 CMakeFiles/MASTER_RR.elf.dir/Drivers/STM32F4xx_HAL_Driver/Src/stm32f4xx_hal_gpio.c.obj
                0x08004dbc                HAL_GPIO_TogglePin
 *fill*         0x08004dce        0x2 
 .text.HAL_RCC_OscConfig
                0x08004dd0      0x3f8 CMakeFiles/MASTER_RR.elf.dir/Drivers/STM32F4xx_HAL_Driver/Src/stm32f4xx_hal_rcc.c.obj
                0x08004dd0                HAL_RCC_OscConfig
 .text.HAL_RCC_GetSysClockFreq
                0x080051c8       0xd4 CMakeFiles/MASTER_RR.elf.dir/Drivers/STM32F4xx_HAL_Driver/Src/stm32f4xx_hal_rcc.c.obj
                0x080051c8                HAL_RCC_GetSysClockFreq
 .text.HAL_RCC_ClockConfig
                0x0800529c      0x160 CMakeFiles/MASTER_RR.elf.dir/Drivers/STM32F4xx_HAL_Driver/Src/stm32f4xx_hal_rcc.c.obj
                0x0800529c                HAL_RCC_ClockConfig
 .text.HAL_RCC_GetHCLKFreq
                0x080053fc        0xc CMakeFiles/MASTER_RR.elf.dir/Drivers/STM32F4xx_HAL_Driver/Src/stm32f4xx_hal_rcc.c.obj
                0x080053fc                HAL_RCC_GetHCLKFreq
 .text.HAL_RCC_GetPCLK1Freq
                0x08005408       0x20 CMakeFiles/MASTER_RR.elf.dir/Drivers/STM32F4xx_HAL_Driver/Src/stm32f4xx_hal_rcc.c.obj
                0x08005408                HAL_RCC_GetPCLK1Freq
 .text.HAL_RCC_GetPCLK2Freq
                0x08005428       0x20 CMakeFiles/MASTER_RR.elf.dir/Drivers/STM32F4xx_HAL_Driver/Src/stm32f4xx_hal_rcc.c.obj
                0x08005428                HAL_RCC_GetPCLK2Freq
 .text.HAL_RCC_GetClockConfig
                0x08005448       0x3c CMakeFiles/MASTER_RR.elf.dir/Drivers/STM32F4xx_HAL_Driver/Src/stm32f4xx_hal_rcc.c.obj
                0x08005448                HAL_RCC_GetClockConfig
 .text.SPI_WaitFlagStateUntilTimeout
                0x08005484       0xd4 CMakeFiles/MASTER_RR.elf.dir/Drivers/STM32F4xx_HAL_Driver/Src/stm32f4xx_hal_spi.c.obj
 .text.SPI_EndRxTxTransaction
                0x08005558       0x68 CMakeFiles/MASTER_RR.elf.dir/Drivers/STM32F4xx_HAL_Driver/Src/stm32f4xx_hal_spi.c.obj
 .text.HAL_SPI_Init
                0x080055c0       0xbe CMakeFiles/MASTER_RR.elf.dir/Drivers/STM32F4xx_HAL_Driver/Src/stm32f4xx_hal_spi.c.obj
                0x080055c0                HAL_SPI_Init
 .text.HAL_SPI_TransmitReceive
                0x0800567e      0x238 CMakeFiles/MASTER_RR.elf.dir/Drivers/STM32F4xx_HAL_Driver/Src/stm32f4xx_hal_spi.c.obj
                0x0800567e                HAL_SPI_TransmitReceive
 *fill*         0x080058b6        0x2 
 .text.TIM_OC1_SetConfig
                0x080058b8       0x68 CMakeFiles/MASTER_RR.elf.dir/Drivers/STM32F4xx_HAL_Driver/Src/stm32f4xx_hal_tim.c.obj
 .text.TIM_OC3_SetConfig
                0x08005920       0x70 CMakeFiles/MASTER_RR.elf.dir/Drivers/STM32F4xx_HAL_Driver/Src/stm32f4xx_hal_tim.c.obj
 .text.TIM_OC4_SetConfig
                0x08005990       0x50 CMakeFiles/MASTER_RR.elf.dir/Drivers/STM32F4xx_HAL_Driver/Src/stm32f4xx_hal_tim.c.obj
 .text.TIM_TI1_ConfigInputStage
                0x080059e0       0x26 CMakeFiles/MASTER_RR.elf.dir/Drivers/STM32F4xx_HAL_Driver/Src/stm32f4xx_hal_tim.c.obj
 .text.TIM_TI2_ConfigInputStage
                0x08005a06       0x28 CMakeFiles/MASTER_RR.elf.dir/Drivers/STM32F4xx_HAL_Driver/Src/stm32f4xx_hal_tim.c.obj
 .text.TIM_ITRx_SetConfig
                0x08005a2e       0x10 CMakeFiles/MASTER_RR.elf.dir/Drivers/STM32F4xx_HAL_Driver/Src/stm32f4xx_hal_tim.c.obj
 *fill*         0x08005a3e        0x2 
 .text.HAL_TIM_Base_Start_IT
                0x08005a40       0x88 CMakeFiles/MASTER_RR.elf.dir/Drivers/STM32F4xx_HAL_Driver/Src/stm32f4xx_hal_tim.c.obj
                0x08005a40                HAL_TIM_Base_Start_IT
 .text.HAL_TIM_PWM_MspInit
                0x08005ac8        0x2 CMakeFiles/MASTER_RR.elf.dir/Drivers/STM32F4xx_HAL_Driver/Src/stm32f4xx_hal_tim.c.obj
                0x08005ac8                HAL_TIM_PWM_MspInit
 .text.HAL_TIM_OC_DelayElapsedCallback
                0x08005aca        0x2 CMakeFiles/MASTER_RR.elf.dir/Drivers/STM32F4xx_HAL_Driver/Src/stm32f4xx_hal_tim.c.obj
                0x08005aca                HAL_TIM_OC_DelayElapsedCallback
 .text.HAL_TIM_IC_CaptureCallback
                0x08005acc        0x2 CMakeFiles/MASTER_RR.elf.dir/Drivers/STM32F4xx_HAL_Driver/Src/stm32f4xx_hal_tim.c.obj
                0x08005acc                HAL_TIM_IC_CaptureCallback
 .text.HAL_TIM_PWM_PulseFinishedCallback
                0x08005ace        0x2 CMakeFiles/MASTER_RR.elf.dir/Drivers/STM32F4xx_HAL_Driver/Src/stm32f4xx_hal_tim.c.obj
                0x08005ace                HAL_TIM_PWM_PulseFinishedCallback
 .text.HAL_TIM_TriggerCallback
                0x08005ad0        0x2 CMakeFiles/MASTER_RR.elf.dir/Drivers/STM32F4xx_HAL_Driver/Src/stm32f4xx_hal_tim.c.obj
                0x08005ad0                HAL_TIM_TriggerCallback
 .text.HAL_TIM_IRQHandler
                0x08005ad2      0x17a CMakeFiles/MASTER_RR.elf.dir/Drivers/STM32F4xx_HAL_Driver/Src/stm32f4xx_hal_tim.c.obj
                0x08005ad2                HAL_TIM_IRQHandler
 .text.TIM_Base_SetConfig
                0x08005c4c       0xc8 CMakeFiles/MASTER_RR.elf.dir/Drivers/STM32F4xx_HAL_Driver/Src/stm32f4xx_hal_tim.c.obj
                0x08005c4c                TIM_Base_SetConfig
 .text.HAL_TIM_Base_Init
                0x08005d14       0x58 CMakeFiles/MASTER_RR.elf.dir/Drivers/STM32F4xx_HAL_Driver/Src/stm32f4xx_hal_tim.c.obj
                0x08005d14                HAL_TIM_Base_Init
 .text.HAL_TIM_PWM_Init
                0x08005d6c       0x58 CMakeFiles/MASTER_RR.elf.dir/Drivers/STM32F4xx_HAL_Driver/Src/stm32f4xx_hal_tim.c.obj
                0x08005d6c                HAL_TIM_PWM_Init
 .text.TIM_OC2_SetConfig
                0x08005dc4       0x70 CMakeFiles/MASTER_RR.elf.dir/Drivers/STM32F4xx_HAL_Driver/Src/stm32f4xx_hal_tim.c.obj
                0x08005dc4                TIM_OC2_SetConfig
 .text.HAL_TIM_PWM_ConfigChannel
                0x08005e34       0xdc CMakeFiles/MASTER_RR.elf.dir/Drivers/STM32F4xx_HAL_Driver/Src/stm32f4xx_hal_tim.c.obj
                0x08005e34                HAL_TIM_PWM_ConfigChannel
 .text.TIM_ETR_SetConfig
                0x08005f10       0x1a CMakeFiles/MASTER_RR.elf.dir/Drivers/STM32F4xx_HAL_Driver/Src/stm32f4xx_hal_tim.c.obj
                0x08005f10                TIM_ETR_SetConfig
 .text.HAL_TIM_ConfigClockSource
                0x08005f2a       0xfe CMakeFiles/MASTER_RR.elf.dir/Drivers/STM32F4xx_HAL_Driver/Src/stm32f4xx_hal_tim.c.obj
                0x08005f2a                HAL_TIM_ConfigClockSource
 .text.HAL_TIMEx_MasterConfigSynchronization
                0x08006028       0x8c CMakeFiles/MASTER_RR.elf.dir/Drivers/STM32F4xx_HAL_Driver/Src/stm32f4xx_hal_tim_ex.c.obj
                0x08006028                HAL_TIMEx_MasterConfigSynchronization
 .text.HAL_TIMEx_CommutCallback
                0x080060b4        0x2 CMakeFiles/MASTER_RR.elf.dir/Drivers/STM32F4xx_HAL_Driver/Src/stm32f4xx_hal_tim_ex.c.obj
                0x080060b4                HAL_TIMEx_CommutCallback
 .text.HAL_TIMEx_BreakCallback
                0x080060b6        0x2 CMakeFiles/MASTER_RR.elf.dir/Drivers/STM32F4xx_HAL_Driver/Src/stm32f4xx_hal_tim_ex.c.obj
                0x080060b6                HAL_TIMEx_BreakCallback
 .text.UART_EndTxTransfer
                0x080060b8       0x20 CMakeFiles/MASTER_RR.elf.dir/Drivers/STM32F4xx_HAL_Driver/Src/stm32f4xx_hal_uart.c.obj
 .text.UART_EndRxTransfer
                0x080060d8       0x5c CMakeFiles/MASTER_RR.elf.dir/Drivers/STM32F4xx_HAL_Driver/Src/stm32f4xx_hal_uart.c.obj
 .text.UART_Transmit_IT
                0x08006134       0x60 CMakeFiles/MASTER_RR.elf.dir/Drivers/STM32F4xx_HAL_Driver/Src/stm32f4xx_hal_uart.c.obj
 .text.UART_SetConfig
                0x08006194      0x110 CMakeFiles/MASTER_RR.elf.dir/Drivers/STM32F4xx_HAL_Driver/Src/stm32f4xx_hal_uart.c.obj
 .text.HAL_UART_Init
                0x080062a4       0x5e CMakeFiles/MASTER_RR.elf.dir/Drivers/STM32F4xx_HAL_Driver/Src/stm32f4xx_hal_uart.c.obj
                0x080062a4                HAL_UART_Init
 *fill*         0x08006302        0x2 
 .text.HAL_UART_Transmit_DMA
                0x08006304       0x9c CMakeFiles/MASTER_RR.elf.dir/Drivers/STM32F4xx_HAL_Driver/Src/stm32f4xx_hal_uart.c.obj
                0x08006304                HAL_UART_Transmit_DMA
 .text.HAL_UART_DMAStop
                0x080063a0       0x84 CMakeFiles/MASTER_RR.elf.dir/Drivers/STM32F4xx_HAL_Driver/Src/stm32f4xx_hal_uart.c.obj
                0x080063a0                HAL_UART_DMAStop
 .text.HAL_UART_TxCpltCallback
                0x08006424        0x2 CMakeFiles/MASTER_RR.elf.dir/Drivers/STM32F4xx_HAL_Driver/Src/stm32f4xx_hal_uart.c.obj
                0x08006424                HAL_UART_TxCpltCallback
 .text.UART_DMATransmitCplt
                0x08006426       0x4c CMakeFiles/MASTER_RR.elf.dir/Drivers/STM32F4xx_HAL_Driver/Src/stm32f4xx_hal_uart.c.obj
 .text.UART_EndTransmit_IT
                0x08006472       0x1a CMakeFiles/MASTER_RR.elf.dir/Drivers/STM32F4xx_HAL_Driver/Src/stm32f4xx_hal_uart.c.obj
 .text.HAL_UART_TxHalfCpltCallback
                0x0800648c        0x2 CMakeFiles/MASTER_RR.elf.dir/Drivers/STM32F4xx_HAL_Driver/Src/stm32f4xx_hal_uart.c.obj
                0x0800648c                HAL_UART_TxHalfCpltCallback
 .text.UART_DMATxHalfCplt
                0x0800648e        0xa CMakeFiles/MASTER_RR.elf.dir/Drivers/STM32F4xx_HAL_Driver/Src/stm32f4xx_hal_uart.c.obj
 .text.HAL_UART_RxHalfCpltCallback
                0x08006498        0x2 CMakeFiles/MASTER_RR.elf.dir/Drivers/STM32F4xx_HAL_Driver/Src/stm32f4xx_hal_uart.c.obj
                0x08006498                HAL_UART_RxHalfCpltCallback
 .text.HAL_UART_ErrorCallback
                0x0800649a        0x2 CMakeFiles/MASTER_RR.elf.dir/Drivers/STM32F4xx_HAL_Driver/Src/stm32f4xx_hal_uart.c.obj
                0x0800649a                HAL_UART_ErrorCallback
 .text.UART_DMAError
                0x0800649c       0x58 CMakeFiles/MASTER_RR.elf.dir/Drivers/STM32F4xx_HAL_Driver/Src/stm32f4xx_hal_uart.c.obj
 .text.UART_DMAAbortOnError
                0x080064f4       0x10 CMakeFiles/MASTER_RR.elf.dir/Drivers/STM32F4xx_HAL_Driver/Src/stm32f4xx_hal_uart.c.obj
 .text.HAL_UARTEx_RxEventCallback
                0x08006504        0x2 CMakeFiles/MASTER_RR.elf.dir/Drivers/STM32F4xx_HAL_Driver/Src/stm32f4xx_hal_uart.c.obj
                0x08006504                HAL_UARTEx_RxEventCallback
 .text.UART_Receive_IT
                0x08006506       0xe2 CMakeFiles/MASTER_RR.elf.dir/Drivers/STM32F4xx_HAL_Driver/Src/stm32f4xx_hal_uart.c.obj
 .text.HAL_UART_IRQHandler
                0x080065e8      0x280 CMakeFiles/MASTER_RR.elf.dir/Drivers/STM32F4xx_HAL_Driver/Src/stm32f4xx_hal_uart.c.obj
                0x080065e8                HAL_UART_IRQHandler
 .text.UART_DMARxHalfCplt
                0x08006868       0x1a CMakeFiles/MASTER_RR.elf.dir/Drivers/STM32F4xx_HAL_Driver/Src/stm32f4xx_hal_uart.c.obj
 .text.UART_DMAReceiveCplt
                0x08006882       0x96 CMakeFiles/MASTER_RR.elf.dir/Drivers/STM32F4xx_HAL_Driver/Src/stm32f4xx_hal_uart.c.obj
 .text.UART_Start_Receive_DMA
                0x08006918       0xa8 CMakeFiles/MASTER_RR.elf.dir/Drivers/STM32F4xx_HAL_Driver/Src/stm32f4xx_hal_uart.c.obj
                0x08006918                UART_Start_Receive_DMA
 .text.HAL_UART_Receive_DMA
                0x080069c0       0x38 CMakeFiles/MASTER_RR.elf.dir/Drivers/STM32F4xx_HAL_Driver/Src/stm32f4xx_hal_uart.c.obj
                0x080069c0                HAL_UART_Receive_DMA
 .text.makeFreeRtosPriority
                0x080069f8        0xc CMakeFiles/MASTER_RR.elf.dir/Middlewares/Third_Party/FreeRTOS/Source/CMSIS_RTOS/cmsis_os.c.obj
 .text.osKernelStart
                0x08006a04        0xa CMakeFiles/MASTER_RR.elf.dir/Middlewares/Third_Party/FreeRTOS/Source/CMSIS_RTOS/cmsis_os.c.obj
                0x08006a04                osKernelStart
 .text.osThreadCreate
                0x08006a0e       0x6a CMakeFiles/MASTER_RR.elf.dir/Middlewares/Third_Party/FreeRTOS/Source/CMSIS_RTOS/cmsis_os.c.obj
                0x08006a0e                osThreadCreate
 .text.osDelay  0x08006a78        0xe CMakeFiles/MASTER_RR.elf.dir/Middlewares/Third_Party/FreeRTOS/Source/CMSIS_RTOS/cmsis_os.c.obj
                0x08006a78                osDelay
 .text.osMessageCreate
                0x08006a86       0x2a CMakeFiles/MASTER_RR.elf.dir/Middlewares/Third_Party/FreeRTOS/Source/CMSIS_RTOS/cmsis_os.c.obj
                0x08006a86                osMessageCreate
 .text.vListInitialise
                0x08006ab0       0x16 CMakeFiles/MASTER_RR.elf.dir/Middlewares/Third_Party/FreeRTOS/Source/list.c.obj
                0x08006ab0                vListInitialise
 .text.vListInitialiseItem
                0x08006ac6        0x6 CMakeFiles/MASTER_RR.elf.dir/Middlewares/Third_Party/FreeRTOS/Source/list.c.obj
                0x08006ac6                vListInitialiseItem
 .text.vListInsertEnd
                0x08006acc       0x16 CMakeFiles/MASTER_RR.elf.dir/Middlewares/Third_Party/FreeRTOS/Source/list.c.obj
                0x08006acc                vListInsertEnd
 .text.vListInsert
                0x08006ae2       0x32 CMakeFiles/MASTER_RR.elf.dir/Middlewares/Third_Party/FreeRTOS/Source/list.c.obj
                0x08006ae2                vListInsert
 .text.uxListRemove
                0x08006b14       0x26 CMakeFiles/MASTER_RR.elf.dir/Middlewares/Third_Party/FreeRTOS/Source/list.c.obj
                0x08006b14                uxListRemove
 *fill*         0x08006b3a        0x2 
 .text.prvTaskExitError
                0x08006b3c       0x40 CMakeFiles/MASTER_RR.elf.dir/Middlewares/Third_Party/FreeRTOS/Source/portable/GCC/ARM_CM4F/port.c.obj
 .text.prvPortStartFirstTask
                0x08006b7c       0x28 CMakeFiles/MASTER_RR.elf.dir/Middlewares/Third_Party/FreeRTOS/Source/portable/GCC/ARM_CM4F/port.c.obj
 .text.vPortEnableVFP
                0x08006ba4       0x14 CMakeFiles/MASTER_RR.elf.dir/Middlewares/Third_Party/FreeRTOS/Source/portable/GCC/ARM_CM4F/port.c.obj
 .text.pxPortInitialiseStack
                0x08006bb8       0x2c CMakeFiles/MASTER_RR.elf.dir/Middlewares/Third_Party/FreeRTOS/Source/portable/GCC/ARM_CM4F/port.c.obj
                0x08006bb8                pxPortInitialiseStack
 *fill*         0x08006be4        0xc 
 .text.SVC_Handler
                0x08006bf0       0x24 CMakeFiles/MASTER_RR.elf.dir/Middlewares/Third_Party/FreeRTOS/Source/portable/GCC/ARM_CM4F/port.c.obj
                0x08006bf0                SVC_Handler
 .text.vPortEnterCritical
                0x08006c14       0x44 CMakeFiles/MASTER_RR.elf.dir/Middlewares/Third_Party/FreeRTOS/Source/portable/GCC/ARM_CM4F/port.c.obj
                0x08006c14                vPortEnterCritical
 .text.vPortExitCritical
                0x08006c58       0x2c CMakeFiles/MASTER_RR.elf.dir/Middlewares/Third_Party/FreeRTOS/Source/portable/GCC/ARM_CM4F/port.c.obj
                0x08006c58                vPortExitCritical
 *fill*         0x08006c84        0xc 
 .text.PendSV_Handler
                0x08006c90       0x64 CMakeFiles/MASTER_RR.elf.dir/Middlewares/Third_Party/FreeRTOS/Source/portable/GCC/ARM_CM4F/port.c.obj
                0x08006c90                PendSV_Handler
 .text.SysTick_Handler
                0x08006cf4       0x2c CMakeFiles/MASTER_RR.elf.dir/Middlewares/Third_Party/FreeRTOS/Source/portable/GCC/ARM_CM4F/port.c.obj
                0x08006cf4                SysTick_Handler
 .text.vPortSetupTimerInterrupt
                0x08006d20       0x28 CMakeFiles/MASTER_RR.elf.dir/Middlewares/Third_Party/FreeRTOS/Source/portable/GCC/ARM_CM4F/port.c.obj
                0x08006d20                vPortSetupTimerInterrupt
 .text.xPortStartScheduler
                0x08006d48      0x118 CMakeFiles/MASTER_RR.elf.dir/Middlewares/Third_Party/FreeRTOS/Source/portable/GCC/ARM_CM4F/port.c.obj
                0x08006d48                xPortStartScheduler
 .text.vPortValidateInterruptPriority
                0x08006e60       0x5c CMakeFiles/MASTER_RR.elf.dir/Middlewares/Third_Party/FreeRTOS/Source/portable/GCC/ARM_CM4F/port.c.obj
                0x08006e60                vPortValidateInterruptPriority
 .text.prvHeapInit
                0x08006ebc       0x68 CMakeFiles/MASTER_RR.elf.dir/Middlewares/Third_Party/FreeRTOS/Source/portable/MemMang/heap_4.c.obj
 .text.prvInsertBlockIntoFreeList
                0x08006f24       0x64 CMakeFiles/MASTER_RR.elf.dir/Middlewares/Third_Party/FreeRTOS/Source/portable/MemMang/heap_4.c.obj
 .text.pvPortMalloc
                0x08006f88       0xfc CMakeFiles/MASTER_RR.elf.dir/Middlewares/Third_Party/FreeRTOS/Source/portable/MemMang/heap_4.c.obj
                0x08006f88                pvPortMalloc
 .text.vPortFree
                0x08007084       0x7c CMakeFiles/MASTER_RR.elf.dir/Middlewares/Third_Party/FreeRTOS/Source/portable/MemMang/heap_4.c.obj
                0x08007084                vPortFree
 .text.prvCopyDataToQueue
                0x08007100       0x76 CMakeFiles/MASTER_RR.elf.dir/Middlewares/Third_Party/FreeRTOS/Source/queue.c.obj
 .text.xQueueGenericReset
                0x08007176       0x84 CMakeFiles/MASTER_RR.elf.dir/Middlewares/Third_Party/FreeRTOS/Source/queue.c.obj
                0x08007176                xQueueGenericReset
 .text.prvInitialiseNewQueue
                0x080071fa       0x1c CMakeFiles/MASTER_RR.elf.dir/Middlewares/Third_Party/FreeRTOS/Source/queue.c.obj
 .text.xQueueGenericCreateStatic
                0x08007216       0x94 CMakeFiles/MASTER_RR.elf.dir/Middlewares/Third_Party/FreeRTOS/Source/queue.c.obj
                0x08007216                xQueueGenericCreateStatic
 .text.xQueueGenericCreate
                0x080072aa       0x48 CMakeFiles/MASTER_RR.elf.dir/Middlewares/Third_Party/FreeRTOS/Source/queue.c.obj
                0x080072aa                xQueueGenericCreate
 .text.xQueueGenericSendFromISR
                0x080072f2       0xce CMakeFiles/MASTER_RR.elf.dir/Middlewares/Third_Party/FreeRTOS/Source/queue.c.obj
                0x080072f2                xQueueGenericSendFromISR
 .text.prvTaskIsTaskSuspended
                0x080073c0       0x40 CMakeFiles/MASTER_RR.elf.dir/Middlewares/Third_Party/FreeRTOS/Source/tasks.c.obj
 .text.prvResetNextTaskUnblockTime
                0x08007400       0x2c CMakeFiles/MASTER_RR.elf.dir/Middlewares/Third_Party/FreeRTOS/Source/tasks.c.obj
 .text.prvInitialiseNewTask
                0x0800742c       0xa2 CMakeFiles/MASTER_RR.elf.dir/Middlewares/Third_Party/FreeRTOS/Source/tasks.c.obj
 *fill*         0x080074ce        0x2 
 .text.prvInitialiseTaskLists
                0x080074d0       0x68 CMakeFiles/MASTER_RR.elf.dir/Middlewares/Third_Party/FreeRTOS/Source/tasks.c.obj
 .text.prvAddNewTaskToReadyList
                0x08007538       0xa8 CMakeFiles/MASTER_RR.elf.dir/Middlewares/Third_Party/FreeRTOS/Source/tasks.c.obj
 .text.prvDeleteTCB
                0x080075e0       0x38 CMakeFiles/MASTER_RR.elf.dir/Middlewares/Third_Party/FreeRTOS/Source/tasks.c.obj
 .text.prvCheckTasksWaitingTermination
                0x08007618       0x4c CMakeFiles/MASTER_RR.elf.dir/Middlewares/Third_Party/FreeRTOS/Source/tasks.c.obj
 .text.prvIdleTask
                0x08007664       0x28 CMakeFiles/MASTER_RR.elf.dir/Middlewares/Third_Party/FreeRTOS/Source/tasks.c.obj
 .text.prvAddCurrentTaskToDelayedList
                0x0800768c       0x98 CMakeFiles/MASTER_RR.elf.dir/Middlewares/Third_Party/FreeRTOS/Source/tasks.c.obj
 .text.xTaskCreateStatic
                0x08007724       0x76 CMakeFiles/MASTER_RR.elf.dir/Middlewares/Third_Party/FreeRTOS/Source/tasks.c.obj
                0x08007724                xTaskCreateStatic
 .text.xTaskCreate
                0x0800779a       0x68 CMakeFiles/MASTER_RR.elf.dir/Middlewares/Third_Party/FreeRTOS/Source/tasks.c.obj
                0x0800779a                xTaskCreate
 *fill*         0x08007802        0x2 
 .text.vTaskResume
                0x08007804       0x88 CMakeFiles/MASTER_RR.elf.dir/Middlewares/Third_Party/FreeRTOS/Source/tasks.c.obj
                0x08007804                vTaskResume
 .text.vTaskStartScheduler
                0x0800788c       0x74 CMakeFiles/MASTER_RR.elf.dir/Middlewares/Third_Party/FreeRTOS/Source/tasks.c.obj
                0x0800788c                vTaskStartScheduler
 .text.vTaskSuspendAll
                0x08007900       0x10 CMakeFiles/MASTER_RR.elf.dir/Middlewares/Third_Party/FreeRTOS/Source/tasks.c.obj
                0x08007900                vTaskSuspendAll
 .text.xTaskIncrementTick
                0x08007910      0x118 CMakeFiles/MASTER_RR.elf.dir/Middlewares/Third_Party/FreeRTOS/Source/tasks.c.obj
                0x08007910                xTaskIncrementTick
 .text.xTaskResumeAll
                0x08007a28       0xf8 CMakeFiles/MASTER_RR.elf.dir/Middlewares/Third_Party/FreeRTOS/Source/tasks.c.obj
                0x08007a28                xTaskResumeAll
 .text.vTaskDelay
                0x08007b20       0x4c CMakeFiles/MASTER_RR.elf.dir/Middlewares/Third_Party/FreeRTOS/Source/tasks.c.obj
                0x08007b20                vTaskDelay
 .text.vTaskSwitchContext
                0x08007b6c       0x98 CMakeFiles/MASTER_RR.elf.dir/Middlewares/Third_Party/FreeRTOS/Source/tasks.c.obj
                0x08007b6c                vTaskSwitchContext
 .text.vTaskSuspend
                0x08007c04       0xe8 CMakeFiles/MASTER_RR.elf.dir/Middlewares/Third_Party/FreeRTOS/Source/tasks.c.obj
                0x08007c04                vTaskSuspend
 .text.xTaskRemoveFromEventList
                0x08007cec       0x8c CMakeFiles/MASTER_RR.elf.dir/Middlewares/Third_Party/FreeRTOS/Source/tasks.c.obj
                0x08007cec                xTaskRemoveFromEventList
 .text.xTaskPriorityDisinherit
                0x08007d78       0xb4 CMakeFiles/MASTER_RR.elf.dir/Middlewares/Third_Party/FreeRTOS/Source/tasks.c.obj
                0x08007d78                xTaskPriorityDisinherit
 .text.arm_sin_f32
                0x08007e2c       0x8c C:\Users\1\Desktop\Master-car\Middlewares\ST\ARM\DSP\Lib\libarm_cortexM4lf_math.a(arm_sin_f32.o)
                0x08007e2c                arm_sin_f32
 .text.arm_cos_f32
                0x08007eb8       0x94 C:\Users\1\Desktop\Master-car\Middlewares\ST\ARM\DSP\Lib\libarm_cortexM4lf_math.a(arm_cos_f32.o)
                0x08007eb8                arm_cos_f32
 .text.__errno  0x08007f4c        0xc d:/gcc-arm-none-eabi-10.3-2021.10/bin/../lib/gcc/arm-none-eabi/10.3.1/../../../../arm-none-eabi/lib/thumb/v7e-m+fp/hard\libg.a(lib_a-errno.o)
                0x08007f4c                __errno
 .text.__libc_init_array
                0x08007f58       0x48 d:/gcc-arm-none-eabi-10.3-2021.10/bin/../lib/gcc/arm-none-eabi/10.3.1/../../../../arm-none-eabi/lib/thumb/v7e-m+fp/hard\libg.a(lib_a-init.o)
                0x08007f58                __libc_init_array
 .text.memset   0x08007fa0       0xa4 d:/gcc-arm-none-eabi-10.3-2021.10/bin/../lib/gcc/arm-none-eabi/10.3.1/../../../../arm-none-eabi/lib/thumb/v7e-m+fp/hard\libg.a(lib_a-memset.o)
                0x08007fa0                memset
 .text.vsnprintf
                0x08008044       0x70 d:/gcc-arm-none-eabi-10.3-2021.10/bin/../lib/gcc/arm-none-eabi/10.3.1/../../../../arm-none-eabi/lib/thumb/v7e-m+fp/hard\libg.a(lib_a-vsnprintf.o)
                0x08008044                vsnprintf
 .text.startup.register_fini
                0x080080b4       0x14 d:/gcc-arm-none-eabi-10.3-2021.10/bin/../lib/gcc/arm-none-eabi/10.3.1/../../../../arm-none-eabi/lib/thumb/v7e-m+fp/hard\libg.a(lib_a-__call_atexit.o)
 .text.atexit   0x080080c8        0xc d:/gcc-arm-none-eabi-10.3-2021.10/bin/../lib/gcc/arm-none-eabi/10.3.1/../../../../arm-none-eabi/lib/thumb/v7e-m+fp/hard\libg.a(lib_a-atexit.o)
                0x080080c8                atexit
 .text.__libc_fini_array
                0x080080d4       0x2c d:/gcc-arm-none-eabi-10.3-2021.10/bin/../lib/gcc/arm-none-eabi/10.3.1/../../../../arm-none-eabi/lib/thumb/v7e-m+fp/hard\libg.a(lib_a-fini.o)
                0x080080d4                __libc_fini_array
 .text.__retarget_lock_init_recursive
                0x08008100        0x4 d:/gcc-arm-none-eabi-10.3-2021.10/bin/../lib/gcc/arm-none-eabi/10.3.1/../../../../arm-none-eabi/lib/thumb/v7e-m+fp/hard\libg.a(lib_a-lock.o)
                0x08008100                __retarget_lock_init_recursive
 .text.__retarget_lock_close_recursive
                0x08008104        0x4 d:/gcc-arm-none-eabi-10.3-2021.10/bin/../lib/gcc/arm-none-eabi/10.3.1/../../../../arm-none-eabi/lib/thumb/v7e-m+fp/hard\libg.a(lib_a-lock.o)
                0x08008104                __retarget_lock_close_recursive
 .text.__retarget_lock_acquire_recursive
                0x08008108        0x4 d:/gcc-arm-none-eabi-10.3-2021.10/bin/../lib/gcc/arm-none-eabi/10.3.1/../../../../arm-none-eabi/lib/thumb/v7e-m+fp/hard\libg.a(lib_a-lock.o)
                0x08008108                __retarget_lock_acquire_recursive
 .text.__retarget_lock_release_recursive
                0x0800810c        0x4 d:/gcc-arm-none-eabi-10.3-2021.10/bin/../lib/gcc/arm-none-eabi/10.3.1/../../../../arm-none-eabi/lib/thumb/v7e-m+fp/hard\libg.a(lib_a-lock.o)
                0x0800810c                __retarget_lock_release_recursive
 .text._svfprintf_r
                0x08008110     0x1acc d:/gcc-arm-none-eabi-10.3-2021.10/bin/../lib/gcc/arm-none-eabi/10.3.1/../../../../arm-none-eabi/lib/thumb/v7e-m+fp/hard\libg.a(lib_a-svfprintf.o)
                0x08008110                _svfprintf_r
 .text.__register_exitproc
                0x08009bdc       0x8c d:/gcc-arm-none-eabi-10.3-2021.10/bin/../lib/gcc/arm-none-eabi/10.3.1/../../../../arm-none-eabi/lib/thumb/v7e-m+fp/hard\libg.a(lib_a-__atexit.o)
                0x08009bdc                __register_exitproc
 .text.quorem   0x08009c68      0x128 d:/gcc-arm-none-eabi-10.3-2021.10/bin/../lib/gcc/arm-none-eabi/10.3.1/../../../../arm-none-eabi/lib/thumb/v7e-m+fp/hard\libg.a(lib_a-dtoa.o)
 .text._dtoa_r  0x08009d90      0xf3c d:/gcc-arm-none-eabi-10.3-2021.10/bin/../lib/gcc/arm-none-eabi/10.3.1/../../../../arm-none-eabi/lib/thumb/v7e-m+fp/hard\libg.a(lib_a-dtoa.o)
                0x08009d90                _dtoa_r
 .text._malloc_trim_r
                0x0800accc       0xa0 d:/gcc-arm-none-eabi-10.3-2021.10/bin/../lib/gcc/arm-none-eabi/10.3.1/../../../../arm-none-eabi/lib/thumb/v7e-m+fp/hard\libg.a(lib_a-freer.o)
                0x0800accc                _malloc_trim_r
 .text._free_r  0x0800ad6c      0x20c d:/gcc-arm-none-eabi-10.3-2021.10/bin/../lib/gcc/arm-none-eabi/10.3.1/../../../../arm-none-eabi/lib/thumb/v7e-m+fp/hard\libg.a(lib_a-freer.o)
                0x0800ad6c                _free_r
 .text._localeconv_r
                0x0800af78        0x8 d:/gcc-arm-none-eabi-10.3-2021.10/bin/../lib/gcc/arm-none-eabi/10.3.1/../../../../arm-none-eabi/lib/thumb/v7e-m+fp/hard\libg.a(lib_a-localeconv.o)
                0x0800af78                _localeconv_r
 .text._malloc_r
                0x0800af80      0x560 d:/gcc-arm-none-eabi-10.3-2021.10/bin/../lib/gcc/arm-none-eabi/10.3.1/../../../../arm-none-eabi/lib/thumb/v7e-m+fp/hard\libg.a(lib_a-mallocr.o)
                0x0800af80                _malloc_r
 .text.__malloc_lock
                0x0800b4e0        0xc d:/gcc-arm-none-eabi-10.3-2021.10/bin/../lib/gcc/arm-none-eabi/10.3.1/../../../../arm-none-eabi/lib/thumb/v7e-m+fp/hard\libg.a(lib_a-mlock.o)
                0x0800b4e0                __malloc_lock
 .text.__malloc_unlock
                0x0800b4ec        0xc d:/gcc-arm-none-eabi-10.3-2021.10/bin/../lib/gcc/arm-none-eabi/10.3.1/../../../../arm-none-eabi/lib/thumb/v7e-m+fp/hard\libg.a(lib_a-mlock.o)
                0x0800b4ec                __malloc_unlock
 .text._Balloc  0x0800b4f8       0x4c d:/gcc-arm-none-eabi-10.3-2021.10/bin/../lib/gcc/arm-none-eabi/10.3.1/../../../../arm-none-eabi/lib/thumb/v7e-m+fp/hard\libg.a(lib_a-mprec.o)
                0x0800b4f8                _Balloc
 .text._Bfree   0x0800b544       0x14 d:/gcc-arm-none-eabi-10.3-2021.10/bin/../lib/gcc/arm-none-eabi/10.3.1/../../../../arm-none-eabi/lib/thumb/v7e-m+fp/hard\libg.a(lib_a-mprec.o)
                0x0800b544                _Bfree
 .text.__multadd
                0x0800b558       0xa8 d:/gcc-arm-none-eabi-10.3-2021.10/bin/../lib/gcc/arm-none-eabi/10.3.1/../../../../arm-none-eabi/lib/thumb/v7e-m+fp/hard\libg.a(lib_a-mprec.o)
                0x0800b558                __multadd
 .text.__hi0bits
                0x0800b600       0x40 d:/gcc-arm-none-eabi-10.3-2021.10/bin/../lib/gcc/arm-none-eabi/10.3.1/../../../../arm-none-eabi/lib/thumb/v7e-m+fp/hard\libg.a(lib_a-mprec.o)
                0x0800b600                __hi0bits
 .text.__lo0bits
                0x0800b640       0x60 d:/gcc-arm-none-eabi-10.3-2021.10/bin/../lib/gcc/arm-none-eabi/10.3.1/../../../../arm-none-eabi/lib/thumb/v7e-m+fp/hard\libg.a(lib_a-mprec.o)
                0x0800b640                __lo0bits
 .text.__i2b    0x0800b6a0       0x5c d:/gcc-arm-none-eabi-10.3-2021.10/bin/../lib/gcc/arm-none-eabi/10.3.1/../../../../arm-none-eabi/lib/thumb/v7e-m+fp/hard\libg.a(lib_a-mprec.o)
                0x0800b6a0                __i2b
 .text.__multiply
                0x0800b6fc      0x15c d:/gcc-arm-none-eabi-10.3-2021.10/bin/../lib/gcc/arm-none-eabi/10.3.1/../../../../arm-none-eabi/lib/thumb/v7e-m+fp/hard\libg.a(lib_a-mprec.o)
                0x0800b6fc                __multiply
 .text.__pow5mult
                0x0800b858       0xc0 d:/gcc-arm-none-eabi-10.3-2021.10/bin/../lib/gcc/arm-none-eabi/10.3.1/../../../../arm-none-eabi/lib/thumb/v7e-m+fp/hard\libg.a(lib_a-mprec.o)
                0x0800b858                __pow5mult
 .text.__lshift
                0x0800b918       0xf0 d:/gcc-arm-none-eabi-10.3-2021.10/bin/../lib/gcc/arm-none-eabi/10.3.1/../../../../arm-none-eabi/lib/thumb/v7e-m+fp/hard\libg.a(lib_a-mprec.o)
                0x0800b918                __lshift
 .text.__mcmp   0x0800ba08       0x44 d:/gcc-arm-none-eabi-10.3-2021.10/bin/../lib/gcc/arm-none-eabi/10.3.1/../../../../arm-none-eabi/lib/thumb/v7e-m+fp/hard\libg.a(lib_a-mprec.o)
                0x0800ba08                __mcmp
 .text.__mdiff  0x0800ba4c      0x14c d:/gcc-arm-none-eabi-10.3-2021.10/bin/../lib/gcc/arm-none-eabi/10.3.1/../../../../arm-none-eabi/lib/thumb/v7e-m+fp/hard\libg.a(lib_a-mprec.o)
                0x0800ba4c                __mdiff
 .text.__d2b    0x0800bb98       0xd0 d:/gcc-arm-none-eabi-10.3-2021.10/bin/../lib/gcc/arm-none-eabi/10.3.1/../../../../arm-none-eabi/lib/thumb/v7e-m+fp/hard\libg.a(lib_a-mprec.o)
                0x0800bb98                __d2b
 .text.frexp    0x0800bc68       0x6c d:/gcc-arm-none-eabi-10.3-2021.10/bin/../lib/gcc/arm-none-eabi/10.3.1/../../../../arm-none-eabi/lib/thumb/v7e-m+fp/hard\libg.a(lib_a-s_frexp.o)
                0x0800bc68                frexp
 .text._sbrk_r  0x0800bcd4       0x24 d:/gcc-arm-none-eabi-10.3-2021.10/bin/../lib/gcc/arm-none-eabi/10.3.1/../../../../arm-none-eabi/lib/thumb/v7e-m+fp/hard\libg.a(lib_a-sbrkr.o)
                0x0800bcd4                _sbrk_r
 .text.strncpy  0x0800bcf8       0x64 d:/gcc-arm-none-eabi-10.3-2021.10/bin/../lib/gcc/arm-none-eabi/10.3.1/../../../../arm-none-eabi/lib/thumb/v7e-m+fp/hard\libg.a(lib_a-strncpy.o)
                0x0800bcf8                strncpy
 .text.__ssprint_r
                0x0800bd5c       0xf8 d:/gcc-arm-none-eabi-10.3-2021.10/bin/../lib/gcc/arm-none-eabi/10.3.1/../../../../arm-none-eabi/lib/thumb/v7e-m+fp/hard\libg.a(lib_a-svfiprintf.o)
                0x0800bd5c                __ssprint_r
 .text.__assert_func
                0x0800be54       0x40 d:/gcc-arm-none-eabi-10.3-2021.10/bin/../lib/gcc/arm-none-eabi/10.3.1/../../../../arm-none-eabi/lib/thumb/v7e-m+fp/hard\libg.a(lib_a-assert.o)
                0x0800be54                __assert_func
 .text._calloc_r
                0x0800be94       0x78 d:/gcc-arm-none-eabi-10.3-2021.10/bin/../lib/gcc/arm-none-eabi/10.3.1/../../../../arm-none-eabi/lib/thumb/v7e-m+fp/hard\libg.a(lib_a-callocr.o)
                0x0800be94                _calloc_r
 .text.fiprintf
                0x0800bf0c       0x28 d:/gcc-arm-none-eabi-10.3-2021.10/bin/../lib/gcc/arm-none-eabi/10.3.1/../../../../arm-none-eabi/lib/thumb/v7e-m+fp/hard\libg.a(lib_a-fiprintf.o)
                0x0800bf0c                fiprintf
 .text.__locale_mb_cur_max
                0x0800bf34        0xc d:/gcc-arm-none-eabi-10.3-2021.10/bin/../lib/gcc/arm-none-eabi/10.3.1/../../../../arm-none-eabi/lib/thumb/v7e-m+fp/hard\libg.a(lib_a-locale.o)
                0x0800bf34                __locale_mb_cur_max
 .text.__ascii_mbtowc
                0x0800bf40       0x2c d:/gcc-arm-none-eabi-10.3-2021.10/bin/../lib/gcc/arm-none-eabi/10.3.1/../../../../arm-none-eabi/lib/thumb/v7e-m+fp/hard\libg.a(lib_a-mbtowc_r.o)
                0x0800bf40                __ascii_mbtowc
 .text.memmove  0x0800bf6c       0xf8 d:/gcc-arm-none-eabi-10.3-2021.10/bin/../lib/gcc/arm-none-eabi/10.3.1/../../../../arm-none-eabi/lib/thumb/v7e-m+fp/hard\libg.a(lib_a-memmove.o)
                0x0800bf6c                memmove
 .text._realloc_r
                0x0800c064      0x3d8 d:/gcc-arm-none-eabi-10.3-2021.10/bin/../lib/gcc/arm-none-eabi/10.3.1/../../../../arm-none-eabi/lib/thumb/v7e-m+fp/hard\libg.a(lib_a-reallocr.o)
                0x0800c064                _realloc_r
 .text.__sprint_r.part.0
                0x0800c43c       0x78 d:/gcc-arm-none-eabi-10.3-2021.10/bin/../lib/gcc/arm-none-eabi/10.3.1/../../../../arm-none-eabi/lib/thumb/v7e-m+fp/hard\libg.a(lib_a-vfiprintf.o)
 .text._vfiprintf_r
                0x0800c4b4      0xdfc d:/gcc-arm-none-eabi-10.3-2021.10/bin/../lib/gcc/arm-none-eabi/10.3.1/../../../../arm-none-eabi/lib/thumb/v7e-m+fp/hard\libg.a(lib_a-vfiprintf.o)
                0x0800c4b4                _vfiprintf_r
 .text.__sbprintf
                0x0800d2b0       0x80 d:/gcc-arm-none-eabi-10.3-2021.10/bin/../lib/gcc/arm-none-eabi/10.3.1/../../../../arm-none-eabi/lib/thumb/v7e-m+fp/hard\libg.a(lib_a-vfiprintf.o)
 .text.__ascii_wctomb
                0x0800d330       0x1c d:/gcc-arm-none-eabi-10.3-2021.10/bin/../lib/gcc/arm-none-eabi/10.3.1/../../../../arm-none-eabi/lib/thumb/v7e-m+fp/hard\libg.a(lib_a-wctomb_r.o)
                0x0800d330                __ascii_wctomb
 .text.__swsetup_r
                0x0800d34c       0xd4 d:/gcc-arm-none-eabi-10.3-2021.10/bin/../lib/gcc/arm-none-eabi/10.3.1/../../../../arm-none-eabi/lib/thumb/v7e-m+fp/hard\libg.a(lib_a-wsetup.o)
                0x0800d34c                __swsetup_r
 .text.abort    0x0800d420       0x10 d:/gcc-arm-none-eabi-10.3-2021.10/bin/../lib/gcc/arm-none-eabi/10.3.1/../../../../arm-none-eabi/lib/thumb/v7e-m+fp/hard\libg.a(lib_a-abort.o)
                0x0800d420                abort
 .text.__sflush_r
                0x0800d430      0x130 d:/gcc-arm-none-eabi-10.3-2021.10/bin/../lib/gcc/arm-none-eabi/10.3.1/../../../../arm-none-eabi/lib/thumb/v7e-m+fp/hard\libg.a(lib_a-fflush.o)
                0x0800d430                __sflush_r
 .text._fflush_r
                0x0800d560       0x5c d:/gcc-arm-none-eabi-10.3-2021.10/bin/../lib/gcc/arm-none-eabi/10.3.1/../../../../arm-none-eabi/lib/thumb/v7e-m+fp/hard\libg.a(lib_a-fflush.o)
                0x0800d560                _fflush_r
 .text._cleanup_r
                0x0800d5bc        0xc d:/gcc-arm-none-eabi-10.3-2021.10/bin/../lib/gcc/arm-none-eabi/10.3.1/../../../../arm-none-eabi/lib/thumb/v7e-m+fp/hard\libg.a(lib_a-findfp.o)
                0x0800d5bc                _cleanup_r
 .text.__sinit  0x0800d5c8      0x10c d:/gcc-arm-none-eabi-10.3-2021.10/bin/../lib/gcc/arm-none-eabi/10.3.1/../../../../arm-none-eabi/lib/thumb/v7e-m+fp/hard\libg.a(lib_a-findfp.o)
                0x0800d5c8                __sinit
 .text.__sfp_lock_acquire
                0x0800d6d4        0xc d:/gcc-arm-none-eabi-10.3-2021.10/bin/../lib/gcc/arm-none-eabi/10.3.1/../../../../arm-none-eabi/lib/thumb/v7e-m+fp/hard\libg.a(lib_a-findfp.o)
                0x0800d6d4                __sfp_lock_acquire
 .text.__sfp_lock_release
                0x0800d6e0        0xc d:/gcc-arm-none-eabi-10.3-2021.10/bin/../lib/gcc/arm-none-eabi/10.3.1/../../../../arm-none-eabi/lib/thumb/v7e-m+fp/hard\libg.a(lib_a-findfp.o)
                0x0800d6e0                __sfp_lock_release
 .text.__fputwc
                0x0800d6ec       0xa8 d:/gcc-arm-none-eabi-10.3-2021.10/bin/../lib/gcc/arm-none-eabi/10.3.1/../../../../arm-none-eabi/lib/thumb/v7e-m+fp/hard\libg.a(lib_a-fputwc.o)
                0x0800d6ec                __fputwc
 .text._fputwc_r
                0x0800d794       0x68 d:/gcc-arm-none-eabi-10.3-2021.10/bin/../lib/gcc/arm-none-eabi/10.3.1/../../../../arm-none-eabi/lib/thumb/v7e-m+fp/hard\libg.a(lib_a-fputwc.o)
                0x0800d794                _fputwc_r
 .text.__sfvwrite_r
                0x0800d7fc      0x2f0 d:/gcc-arm-none-eabi-10.3-2021.10/bin/../lib/gcc/arm-none-eabi/10.3.1/../../../../arm-none-eabi/lib/thumb/v7e-m+fp/hard\libg.a(lib_a-fvwrite.o)
                0x0800d7fc                __sfvwrite_r
 .text._fwalk_reent
                0x0800daec       0x48 d:/gcc-arm-none-eabi-10.3-2021.10/bin/../lib/gcc/arm-none-eabi/10.3.1/../../../../arm-none-eabi/lib/thumb/v7e-m+fp/hard\libg.a(lib_a-fwalk.o)
                0x0800daec                _fwalk_reent
 .text.__smakebuf_r
                0x0800db34       0xe0 d:/gcc-arm-none-eabi-10.3-2021.10/bin/../lib/gcc/arm-none-eabi/10.3.1/../../../../arm-none-eabi/lib/thumb/v7e-m+fp/hard\libg.a(lib_a-makebuf.o)
                0x0800db34                __smakebuf_r
 .text.raise    0x0800dc14       0x5c d:/gcc-arm-none-eabi-10.3-2021.10/bin/../lib/gcc/arm-none-eabi/10.3.1/../../../../arm-none-eabi/lib/thumb/v7e-m+fp/hard\libg.a(lib_a-signal.o)
                0x0800dc14                raise
 .text._kill_r  0x0800dc70       0x2c d:/gcc-arm-none-eabi-10.3-2021.10/bin/../lib/gcc/arm-none-eabi/10.3.1/../../../../arm-none-eabi/lib/thumb/v7e-m+fp/hard\libg.a(lib_a-signalr.o)
                0x0800dc70                _kill_r
 .text._getpid_r
                0x0800dc9c        0x4 d:/gcc-arm-none-eabi-10.3-2021.10/bin/../lib/gcc/arm-none-eabi/10.3.1/../../../../arm-none-eabi/lib/thumb/v7e-m+fp/hard\libg.a(lib_a-signalr.o)
                0x0800dc9c                _getpid_r
 .text.__sread  0x0800dca0       0x24 d:/gcc-arm-none-eabi-10.3-2021.10/bin/../lib/gcc/arm-none-eabi/10.3.1/../../../../arm-none-eabi/lib/thumb/v7e-m+fp/hard\libg.a(lib_a-stdio.o)
                0x0800dca0                __sread
 .text.__swrite
                0x0800dcc4       0x40 d:/gcc-arm-none-eabi-10.3-2021.10/bin/../lib/gcc/arm-none-eabi/10.3.1/../../../../arm-none-eabi/lib/thumb/v7e-m+fp/hard\libg.a(lib_a-stdio.o)
                0x0800dcc4                __swrite
 .text.__sseek  0x0800dd04       0x20 d:/gcc-arm-none-eabi-10.3-2021.10/bin/../lib/gcc/arm-none-eabi/10.3.1/../../../../arm-none-eabi/lib/thumb/v7e-m+fp/hard\libg.a(lib_a-stdio.o)
                0x0800dd04                __sseek
 .text.__sclose
                0x0800dd24        0x8 d:/gcc-arm-none-eabi-10.3-2021.10/bin/../lib/gcc/arm-none-eabi/10.3.1/../../../../arm-none-eabi/lib/thumb/v7e-m+fp/hard\libg.a(lib_a-stdio.o)
                0x0800dd24                __sclose
 .text.__swbuf_r
                0x0800dd2c       0xb0 d:/gcc-arm-none-eabi-10.3-2021.10/bin/../lib/gcc/arm-none-eabi/10.3.1/../../../../arm-none-eabi/lib/thumb/v7e-m+fp/hard\libg.a(lib_a-wbuf.o)
                0x0800dd2c                __swbuf_r
 .text._wcrtomb_r
                0x0800dddc       0x3c d:/gcc-arm-none-eabi-10.3-2021.10/bin/../lib/gcc/arm-none-eabi/10.3.1/../../../../arm-none-eabi/lib/thumb/v7e-m+fp/hard\libg.a(lib_a-wcrtomb.o)
                0x0800dddc                _wcrtomb_r
 .text._write_r
                0x0800de18       0x2c d:/gcc-arm-none-eabi-10.3-2021.10/bin/../lib/gcc/arm-none-eabi/10.3.1/../../../../arm-none-eabi/lib/thumb/v7e-m+fp/hard\libg.a(lib_a-writer.o)
                0x0800de18                _write_r
 .text._close_r
                0x0800de44       0x24 d:/gcc-arm-none-eabi-10.3-2021.10/bin/../lib/gcc/arm-none-eabi/10.3.1/../../../../arm-none-eabi/lib/thumb/v7e-m+fp/hard\libg.a(lib_a-closer.o)
                0x0800de44                _close_r
 .text._fclose_r
                0x0800de68       0xcc d:/gcc-arm-none-eabi-10.3-2021.10/bin/../lib/gcc/arm-none-eabi/10.3.1/../../../../arm-none-eabi/lib/thumb/v7e-m+fp/hard\libg.a(lib_a-fclose.o)
                0x0800de68                _fclose_r
 .text._fstat_r
                0x0800df34       0x2c d:/gcc-arm-none-eabi-10.3-2021.10/bin/../lib/gcc/arm-none-eabi/10.3.1/../../../../arm-none-eabi/lib/thumb/v7e-m+fp/hard\libg.a(lib_a-fstatr.o)
                0x0800df34                _fstat_r
 .text._isatty_r
                0x0800df60       0x24 d:/gcc-arm-none-eabi-10.3-2021.10/bin/../lib/gcc/arm-none-eabi/10.3.1/../../../../arm-none-eabi/lib/thumb/v7e-m+fp/hard\libg.a(lib_a-isattyr.o)
                0x0800df60                _isatty_r
 .text._lseek_r
                0x0800df84       0x2c d:/gcc-arm-none-eabi-10.3-2021.10/bin/../lib/gcc/arm-none-eabi/10.3.1/../../../../arm-none-eabi/lib/thumb/v7e-m+fp/hard\libg.a(lib_a-lseekr.o)
                0x0800df84                _lseek_r
 .text._read_r  0x0800dfb0       0x2c d:/gcc-arm-none-eabi-10.3-2021.10/bin/../lib/gcc/arm-none-eabi/10.3.1/../../../../arm-none-eabi/lib/thumb/v7e-m+fp/hard\libg.a(lib_a-readr.o)
                0x0800dfb0                _read_r
 .text.atan2f   0x0800dfdc        0x4 d:/gcc-arm-none-eabi-10.3-2021.10/bin/../lib/gcc/arm-none-eabi/10.3.1/../../../../arm-none-eabi/lib/thumb/v7e-m+fp/hard\libm.a(lib_a-wf_atan2.o)
                0x0800dfdc                atan2f
 .text.sqrtf    0x0800dfe0       0x44 d:/gcc-arm-none-eabi-10.3-2021.10/bin/../lib/gcc/arm-none-eabi/10.3.1/../../../../arm-none-eabi/lib/thumb/v7e-m+fp/hard\libm.a(lib_a-wf_sqrt.o)
                0x0800dfe0                sqrtf
 .text.__ieee754_atan2f
                0x0800e024      0x150 d:/gcc-arm-none-eabi-10.3-2021.10/bin/../lib/gcc/arm-none-eabi/10.3.1/../../../../arm-none-eabi/lib/thumb/v7e-m+fp/hard\libm.a(lib_a-ef_atan2.o)
                0x0800e024                __ieee754_atan2f
 .text.__ieee754_sqrtf
                0x0800e174        0x8 d:/gcc-arm-none-eabi-10.3-2021.10/bin/../lib/gcc/arm-none-eabi/10.3.1/../../../../arm-none-eabi/lib/thumb/v7e-m+fp/hard\libm.a(lib_a-ef_sqrt.o)
                0x0800e174                __ieee754_sqrtf
 .text.atanf    0x0800e17c      0x1b4 d:/gcc-arm-none-eabi-10.3-2021.10/bin/../lib/gcc/arm-none-eabi/10.3.1/../../../../arm-none-eabi/lib/thumb/v7e-m+fp/hard\libm.a(lib_a-sf_atan.o)
                0x0800e17c                atanf
 .text.fabsf    0x0800e330       0x10 d:/gcc-arm-none-eabi-10.3-2021.10/bin/../lib/gcc/arm-none-eabi/10.3.1/../../../../arm-none-eabi/lib/thumb/v7e-m+fp/hard\libm.a(lib_a-sf_fabs.o)
                0x0800e330                fabsf
 *(.glue_7)
 .glue_7        0x0800e340        0x0 linker stubs
 *(.glue_7t)
 .glue_7t       0x0800e340        0x0 linker stubs
 *(.eh_frame)
 .eh_frame      0x0800e340        0x0 d:/gcc-arm-none-eabi-10.3-2021.10/bin/../lib/gcc/arm-none-eabi/10.3.1/thumb/v7e-m+fp/hard/crtbegin.o
 *(.init)
 .init          0x0800e340        0x4 d:/gcc-arm-none-eabi-10.3-2021.10/bin/../lib/gcc/arm-none-eabi/10.3.1/thumb/v7e-m+fp/hard/crti.o
                0x0800e340                _init
 .init          0x0800e344        0x8 d:/gcc-arm-none-eabi-10.3-2021.10/bin/../lib/gcc/arm-none-eabi/10.3.1/thumb/v7e-m+fp/hard/crtn.o
 *(.fini)
 .fini          0x0800e34c        0x4 d:/gcc-arm-none-eabi-10.3-2021.10/bin/../lib/gcc/arm-none-eabi/10.3.1/thumb/v7e-m+fp/hard/crti.o
                0x0800e34c                _fini
 .fini          0x0800e350        0x8 d:/gcc-arm-none-eabi-10.3-2021.10/bin/../lib/gcc/arm-none-eabi/10.3.1/thumb/v7e-m+fp/hard/crtn.o
                0x0800e358                . = ALIGN (0x4)
                0x0800e358                _etext = .

.vfp11_veneer   0x0800e358        0x0
 .vfp11_veneer  0x0800e358        0x0 linker stubs

.v4_bx          0x0800e358        0x0
 .v4_bx         0x0800e358        0x0 linker stubs

.iplt           0x0800e358        0x0
 .iplt          0x0800e358        0x0 d:/gcc-arm-none-eabi-10.3-2021.10/bin/../lib/gcc/arm-none-eabi/10.3.1/thumb/v7e-m+fp/hard/crtbegin.o

.rodata         0x0800e358      0xe30
                0x0800e358                . = ALIGN (0x4)
 *(.rodata)
 .rodata        0x0800e358      0x138 CMakeFiles/MASTER_RR.elf.dir/Core/Src/freertos.c.obj
 *(.rodata*)
 .rodata.str1.4
                0x0800e490       0x89 CMakeFiles/MASTER_RR.elf.dir/Core/Src/freertos.c.obj
 *fill*         0x0800e519        0x3 
 .rodata.NRFTask.str1.4
                0x0800e51c        0x5 CMakeFiles/MASTER_RR.elf.dir/Core/Src/freertos.c.obj
 *fill*         0x0800e521        0x3 
 .rodata.Laser_Loc.str1.4
                0x0800e524        0x4 CMakeFiles/MASTER_RR.elf.dir/Core/Src/laser.c.obj
 .rodata.AHBPrescTable
                0x0800e528       0x10 CMakeFiles/MASTER_RR.elf.dir/Core/Src/system_stm32f4xx.c.obj
                0x0800e528                AHBPrescTable
 .rodata.APBPrescTable
                0x0800e538        0x8 CMakeFiles/MASTER_RR.elf.dir/Core/Src/system_stm32f4xx.c.obj
                0x0800e538                APBPrescTable
 .rodata.flagBitshiftOffset.0
                0x0800e540        0x8 CMakeFiles/MASTER_RR.elf.dir/Drivers/STM32F4xx_HAL_Driver/Src/stm32f4xx_hal_dma.c.obj
 .rodata.vTaskStartScheduler.str1.4
                0x0800e548        0x5 CMakeFiles/MASTER_RR.elf.dir/Middlewares/Third_Party/FreeRTOS/Source/tasks.c.obj
 *fill*         0x0800e54d        0x3 
 .rodata.sinTable_f32
                0x0800e550      0x804 C:\Users\1\Desktop\Master-car\Middlewares\ST\ARM\DSP\Lib\libarm_cortexM4lf_math.a(arm_common_tables.o)
                0x0800e550                sinTable_f32
 .rodata._global_impure_ptr
                0x0800ed54        0x4 d:/gcc-arm-none-eabi-10.3-2021.10/bin/../lib/gcc/arm-none-eabi/10.3.1/../../../../arm-none-eabi/lib/thumb/v7e-m+fp/hard\libg.a(lib_a-impure.o)
                0x0800ed54                _global_impure_ptr
 .rodata._svfprintf_r.str1.4
                0x0800ed58       0x42 d:/gcc-arm-none-eabi-10.3-2021.10/bin/../lib/gcc/arm-none-eabi/10.3.1/../../../../arm-none-eabi/lib/thumb/v7e-m+fp/hard\libg.a(lib_a-svfprintf.o)
 *fill*         0x0800ed9a        0x2 
 .rodata.blanks.1
                0x0800ed9c       0x10 d:/gcc-arm-none-eabi-10.3-2021.10/bin/../lib/gcc/arm-none-eabi/10.3.1/../../../../arm-none-eabi/lib/thumb/v7e-m+fp/hard\libg.a(lib_a-svfprintf.o)
 .rodata.zeroes.0
                0x0800edac       0x10 d:/gcc-arm-none-eabi-10.3-2021.10/bin/../lib/gcc/arm-none-eabi/10.3.1/../../../../arm-none-eabi/lib/thumb/v7e-m+fp/hard\libg.a(lib_a-svfprintf.o)
 .rodata._dtoa_r.str1.4
                0x0800edbc       0xa2 d:/gcc-arm-none-eabi-10.3-2021.10/bin/../lib/gcc/arm-none-eabi/10.3.1/../../../../arm-none-eabi/lib/thumb/v7e-m+fp/hard\libg.a(lib_a-dtoa.o)
                                 0xa6 (size before relaxing)
 *fill*         0x0800ee5e        0x2 
 .rodata.__multadd.str1.4
                0x0800ee60       0x7f d:/gcc-arm-none-eabi-10.3-2021.10/bin/../lib/gcc/arm-none-eabi/10.3.1/../../../../arm-none-eabi/lib/thumb/v7e-m+fp/hard\libg.a(lib_a-mprec.o)
                                 0x93 (size before relaxing)
 *fill*         0x0800eedf        0x1 
 .rodata.__mprec_bigtens
                0x0800eee0       0x28 d:/gcc-arm-none-eabi-10.3-2021.10/bin/../lib/gcc/arm-none-eabi/10.3.1/../../../../arm-none-eabi/lib/thumb/v7e-m+fp/hard\libg.a(lib_a-mprec.o)
                0x0800eee0                __mprec_bigtens
 .rodata.__mprec_tens
                0x0800ef08       0xc8 d:/gcc-arm-none-eabi-10.3-2021.10/bin/../lib/gcc/arm-none-eabi/10.3.1/../../../../arm-none-eabi/lib/thumb/v7e-m+fp/hard\libg.a(lib_a-mprec.o)
                0x0800ef08                __mprec_tens
 .rodata.p05.0  0x0800efd0        0xc d:/gcc-arm-none-eabi-10.3-2021.10/bin/../lib/gcc/arm-none-eabi/10.3.1/../../../../arm-none-eabi/lib/thumb/v7e-m+fp/hard\libg.a(lib_a-mprec.o)
 .rodata.__assert_func.str1.4
                0x0800efdc       0x3f d:/gcc-arm-none-eabi-10.3-2021.10/bin/../lib/gcc/arm-none-eabi/10.3.1/../../../../arm-none-eabi/lib/thumb/v7e-m+fp/hard\libg.a(lib_a-assert.o)
                                 0x43 (size before relaxing)
 *fill*         0x0800f01b        0x1 
 .rodata._setlocale_r.str1.4
                0x0800f01c        0xa d:/gcc-arm-none-eabi-10.3-2021.10/bin/../lib/gcc/arm-none-eabi/10.3.1/../../../../arm-none-eabi/lib/thumb/v7e-m+fp/hard\libg.a(lib_a-locale.o)
                                  0xd (size before relaxing)
 *fill*         0x0800f026        0x2 
 .rodata.str1.4
                0x0800f028        0x2 d:/gcc-arm-none-eabi-10.3-2021.10/bin/../lib/gcc/arm-none-eabi/10.3.1/../../../../arm-none-eabi/lib/thumb/v7e-m+fp/hard\libg.a(lib_a-locale.o)
 .rodata._vfiprintf_r.str1.4
                0x0800f02a       0x2f d:/gcc-arm-none-eabi-10.3-2021.10/bin/../lib/gcc/arm-none-eabi/10.3.1/../../../../arm-none-eabi/lib/thumb/v7e-m+fp/hard\libg.a(lib_a-vfiprintf.o)
 *fill*         0x0800f02a        0x2 
 .rodata.blanks.1
                0x0800f02c       0x10 d:/gcc-arm-none-eabi-10.3-2021.10/bin/../lib/gcc/arm-none-eabi/10.3.1/../../../../arm-none-eabi/lib/thumb/v7e-m+fp/hard\libg.a(lib_a-vfiprintf.o)
 .rodata.zeroes.0
                0x0800f03c       0x10 d:/gcc-arm-none-eabi-10.3-2021.10/bin/../lib/gcc/arm-none-eabi/10.3.1/../../../../arm-none-eabi/lib/thumb/v7e-m+fp/hard\libg.a(lib_a-vfiprintf.o)
 .rodata._ctype_
                0x0800f04c      0x101 d:/gcc-arm-none-eabi-10.3-2021.10/bin/../lib/gcc/arm-none-eabi/10.3.1/../../../../arm-none-eabi/lib/thumb/v7e-m+fp/hard\libg.a(lib_a-ctype_.o)
                0x0800f04c                _ctype_
 *fill*         0x0800f14d        0x3 
 .rodata.CSWTCH.8
                0x0800f150        0xc d:/gcc-arm-none-eabi-10.3-2021.10/bin/../lib/gcc/arm-none-eabi/10.3.1/../../../../arm-none-eabi/lib/thumb/v7e-m+fp/hard\libm.a(lib_a-ef_atan2.o)
 .rodata.CSWTCH.9
                0x0800f15c        0xc d:/gcc-arm-none-eabi-10.3-2021.10/bin/../lib/gcc/arm-none-eabi/10.3.1/../../../../arm-none-eabi/lib/thumb/v7e-m+fp/hard\libm.a(lib_a-ef_atan2.o)
 .rodata.atanhi
                0x0800f168       0x10 d:/gcc-arm-none-eabi-10.3-2021.10/bin/../lib/gcc/arm-none-eabi/10.3.1/../../../../arm-none-eabi/lib/thumb/v7e-m+fp/hard\libm.a(lib_a-sf_atan.o)
 .rodata.atanlo
                0x0800f178       0x10 d:/gcc-arm-none-eabi-10.3-2021.10/bin/../lib/gcc/arm-none-eabi/10.3.1/../../../../arm-none-eabi/lib/thumb/v7e-m+fp/hard\libm.a(lib_a-sf_atan.o)
                0x0800f188                . = ALIGN (0x4)

.ARM.extab      0x0800f188        0x0
                0x0800f188                . = ALIGN (0x4)
 *(.ARM.extab* .gnu.linkonce.armextab.*)
                0x0800f188                . = ALIGN (0x4)

.ARM            0x0800f188        0x8
                0x0800f188                . = ALIGN (0x4)
                0x0800f188                __exidx_start = .
 *(.ARM.exidx*)
 .ARM.exidx     0x0800f188        0x8 d:/gcc-arm-none-eabi-10.3-2021.10/bin/../lib/gcc/arm-none-eabi/10.3.1/thumb/v7e-m+fp/hard\libgcc.a(_udivmoddi4.o)
                0x0800f190                __exidx_end = .
                0x0800f190                . = ALIGN (0x4)

.rel.dyn        0x0800f190        0x0
 .rel.iplt      0x0800f190        0x0 d:/gcc-arm-none-eabi-10.3-2021.10/bin/../lib/gcc/arm-none-eabi/10.3.1/thumb/v7e-m+fp/hard/crtbegin.o

.preinit_array  0x0800f190        0x0
                0x0800f190                . = ALIGN (0x4)
                0x0800f190                PROVIDE (__preinit_array_start = .)
 *(.preinit_array*)
                0x0800f190                PROVIDE (__preinit_array_end = .)
                0x0800f190                . = ALIGN (0x4)

.init_array     0x0800f190        0x8
                0x0800f190                . = ALIGN (0x4)
                0x0800f190                PROVIDE (__init_array_start = .)
 *(SORT_BY_NAME(.init_array.*))
 .init_array.00000
                0x0800f190        0x4 d:/gcc-arm-none-eabi-10.3-2021.10/bin/../lib/gcc/arm-none-eabi/10.3.1/../../../../arm-none-eabi/lib/thumb/v7e-m+fp/hard\libg.a(lib_a-__call_atexit.o)
 *(.init_array*)
 .init_array    0x0800f194        0x4 d:/gcc-arm-none-eabi-10.3-2021.10/bin/../lib/gcc/arm-none-eabi/10.3.1/thumb/v7e-m+fp/hard/crtbegin.o
                0x0800f198                PROVIDE (__init_array_end = .)
                0x0800f198                . = ALIGN (0x4)

.fini_array     0x0800f198        0x4
                0x0800f198                . = ALIGN (0x4)
                0x0800f198                PROVIDE (__fini_array_start = .)
 *(SORT_BY_NAME(.fini_array.*))
 *(.fini_array*)
 .fini_array    0x0800f198        0x4 d:/gcc-arm-none-eabi-10.3-2021.10/bin/../lib/gcc/arm-none-eabi/10.3.1/thumb/v7e-m+fp/hard/crtbegin.o
                0x0800f19c                PROVIDE (__fini_array_end = .)
                0x0800f19c                . = ALIGN (0x4)
                0x0800f19c                _sidata = LOADADDR (.data)

.data           0x20000000      0xa08 load address 0x0800f19c
                0x20000000                . = ALIGN (0x4)
                0x20000000                _sdata = .
 *(.data)
 *(.data*)
 .data.target   0x20000000        0xc CMakeFiles/MASTER_RR.elf.dir/Core/Src/freertos.c.obj
                0x20000000                target
 .data.rrWheel  0x2000000c       0x3c CMakeFiles/MASTER_RR.elf.dir/Core/Src/steering_wheel.c.obj
                0x2000000c                rrWheel
 .data.SystemCoreClock
                0x20000048        0x4 CMakeFiles/MASTER_RR.elf.dir/Core/Src/system_stm32f4xx.c.obj
                0x20000048                SystemCoreClock
 .data.uwTickFreq
                0x2000004c        0x1 CMakeFiles/MASTER_RR.elf.dir/Drivers/STM32F4xx_HAL_Driver/Src/stm32f4xx_hal.c.obj
                0x2000004c                uwTickFreq
 *fill*         0x2000004d        0x3 
 .data.uwTickPrio
                0x20000050        0x4 CMakeFiles/MASTER_RR.elf.dir/Drivers/STM32F4xx_HAL_Driver/Src/stm32f4xx_hal.c.obj
                0x20000050                uwTickPrio
 .data.uxCriticalNesting
                0x20000054        0x4 CMakeFiles/MASTER_RR.elf.dir/Middlewares/Third_Party/FreeRTOS/Source/portable/GCC/ARM_CM4F/port.c.obj
 .data._impure_ptr
                0x20000058        0x4 d:/gcc-arm-none-eabi-10.3-2021.10/bin/../lib/gcc/arm-none-eabi/10.3.1/../../../../arm-none-eabi/lib/thumb/v7e-m+fp/hard\libg.a(lib_a-impure.o)
                0x20000058                _impure_ptr
 *fill*         0x2000005c        0x4 
 .data.impure_data
                0x20000060      0x428 d:/gcc-arm-none-eabi-10.3-2021.10/bin/../lib/gcc/arm-none-eabi/10.3.1/../../../../arm-none-eabi/lib/thumb/v7e-m+fp/hard\libg.a(lib_a-impure.o)
 .data.__atexit_recursive_mutex
                0x20000488        0x4 d:/gcc-arm-none-eabi-10.3-2021.10/bin/../lib/gcc/arm-none-eabi/10.3.1/../../../../arm-none-eabi/lib/thumb/v7e-m+fp/hard\libg.a(lib_a-__call_atexit.o)
                0x20000488                __atexit_recursive_mutex
 .data.__malloc_av_
                0x2000048c      0x408 d:/gcc-arm-none-eabi-10.3-2021.10/bin/../lib/gcc/arm-none-eabi/10.3.1/../../../../arm-none-eabi/lib/thumb/v7e-m+fp/hard\libg.a(lib_a-mallocr.o)
                0x2000048c                __malloc_av_
 .data.__malloc_sbrk_base
                0x20000894        0x4 d:/gcc-arm-none-eabi-10.3-2021.10/bin/../lib/gcc/arm-none-eabi/10.3.1/../../../../arm-none-eabi/lib/thumb/v7e-m+fp/hard\libg.a(lib_a-mallocr.o)
                0x20000894                __malloc_sbrk_base
 .data.__malloc_trim_threshold
                0x20000898        0x4 d:/gcc-arm-none-eabi-10.3-2021.10/bin/../lib/gcc/arm-none-eabi/10.3.1/../../../../arm-none-eabi/lib/thumb/v7e-m+fp/hard\libg.a(lib_a-mallocr.o)
                0x20000898                __malloc_trim_threshold
 .data.__global_locale