Archive member included to satisfy reference by file (symbol)

d:/gcc-arm-none-eabi/bin/../lib/gcc/arm-none-eabi/10.3.1/thumb/v7e-m+fp/hard\libgcc.a(_arm_muldf3.o)
                              CMakeFiles/MASTER_ER.elf.dir/Core/Src/steering_wheel.c.obj (__aeabi_dmul)
d:/gcc-arm-none-eabi/bin/../lib/gcc/arm-none-eabi/10.3.1/thumb/v7e-m+fp/hard\libgcc.a(_arm_addsubdf3.o)
                              CMakeFiles/MASTER_ER.elf.dir/Core/Src/steering_wheel.c.obj (__aeabi_f2d)
d:/gcc-arm-none-eabi/bin/../lib/gcc/arm-none-eabi/10.3.1/thumb/v7e-m+fp/hard\libgcc.a(_arm_truncdfsf2.o)
                              CMakeFiles/MASTER_ER.elf.dir/Core/Src/steering_wheel.c.obj (__aeabi_d2f)
d:/gcc-arm-none-eabi/bin/../lib/gcc/arm-none-eabi/10.3.1/thumb/v7e-m+fp/hard\libgcc.a(_aeabi_uldivmod.o)
                              CMakeFiles/MASTER_ER.elf.dir/Drivers/STM32F4xx_HAL_Driver/Src/stm32f4xx_hal_rcc.c.obj (__aeabi_uldivmod)
d:/gcc-arm-none-eabi/bin/../lib/gcc/arm-none-eabi/10.3.1/thumb/v7e-m+fp/hard\libgcc.a(_udivmoddi4.o)
                              d:/gcc-arm-none-eabi/bin/../lib/gcc/arm-none-eabi/10.3.1/thumb/v7e-m+fp/hard\libgcc.a(_aeabi_uldivmod.o) (__udivmoddi4)
d:/gcc-arm-none-eabi/bin/../lib/gcc/arm-none-eabi/10.3.1/thumb/v7e-m+fp/hard\libgcc.a(_dvmd_tls.o)
                              d:/gcc-arm-none-eabi/bin/../lib/gcc/arm-none-eabi/10.3.1/thumb/v7e-m+fp/hard\libgcc.a(_aeabi_uldivmod.o) (__aeabi_ldiv0)
d:/gcc-arm-none-eabi/bin/../lib/gcc/arm-none-eabi/10.3.1/../../../../arm-none-eabi/lib/thumb/v7e-m+fp/hard\libg.a(lib_a-errno.o)
                              CMakeFiles/MASTER_ER.elf.dir/Core/Src/syscalls.c.obj (__errno)
d:/gcc-arm-none-eabi/bin/../lib/gcc/arm-none-eabi/10.3.1/../../../../arm-none-eabi/lib/thumb/v7e-m+fp/hard\libg.a(lib_a-exit.o)
                              d:/gcc-arm-none-eabi/bin/../lib/gcc/arm-none-eabi/10.3.1/../../../../arm-none-eabi/lib/thumb/v7e-m+fp/hard/crt0.o (exit)
d:/gcc-arm-none-eabi/bin/../lib/gcc/arm-none-eabi/10.3.1/../../../../arm-none-eabi/lib/thumb/v7e-m+fp/hard\libg.a(lib_a-impure.o)
                              d:/gcc-arm-none-eabi/bin/../lib/gcc/arm-none-eabi/10.3.1/../../../../arm-none-eabi/lib/thumb/v7e-m+fp/hard\libg.a(lib_a-exit.o) (_global_impure_ptr)
d:/gcc-arm-none-eabi/bin/../lib/gcc/arm-none-eabi/10.3.1/../../../../arm-none-eabi/lib/thumb/v7e-m+fp/hard\libg.a(lib_a-init.o)
                              d:/gcc-arm-none-eabi/bin/../lib/gcc/arm-none-eabi/10.3.1/../../../../arm-none-eabi/lib/thumb/v7e-m+fp/hard/crt0.o (__libc_init_array)
d:/gcc-arm-none-eabi/bin/../lib/gcc/arm-none-eabi/10.3.1/../../../../arm-none-eabi/lib/thumb/v7e-m+fp/hard\libg.a(lib_a-memcpy.o)
                              CMakeFiles/MASTER_ER.elf.dir/Middlewares/Third_Party/FreeRTOS/Source/queue.c.obj (memcpy)
d:/gcc-arm-none-eabi/bin/../lib/gcc/arm-none-eabi/10.3.1/../../../../arm-none-eabi/lib/thumb/v7e-m+fp/hard\libg.a(lib_a-memset.o)
                              d:/gcc-arm-none-eabi/bin/../lib/gcc/arm-none-eabi/10.3.1/../../../../arm-none-eabi/lib/thumb/v7e-m+fp/hard/crt0.o (memset)
d:/gcc-arm-none-eabi/bin/../lib/gcc/arm-none-eabi/10.3.1/../../../../arm-none-eabi/lib/thumb/v7e-m+fp/hard\libg.a(lib_a-vsnprintf.o)
                              CMakeFiles/MASTER_ER.elf.dir/Core/Src/printf.c.obj (vsnprintf)
d:/gcc-arm-none-eabi/bin/../lib/gcc/arm-none-eabi/10.3.1/../../../../arm-none-eabi/lib/thumb/v7e-m+fp/hard\libg.a(lib_a-__call_atexit.o)
                              d:/gcc-arm-none-eabi/bin/../lib/gcc/arm-none-eabi/10.3.1/../../../../arm-none-eabi/lib/thumb/v7e-m+fp/hard\libg.a(lib_a-exit.o) (__call_exitprocs)
d:/gcc-arm-none-eabi/bin/../lib/gcc/arm-none-eabi/10.3.1/../../../../arm-none-eabi/lib/thumb/v7e-m+fp/hard\libg.a(lib_a-atexit.o)
                              d:/gcc-arm-none-eabi/bin/../lib/gcc/arm-none-eabi/10.3.1/../../../../arm-none-eabi/lib/thumb/v7e-m+fp/hard\libg.a(lib_a-__call_atexit.o) (atexit)
d:/gcc-arm-none-eabi/bin/../lib/gcc/arm-none-eabi/10.3.1/../../../../arm-none-eabi/lib/thumb/v7e-m+fp/hard\libg.a(lib_a-fini.o)
                              d:/gcc-arm-none-eabi/bin/../lib/gcc/arm-none-eabi/10.3.1/../../../../arm-none-eabi/lib/thumb/v7e-m+fp/hard\libg.a(lib_a-__call_atexit.o) (__libc_fini_array)
d:/gcc-arm-none-eabi/bin/../lib/gcc/arm-none-eabi/10.3.1/../../../../arm-none-eabi/lib/thumb/v7e-m+fp/hard\libg.a(lib_a-lock.o)
                              d:/gcc-arm-none-eabi/bin/../lib/gcc/arm-none-eabi/10.3.1/../../../../arm-none-eabi/lib/thumb/v7e-m+fp/hard\libg.a(lib_a-__call_atexit.o) (__retarget_lock_acquire_recursive)
d:/gcc-arm-none-eabi/bin/../lib/gcc/arm-none-eabi/10.3.1/../../../../arm-none-eabi/lib/thumb/v7e-m+fp/hard\libg.a(lib_a-svfprintf.o)
                              d:/gcc-arm-none-eabi/bin/../lib/gcc/arm-none-eabi/10.3.1/../../../../arm-none-eabi/lib/thumb/v7e-m+fp/hard\libg.a(lib_a-vsnprintf.o) (_svfprintf_r)
d:/gcc-arm-none-eabi/bin/../lib/gcc/arm-none-eabi/10.3.1/../../../../arm-none-eabi/lib/thumb/v7e-m+fp/hard\libg.a(lib_a-__atexit.o)
[...]
Memory Configuration

Name             Origin             Length             Attributes
CCMRAM           0x10000000         0x00010000         xrw
RAM              0x20000000         0x00020000         xrw
FLASH            0x08000000         0x00100000         xr
*default*        0x00000000         0xffffffff

Linker script and memory map

LOAD d:/gcc-arm-none-eabi/bin/../lib/gcc/arm-none-eabi/10.3.1/thumb/v7e-m+fp/hard/crti.o
LOAD d:/gcc-arm-none-eabi/bin/../lib/gcc/arm-none-eabi/10.3.1/thumb/v7e-m+fp/hard/crtbegin.o
LOAD d:/gcc-arm-none-eabi/bin/../lib/gcc/arm-none-eabi/10.3.1/../../../../arm-none-eabi/lib/thumb/v7e-m+fp/hard/crt0.o
LOAD CMakeFiles/MASTER_ER.elf.dir/Core/Src/24l01.c.obj
LOAD CMakeFiles/MASTER_ER.elf.dir/Core/Src/A1_driver.c.obj
LOAD CMakeFiles/MASTER_ER.elf.dir/Core/Src/can.c.obj
LOAD CMakeFiles/MASTER_ER.elf.dir/Core/Src/can_rec.c.obj
LOAD CMakeFiles/MASTER_ER.elf.dir/Core/Src/crc32.c.obj
LOAD CMakeFiles/MASTER_ER.elf.dir/Core/Src/dma.c.obj
LOAD CMakeFiles/MASTER_ER.elf.dir/Core/Src/freertos.c.obj
LOAD CMakeFiles/MASTER_ER.elf.dir/Core/Src/gpio.c.obj
LOAD CMakeFiles/MASTER_ER.elf.dir/Core/Src/kinematic.c.obj
LOAD CMakeFiles/MASTER_ER.elf.dir/Core/Src/locater.c.obj
LOAD CMakeFiles/MASTER_ER.elf.dir/Core/Src/main.c.obj
LOAD CMakeFiles/MASTER_ER.elf.dir/Core/Src/pid.c.obj
LOAD CMakeFiles/MASTER_ER.elf.dir/Core/Src/printf.c.obj
LOAD CMakeFiles/MASTER_ER.elf.dir/Core/Src/spi.c.obj
LOAD CMakeFiles/MASTER_ER.elf.dir/Core/Src/steering_wheel.c.obj
LOAD CMakeFiles/MASTER_ER.elf.dir/Core/Src/stm32f4xx_hal_msp.c.obj
LOAD CMakeFiles/MASTER_ER.elf.dir/Core/Src/stm32f4xx_hal_timebase_tim.c.obj
LOAD CMakeFiles/MASTER_ER.elf.dir/Core/Src/stm32f4xx_it.c.obj
LOAD CMakeFiles/MASTER_ER.elf.dir/Core/Src/syscalls.c.obj
LOAD CMakeFiles/MASTER_ER.elf.dir/Core/Src/sysmem.c.obj
LOAD CMakeFiles/MASTER_ER.elf.dir/Core/Src/system_stm32f4xx.c.obj
LOAD CMakeFiles/MASTER_ER.elf.dir/Core/Src/usart.c.obj
LOAD CMakeFiles/MASTER_ER.elf.dir/Core/Startup/startup_stm32f407zgtx.s.obj
LOAD CMakeFiles/MASTER_ER.elf.dir/Drivers/STM32F4xx_HAL_Driver/Src/stm32f4xx_hal.c.obj
LOAD CMakeFiles/MASTER_ER.elf.dir/Drivers/STM32F4xx_HAL_Driver/Src/stm32f4xx_hal_can.c.obj
LOAD CMakeFiles/MASTER_ER.elf.dir/Drivers/STM32F4xx_HAL_Driver/Src/stm32f4xx_hal_cortex.c.obj
LOAD CMakeFiles/MASTER_ER.elf.dir/Drivers/STM32F4xx_HAL_Driver/Src/stm32f4xx_hal_dma.c.obj
LOAD CMakeFiles/MASTER_ER.elf.dir/Drivers/STM32F4xx_HAL_Driver/Src/stm32f4xx_hal_dma_ex.c.obj
LOAD CMakeFiles/MASTER_ER.elf.dir/Drivers/STM32F4xx_HAL_Driver/Src/stm32f4xx_hal_exti.c.obj
LOAD CMakeFiles/MASTER_ER.elf.dir/Drivers/STM32F4xx_HAL_Driver/Src/stm32f4xx_hal_flash.c.obj
LOAD CMakeFiles/MASTER_ER.elf.dir/Drivers/STM32F4xx_HAL_Driver/Src/stm32f4xx_hal_flash_ex.c.obj
LOAD CMakeFiles/MASTER_ER.elf.dir/Drivers/STM32F4xx_HAL_Driver/Src/stm32f4xx_hal_flash_ramfunc.c.obj
LOAD CMakeFiles/MASTER_ER.elf.dir/Drivers/STM32F4xx_HAL_Driver/Src/stm32f4xx_hal_gpio.c.obj
LOAD CMakeFiles/MASTER_ER.elf.dir/Drivers/STM32F4xx_HAL_Driver/Src/stm32f4xx_hal_pwr.c.obj
LOAD CMakeFiles/MASTER_ER.elf.dir/Drivers/STM32F4xx_HAL_Driver/Src/stm32f4xx_hal_pwr_ex.c.obj
LOAD CMakeFiles/MASTER_ER.elf.dir/Drivers/STM32F4xx_HAL_Driver/Src/stm32f4xx_hal_rcc.c.obj
LOAD CMakeFiles/MASTER_ER.elf.dir/Drivers/STM32F4xx_HAL_Driver/Src/stm32f4xx_hal_rcc_ex.c.obj
LOAD CMakeFiles/MASTER_ER.elf.dir/Drivers/STM32F4xx_HAL_Driver/Src/stm32f4xx_hal_spi.c.obj
LOAD CMakeFiles/MASTER_ER.elf.dir/Drivers/STM32F4xx_HAL_Driver/Src/stm32f4xx_hal_tim.c.obj
LOAD CMakeFiles/MASTER_ER.elf.dir/Drivers/STM32F4xx_HAL_Driver/Src/stm32f4xx_hal_tim_ex.c.obj
LOAD CMakeFiles/MASTER_ER.elf.dir/Drivers/STM32F4xx_HAL_Driver/Src/stm32f4xx_hal_uart.c.obj
LOAD CMakeFiles/MASTER_ER.elf.dir/Middlewares/Third_Party/FreeRTOS/Source/CMSIS_RTOS/cmsis_os.c.obj
LOAD CMakeFiles/MASTER_ER.elf.dir/Middlewares/Third_Party/FreeRTOS/Source/croutine.c.obj
LOAD CMakeFiles/MASTER_ER.elf.dir/Middlewares/Third_Party/FreeRTOS/Source/event_groups.c.obj
LOAD CMakeFiles/MASTER_ER.elf.dir/Middlewares/Third_Party/FreeRTOS/Source/list.c.obj
LOAD CMakeFiles/MASTER_ER.elf.dir/Middlewares/Third_Party/FreeRTOS/Source/portable/GCC/ARM_CM4F/port.c.obj
LOAD CMakeFiles/MASTER_ER.elf.dir/Middlewares/Third_Party/FreeRTOS/Source/portable/MemMang/heap_4.c.obj
LOAD CMakeFiles/MASTER_ER.elf.dir/Middlewares/Third_Party/FreeRTOS/Source/queue.c.obj
LOAD CMakeFiles/MASTER_ER.elf.dir/Middlewares/Third_Party/FreeRTOS/Source/stream_buffer.c.obj
LOAD CMakeFiles/MASTER_ER.elf.dir/Middlewares/Third_Party/FreeRTOS/Source/tasks.c.obj
LOAD CMakeFiles/MASTER_ER.elf.dir/Middlewares/Third_Party/FreeRTOS/Source/timers.c.obj
START GROUP
LOAD d:/gcc-arm-none-eabi/bin/../lib/gcc/arm-none-eabi/10.3.1/thumb/v7e-m+fp/hard\libgcc.a
LOAD d:/gcc-arm-none-eabi/bin/../lib/gcc/arm-none-eabi/10.3.1/../../../../arm-none-eabi/lib/thumb/v7e-m+fp/hard\libg.a
LOAD d:/gcc-arm-none-eabi/bin/../lib/gcc/arm-none-eabi/10.3.1/../../../../arm-none-eabi/lib/thumb/v7e-m+fp/hard\libc.a
END GROUP
LOAD d:/gcc-arm-none-eabi/bin/../lib/gcc/arm-none-eabi/10.3.1/thumb/v7e-m+fp/hard/crtend.o
LOAD d:/gcc-arm-none-eabi/bin/../lib/gcc/arm-none-eabi/10.3.1/thumb/v7e-m+fp/hard/crtn.o
                0x20020000                _estack = (ORIGIN (RAM) + LENGTH (RAM))
                0x00000200                _Min_Heap_Size = 0x200
                0x00000400                _Min_Stack_Size = 0x400

.isr_vector     0x08000000      0x188
                0x08000000                . = ALIGN (0x4)
 *(.isr_vector)
 .isr_vector    0x08000000      0x188 CMakeFiles/MASTER_ER.elf.dir/Core/Startup/startup_stm32f407zgtx.s.obj
                0x08000000                g_pfnVectors
                0x08000188                . = ALIGN (0x4)

.text           0x080001c0     0xcc4c
                0x080001c0                . = ALIGN (0x4)
 *(.text)
 .text          0x080001c0       0x40 d:/gcc-arm-none-eabi/bin/../lib/gcc/arm-none-eabi/10.3.1/thumb/v7e-m+fp/hard/crtbegin.o
 .text          0x08000200      0x378 d:/gcc-arm-none-eabi/bin/../lib/gcc/arm-none-eabi/10.3.1/thumb/v7e-m+fp/hard\libgcc.a(_arm_addsubdf3.o)
                0x08000200                __aeabi_drsub
                0x08000208                __aeabi_dsub
                0x08000208                __subdf3
                0x0800020c                __aeabi_dadd
                0x0800020c                __adddf3
                0x08000484                __floatunsidf
                0x08000484                __aeabi_ui2d
                0x080004a4                __floatsidf
                0x080004a4                __aeabi_i2d
                0x080004c8                __aeabi_f2d
                0x080004c8                __extendsfdf2
                0x0800050c                __floatundidf
                0x0800050c                __aeabi_ul2d
                0x0800051c                __floatdidf
                0x0800051c                __aeabi_l2d
 .text          0x08000578       0x30 d:/gcc-arm-none-eabi/bin/../lib/gcc/arm-none-eabi/10.3.1/thumb/v7e-m+fp/hard\libgcc.a(_aeabi_uldivmod.o)
                0x08000578                __aeabi_uldivmod
 .text          0x080005a8      0x2d0 d:/gcc-arm-none-eabi/bin/../lib/gcc/arm-none-eabi/10.3.1/thumb/v7e-m+fp/hard\libgcc.a(_udivmoddi4.o)
                0x080005a8                __udivmoddi4
 .text          0x08000878        0x4 d:/gcc-arm-none-eabi/bin/../lib/gcc/arm-none-eabi/10.3.1/thumb/v7e-m+fp/hard\libgcc.a(_dvmd_tls.o)
                0x08000878                __aeabi_idiv0
                0x08000878                __aeabi_ldiv0
 .text          0x0800087c      0x134 d:/gcc-arm-none-eabi/bin/../lib/gcc/arm-none-eabi/10.3.1/../../../../arm-none-eabi/lib/thumb/v7e-m+fp/hard\libg.a(lib_a-memcpy.o)
                0x0800087c                memcpy
 .text          0x080009b0       0xa0 d:/gcc-arm-none-eabi/bin/../lib/gcc/arm-none-eabi/10.3.1/../../../../arm-none-eabi/lib/thumb/v7e-m+fp/hard\libg.a(lib_a-memchr.o)
                0x080009b0                memchr
 *fill*         0x08000a50       0x30 
 .text          0x08000a80       0xdc d:/gcc-arm-none-eabi/bin/../lib/gcc/arm-none-eabi/10.3.1/../../../../arm-none-eabi/lib/thumb/v7e-m+fp/hard\libg.a(lib_a-strlen.o)
                0x08000a80                strlen
 .text          0x08000b5c      0x424 d:/gcc-arm-none-eabi/bin/../lib/gcc/arm-none-eabi/10.3.1/thumb/v7e-m+fp/hard\libgcc.a(_arm_muldivdf3.o)
                0x08000b5c                __aeabi_dmul
                0x08000b5c                __muldf3
                0x08000db0                __divdf3
                0x08000db0                __aeabi_ddiv
 .text          0x08000f80      0x110 d:/gcc-arm-none-eabi/bin/../lib/gcc/arm-none-eabi/10.3.1/thumb/v7e-m+fp/hard\libgcc.a(_arm_cmpdf2.o)
                0x08000f80                __gtdf2
                0x08000f80                __gedf2
                0x08000f88                __ltdf2
                0x08000f88                __ledf2
                0x08000f90                __nedf2
                0x08000f90                __eqdf2
                0x08000f90                __cmpdf2
                0x0800100c                __aeabi_cdrcmple
                0x0800101c                __aeabi_cdcmpeq
                0x0800101c                __aeabi_cdcmple
                0x0800102c                __aeabi_dcmpeq
                0x08001040                __aeabi_dcmplt
                0x08001054                __aeabi_dcmple
                0x08001068                __aeabi_dcmpge
                0x0800107c                __aeabi_dcmpgt
 .text          0x08001090       0x2c d:/gcc-arm-none-eabi/bin/../lib/gcc/arm-none-eabi/10.3.1/thumb/v7e-m+fp/hard\libgcc.a(_arm_unorddf2.o)
                0x08001090                __unorddf2
                0x08001090                __aeabi_dcmpun
 .text          0x080010bc       0x50 d:/gcc-arm-none-eabi/bin/../lib/gcc/arm-none-eabi/10.3.1/thumb/v7e-m+fp/hard\libgcc.a(_arm_fixdfsi.o)
                0x080010bc                __aeabi_d2iz
                0x080010bc                __fixdfsi
 *(.text*)
 .text.SPIx_ReadWriteByte
                0x0800110c       0x34 CMakeFiles/MASTER_ER.elf.dir/Core/Src/24l01.c.obj
                0x0800110c                SPIx_ReadWriteByte
 .text.NRF24L01_Write_Reg
                0x08001140       0x3c CMakeFiles/MASTER_ER.elf.dir/Core/Src/24l01.c.obj
                0x08001140                NRF24L01_Write_Reg
 .text.NRF24L01_Read_Reg
                0x0800117c       0x3c CMakeFiles/MASTER_ER.elf.dir/Core/Src/24l01.c.obj
                0x0800117c                NRF24L01_Read_Reg
 .text.NRF24L01_Read_Buf
                0x080011b8       0x48 CMakeFiles/MASTER_ER.elf.dir/Core/Src/24l01.c.obj
                0x080011b8                NRF24L01_Read_Buf
 .text.NRF24L01_Write_Buf
                0x08001200       0x48 CMakeFiles/MASTER_ER.elf.dir/Core/Src/24l01.c.obj
                0x08001200                NRF24L01_Write_Buf
 .text.NRF24L01_Check
                0x08001248       0x54 CMakeFiles/MASTER_ER.elf.dir/Core/Src/24l01.c.obj
                0x08001248                NRF24L01_Check
 .text.NRF24L01_RxPacket
                0x0800129c       0x34 CMakeFiles/MASTER_ER.elf.dir/Core/Src/24l01.c.obj
                0x0800129c                NRF24L01_RxPacket
 .text.NRF24L01_RX_Mode
                0x080012d0       0x88 CMakeFiles/MASTER_ER.elf.dir/Core/Src/24l01.c.obj
                0x080012d0                NRF24L01_RX_Mode
 .text.HAL_GPIO_EXTI_Callback
                0x08001358       0x50 CMakeFiles/MASTER_ER.elf.dir/Core/Src/24l01.c.obj
                0x08001358                HAL_GPIO_EXTI_Callback
 .text.modify_id_data
                0x080013a8       0xf4 CMakeFiles/MASTER_ER.elf.dir/Core/Src/A1_driver.c.obj
                0x080013a8                modify_id_data
 .text.a1_pos_control
                0x0800149c       0x5c CMakeFiles/MASTER_ER.elf.dir/Core/Src/A1_driver.c.obj
                0x0800149c                a1_pos_control
 .text.motor_stop
                0x080014f8       0x50 CMakeFiles/MASTER_ER.elf.dir/Core/Src/A1_driver.c.obj
                0x080014f8                motor_stop
 .text.limiting_amplitude
                0x08001548       0x14 CMakeFiles/MASTER_ER.elf.dir/Core/Src/A1_driver.c.obj
                0x08001548                limiting_amplitude
 .text.HAL_UART_RxCpltCallback
                0x0800155c        0x2 CMakeFiles/MASTER_ER.elf.dir/Core/Src/A1_driver.c.obj
                0x0800155c                HAL_UART_RxCpltCallback
 *fill*         0x0800155e        0x2 
 .text.MX_CAN1_Init
                0x08001560       0x48 CMakeFiles/MASTER_ER.elf.dir/Core/Src/can.c.obj
                0x08001560                MX_CAN1_Init
 .text.MX_CAN2_Init
                0x080015a8       0x48 CMakeFiles/MASTER_ER.elf.dir/Core/Src/can.c.obj
                0x080015a8                MX_CAN2_Init
 .text.HAL_CAN_MspInit
                0x080015f0      0x124 CMakeFiles/MASTER_ER.elf.dir/Core/Src/can.c.obj
                0x080015f0                HAL_CAN_MspInit
 .text.my_can_filter_init_recv_all
                0x08001714       0x80 CMakeFiles/MASTER_ER.elf.dir/Core/Src/can_rec.c.obj
                0x08001714                my_can_filter_init_recv_all
 .text.send_shoot_speed
                0x08001794       0x48 CMakeFiles/MASTER_ER.elf.dir/Core/Src/can_rec.c.obj
                0x08001794                send_shoot_speed
 .text.send_command_to_chassis
                0x080017dc       0x48 CMakeFiles/MASTER_ER.elf.dir/Core/Src/can_rec.c.obj
                0x080017dc                send_command_to_chassis
 .text.HAL_CAN_RxFifo0MsgPendingCallback
                0x08001824       0x5c CMakeFiles/MASTER_ER.elf.dir/Core/Src/can_rec.c.obj
                0x08001824                HAL_CAN_RxFifo0MsgPendingCallback
 .text.crc32_core
                0x08001880       0x58 CMakeFiles/MASTER_ER.elf.dir/Core/Src/crc32.c.obj
                0x08001880                crc32_core
 .text.MX_DMA_Init
                0x080018d8       0x98 CMakeFiles/MASTER_ER.elf.dir/Core/Src/dma.c.obj
                0x080018d8                MX_DMA_Init
 .text.ManualAim
                0x08001970        0xa CMakeFiles/MASTER_ER.elf.dir/Core/Src/freertos.c.obj
                0x08001970                ManualAim
 *fill*         0x0800197a        0x2 
 .text.StartDebugTask
                0x0800197c       0x48 CMakeFiles/MASTER_ER.elf.dir/Core/Src/freertos.c.obj
                0x0800197c                StartDebugTask
 .text.PitchAndYaw
                0x080019c4       0x5c CMakeFiles/MASTER_ER.elf.dir/Core/Src/freertos.c.obj
                0x080019c4                PitchAndYaw
 .text.Shoot    0x08001a20       0x18 CMakeFiles/MASTER_ER.elf.dir/Core/Src/freertos.c.obj
                0x08001a20                Shoot
 .text.Controller
                0x08001a38       0xac CMakeFiles/MASTER_ER.elf.dir/Core/Src/freertos.c.obj
                0x08001a38                Controller
 .text.TakeRing
                0x08001ae4       0x76 CMakeFiles/MASTER_ER.elf.dir/Core/Src/freertos.c.obj
                0x08001ae4                TakeRing
 *fill*         0x08001b5a        0x2 
 .text.AutoAimTask
                0x08001b5c       0xe8 CMakeFiles/MASTER_ER.elf.dir/Core/Src/freertos.c.obj
                0x08001b5c                AutoAimTask
 .text.vApplicationGetIdleTaskMemory
                0x08001c44       0x18 CMakeFiles/MASTER_ER.elf.dir/Core/Src/freertos.c.obj
                0x08001c44                vApplicationGetIdleTaskMemory
 .text.MX_FREERTOS_Init
                0x08001c5c      0x1ec CMakeFiles/MASTER_ER.elf.dir/Core/Src/freertos.c.obj
                0x08001c5c                MX_FREERTOS_Init
 .text.MX_GPIO_Init
                0x08001e48      0x154 CMakeFiles/MASTER_ER.elf.dir/Core/Src/gpio.c.obj
                0x08001e48                MX_GPIO_Init
 .text.ring_load
                0x08001f9c       0x14 CMakeFiles/MASTER_ER.elf.dir/Core/Src/gpio.c.obj
                0x08001f9c                ring_load
 .text.ring_load_back
                0x08001fb0       0x14 CMakeFiles/MASTER_ER.elf.dir/Core/Src/gpio.c.obj
                0x08001fb0                ring_load_back
 .text.paw_clip
                0x08001fc4       0x14 CMakeFiles/MASTER_ER.elf.dir/Core/Src/gpio.c.obj
                0x08001fc4                paw_clip
 .text.paw_unclip
                0x08001fd8       0x14 CMakeFiles/MASTER_ER.elf.dir/Core/Src/gpio.c.obj
                0x08001fd8                paw_unclip
 .text.locater_data_rec
                0x08001fec       0x70 CMakeFiles/MASTER_ER.elf.dir/Core/Src/locater.c.obj
                0x08001fec                locater_data_rec
 .text.HAL_TIM_PeriodElapsedCallback
                0x0800205c       0x18 CMakeFiles/MASTER_ER.elf.dir/Core/Src/main.c.obj
                0x0800205c                HAL_TIM_PeriodElapsedCallback
 .text.Error_Handler
                0x08002074        0x4 CMakeFiles/MASTER_ER.elf.dir/Core/Src/main.c.obj
                0x08002074                Error_Handler
 .text.SystemClock_Config
                0x08002078       0xa8 CMakeFiles/MASTER_ER.elf.dir/Core/Src/main.c.obj
                0x08002078                SystemClock_Config
 .text.main     0x08002120       0x38 CMakeFiles/MASTER_ER.elf.dir/Core/Src/main.c.obj
                0x08002120                main
 .text.PID_Set  0x08002158       0x2e CMakeFiles/MASTER_ER.elf.dir/Core/Src/pid.c.obj
                0x08002158                PID_Set
 .text.PID_realise
                0x08002186       0xde CMakeFiles/MASTER_ER.elf.dir/Core/Src/pid.c.obj
                0x08002186                PID_realise
 .text.usart_printf
                0x08002264       0x38 CMakeFiles/MASTER_ER.elf.dir/Core/Src/printf.c.obj
                0x08002264                usart_printf
 .text.MX_SPI1_Init
                0x0800229c       0x44 CMakeFiles/MASTER_ER.elf.dir/Core/Src/spi.c.obj
                0x0800229c                MX_SPI1_Init
 .text.HAL_SPI_MspInit
                0x080022e0       0x70 CMakeFiles/MASTER_ER.elf.dir/Core/Src/spi.c.obj
                0x080022e0                HAL_SPI_MspInit
 .text.HAL_MspInit
                0x08002350       0x44 CMakeFiles/MASTER_ER.elf.dir/Core/Src/stm32f4xx_hal_msp.c.obj
                0x08002350                HAL_MspInit
 .text.HAL_InitTick
                0x08002394       0xa4 CMakeFiles/MASTER_ER.elf.dir/Core/Src/stm32f4xx_hal_timebase_tim.c.obj
                0x08002394                HAL_InitTick
 .text.NMI_Handler
                0x08002438        0x2 CMakeFiles/MASTER_ER.elf.dir/Core/Src/stm32f4xx_it.c.obj
                0x08002438                NMI_Handler
 .text.HardFault_Handler
                0x0800243a        0x2 CMakeFiles/MASTER_ER.elf.dir/Core/Src/stm32f4xx_it.c.obj
                0x0800243a                HardFault_Handler
 .text.MemManage_Handler
                0x0800243c        0x2 CMakeFiles/MASTER_ER.elf.dir/Core/Src/stm32f4xx_it.c.obj
                0x0800243c                MemManage_Handler
 .text.BusFault_Handler
                0x0800243e        0x2 CMakeFiles/MASTER_ER.elf.dir/Core/Src/stm32f4xx_it.c.obj
                0x0800243e                BusFault_Handler
 .text.UsageFault_Handler
                0x08002440        0x2 CMakeFiles/MASTER_ER.elf.dir/Core/Src/stm32f4xx_it.c.obj
                0x08002440                UsageFault_Handler
 .text.DebugMon_Handler
                0x08002442        0x2 CMakeFiles/MASTER_ER.elf.dir/Core/Src/stm32f4xx_it.c.obj
                0x08002442                DebugMon_Handler
 .text.EXTI4_IRQHandler
                0x08002444        0xa CMakeFiles/MASTER_ER.elf.dir/Core/Src/stm32f4xx_it.c.obj
                0x08002444                EXTI4_IRQHandler
 *fill*         0x0800244e        0x2 
 .text.DMA1_Stream1_IRQHandler
                0x08002450       0x10 CMakeFiles/MASTER_ER.elf.dir/Core/Src/stm32f4xx_it.c.obj
                0x08002450                DMA1_Stream1_IRQHandler
 .text.DMA1_Stream3_IRQHandler
                0x08002460       0x10 CMakeFiles/MASTER_ER.elf.dir/Core/Src/stm32f4xx_it.c.obj
                0x08002460                DMA1_Stream3_IRQHandler
 .text.DMA1_Stream5_IRQHandler
                0x08002470       0x10 CMakeFiles/MASTER_ER.elf.dir/Core/Src/stm32f4xx_it.c.obj
                0x08002470                DMA1_Stream5_IRQHandler
 .text.CAN1_RX0_IRQHandler
                0x08002480       0x10 CMakeFiles/MASTER_ER.elf.dir/Core/Src/stm32f4xx_it.c.obj
                0x08002480                CAN1_RX0_IRQHandler
 .text.USART1_IRQHandler
                0x08002490       0x10 CMakeFiles/MASTER_ER.elf.dir/Core/Src/stm32f4xx_it.c.obj
                0x08002490                USART1_IRQHandler
 .text.USART2_IRQHandler
                0x080024a0       0x68 CMakeFiles/MASTER_ER.elf.dir/Core/Src/stm32f4xx_it.c.obj
                0x080024a0                USART2_IRQHandler
 .text.USART3_IRQHandler
                0x08002508       0x68 CMakeFiles/MASTER_ER.elf.dir/Core/Src/stm32f4xx_it.c.obj
                0x08002508                USART3_IRQHandler
 .text.TIM7_IRQHandler
                0x08002570       0x10 CMakeFiles/MASTER_ER.elf.dir/Core/Src/stm32f4xx_it.c.obj
                0x08002570                TIM7_IRQHandler
 .text.DMA2_Stream1_IRQHandler
                0x08002580       0x10 CMakeFiles/MASTER_ER.elf.dir/Core/Src/stm32f4xx_it.c.obj
                0x08002580                DMA2_Stream1_IRQHandler
 .text.CAN2_RX0_IRQHandler
                0x08002590       0x10 CMakeFiles/MASTER_ER.elf.dir/Core/Src/stm32f4xx_it.c.obj
                0x08002590                CAN2_RX0_IRQHandler
 .text.DMA2_Stream6_IRQHandler
                0x080025a0       0x10 CMakeFiles/MASTER_ER.elf.dir/Core/Src/stm32f4xx_it.c.obj
                0x080025a0                DMA2_Stream6_IRQHandler
 .text.DMA2_Stream7_IRQHandler
                0x080025b0       0x10 CMakeFiles/MASTER_ER.elf.dir/Core/Src/stm32f4xx_it.c.obj
                0x080025b0                DMA2_Stream7_IRQHandler
 .text.USART6_IRQHandler
                0x080025c0       0xec CMakeFiles/MASTER_ER.elf.dir/Core/Src/stm32f4xx_it.c.obj
                0x080025c0                USART6_IRQHandler
 .text._getpid  0x080026ac        0x4 CMakeFiles/MASTER_ER.elf.dir/Core/Src/syscalls.c.obj
                0x080026ac                _getpid
 .text._kill    0x080026b0       0x10 CMakeFiles/MASTER_ER.elf.dir/Core/Src/syscalls.c.obj
                0x080026b0                _kill
 .text._exit    0x080026c0        0xc CMakeFiles/MASTER_ER.elf.dir/Core/Src/syscalls.c.obj
                0x080026c0                _exit
 .text._read    0x080026cc       0x20 CMakeFiles/MASTER_ER.elf.dir/Core/Src/syscalls.c.obj
                0x080026cc                _read
 .text._write   0x080026ec       0x1c CMakeFiles/MASTER_ER.elf.dir/Core/Src/syscalls.c.obj
                0x080026ec                _write
 .text._close   0x08002708        0x6 CMakeFiles/MASTER_ER.elf.dir/Core/Src/syscalls.c.obj
                0x08002708                _close
 .text._fstat   0x0800270e        0xa CMakeFiles/MASTER_ER.elf.dir/Core/Src/syscalls.c.obj
                0x0800270e                _fstat
 .text._isatty  0x08002718        0x4 CMakeFiles/MASTER_ER.elf.dir/Core/Src/syscalls.c.obj
                0x08002718                _isatty
 .text._lseek   0x0800271c        0x4 CMakeFiles/MASTER_ER.elf.dir/Core/Src/syscalls.c.obj
                0x0800271c                _lseek
 .text._sbrk    0x08002720       0x48 CMakeFiles/MASTER_ER.elf.dir/Core/Src/sysmem.c.obj
                0x08002720                _sbrk
 .text.SystemInit
                0x08002768       0x14 CMakeFiles/MASTER_ER.elf.dir/Core/Src/system_stm32f4xx.c.obj
                0x08002768                SystemInit
 .text.MX_USART1_UART_Init
                0x0800277c       0x34 CMakeFiles/MASTER_ER.elf.dir/Core/Src/usart.c.obj
                0x0800277c                MX_USART1_UART_Init
 .text.MX_USART2_UART_Init
                0x080027b0       0x4c CMakeFiles/MASTER_ER.elf.dir/Core/Src/usart.c.obj
                0x080027b0                MX_USART2_UART_Init
 .text.MX_USART3_UART_Init
                0x080027fc       0x4c CMakeFiles/MASTER_ER.elf.dir/Core/Src/usart.c.obj
                0x080027fc                MX_USART3_UART_Init
 .text.MX_USART6_UART_Init
                0x08002848       0x50 CMakeFiles/MASTER_ER.elf.dir/Core/Src/usart.c.obj
                0x08002848                MX_USART6_UART_Init
 .text.HAL_UART_MspInit
                0x08002898      0x31c CMakeFiles/MASTER_ER.elf.dir/Core/Src/usart.c.obj
                0x08002898                HAL_UART_MspInit
 .text.Reset_Handler
                0x08002bb4       0x50 CMakeFiles/MASTER_ER.elf.dir/Core/Startup/startup_stm32f407zgtx.s.obj
                0x08002bb4                Reset_Handler
 .text.Default_Handler
                0x08002c04        0x2 CMakeFiles/MASTER_ER.elf.dir/Core/Startup/startup_stm32f407zgtx.s.obj
                0x08002c04                RTC_Alarm_IRQHandler
                0x08002c04                HASH_RNG_IRQHandler
                0x08002c04                EXTI2_IRQHandler
                0x08002c04                TIM8_CC_IRQHandler
                0x08002c04                TIM1_CC_IRQHandler
                0x08002c04                DMA2_Stream5_IRQHandler
                0x08002c04                PVD_IRQHandler
                0x08002c04                SDIO_IRQHandler
                0x08002c04                TAMP_STAMP_IRQHandler
                0x08002c04                CAN2_RX1_IRQHandler
                0x08002c04                EXTI3_IRQHandler
                0x08002c04                TIM8_TRG_COM_TIM14_IRQHandler
                0x08002c04                TIM1_UP_TIM10_IRQHandler
                0x08002c04                TIM8_UP_TIM13_IRQHandler
                0x08002c04                I2C3_ER_IRQHandler
                0x08002c04                EXTI0_IRQHandler
                0x08002c04                I2C2_EV_IRQHandler
                0x08002c04                DMA1_Stream2_IRQHandler
                0x08002c04                FPU_IRQHandler
                0x08002c04                OTG_HS_WKUP_IRQHandler
                0x08002c04                CAN2_SCE_IRQHandler
                0x08002c04                DMA2_Stream2_IRQHandler
                0x08002c04                SPI1_IRQHandler
                0x08002c04                TIM6_DAC_IRQHandler
                0x08002c04                TIM1_BRK_TIM9_IRQHandler
                0x08002c04                DCMI_IRQHandler
                0x08002c04                DMA2_Stream3_IRQHandler
                0x08002c04                CAN1_RX1_IRQHandler
                0x08002c04                UART5_IRQHandler
                0x08002c04                DMA2_Stream0_IRQHandler
                0x08002c04                TIM4_IRQHandler
                0x08002c04                I2C1_EV_IRQHandler
                0x08002c04                DMA1_Stream6_IRQHandler
                0x08002c04                UART4_IRQHandler
                0x08002c04                TIM3_IRQHandler
                0x08002c04                RCC_IRQHandler
                0x08002c04                TIM8_BRK_TIM12_IRQHandler
                0x08002c04                Default_Handler
                0x08002c04                EXTI15_10_IRQHandler
                0x08002c04                ADC_IRQHandler
                0x08002c04                DMA1_Stream7_IRQHandler
                0x08002c04                CAN2_TX_IRQHandler
                0x08002c04                TIM5_IRQHandler
                0x08002c04                I2C3_EV_IRQHandler
                0x08002c04                EXTI9_5_IRQHandler
                0x08002c04                RTC_WKUP_IRQHandler
                0x08002c04                ETH_WKUP_IRQHandler
                0x08002c04                SPI2_IRQHandler
                0x08002c04                OTG_HS_EP1_IN_IRQHandler
                0x08002c04                DMA1_Stream0_IRQHandler
                0x08002c04                CAN1_TX_IRQHandler
                0x08002c04                FSMC_IRQHandler
                0x08002c04                ETH_IRQHandler
                0x08002c04                OTG_HS_EP1_OUT_IRQHandler
                0x08002c04                WWDG_IRQHandler
                0x08002c04                TIM2_IRQHandler
                0x08002c04                OTG_FS_WKUP_IRQHandler
                0x08002c04                TIM1_TRG_COM_TIM11_IRQHandler
                0x08002c04                OTG_HS_IRQHandler
                0x08002c04                EXTI1_IRQHandler
                0x08002c04                I2C2_ER_IRQHandler
                0x08002c04                CAN1_SCE_IRQHandler
                0x08002c04                FLASH_IRQHandler
                0x08002c04                DMA2_Stream4_IRQHandler
                0x08002c04                OTG_FS_IRQHandler
                0x08002c04                SPI3_IRQHandler
                0x08002c04                DMA1_Stream4_IRQHandler
                0x08002c04                I2C1_ER_IRQHandler
 *fill*         0x08002c06        0x2 
 .text.HAL_Init
                0x08002c08       0x34 CMakeFiles/MASTER_ER.elf.dir/Drivers/STM32F4xx_HAL_Driver/Src/stm32f4xx_hal.c.obj
                0x08002c08                HAL_Init
 .text.HAL_IncTick
                0x08002c3c       0x18 CMakeFiles/MASTER_ER.elf.dir/Drivers/STM32F4xx_HAL_Driver/Src/stm32f4xx_hal.c.obj
                0x08002c3c                HAL_IncTick
 .text.HAL_GetTick
                0x08002c54        0xc CMakeFiles/MASTER_ER.elf.dir/Drivers/STM32F4xx_HAL_Driver/Src/stm32f4xx_hal.c.obj
                0x08002c54                HAL_GetTick
 .text.HAL_CAN_Init
                0x08002c60      0x14c CMakeFiles/MASTER_ER.elf.dir/Drivers/STM32F4xx_HAL_Driver/Src/stm32f4xx_hal_can.c.obj
                0x08002c60                HAL_CAN_Init
 .text.HAL_CAN_ConfigFilter
                0x08002dac      0x138 CMakeFiles/MASTER_ER.elf.dir/Drivers/STM32F4xx_HAL_Driver/Src/stm32f4xx_hal_can.c.obj
                0x08002dac                HAL_CAN_ConfigFilter
 .text.HAL_CAN_Start
                0x08002ee4       0x5c CMakeFiles/MASTER_ER.elf.dir/Drivers/STM32F4xx_HAL_Driver/Src/stm32f4xx_hal_can.c.obj
                0x08002ee4                HAL_CAN_Start
 .text.HAL_CAN_AddTxMessage
                0x08002f40       0xfc CMakeFiles/MASTER_ER.elf.dir/Drivers/STM32F4xx_HAL_Driver/Src/stm32f4xx_hal_can.c.obj
                0x08002f40                HAL_CAN_AddTxMessage
 .text.HAL_CAN_GetTxMailboxesFreeLevel
                0x0800303c       0x32 CMakeFiles/MASTER_ER.elf.dir/Drivers/STM32F4xx_HAL_Driver/Src/stm32f4xx_hal_can.c.obj
                0x0800303c                HAL_CAN_GetTxMailboxesFreeLevel
 .text.HAL_CAN_GetRxMessage
                0x0800306e      0x14a CMakeFiles/MASTER_ER.elf.dir/Drivers/STM32F4xx_HAL_Driver/Src/stm32f4xx_hal_can.c.obj
                0x0800306e                HAL_CAN_GetRxMessage
 .text.HAL_CAN_ActivateNotification
                0x080031b8       0x24 CMakeFiles/MASTER_ER.elf.dir/Drivers/STM32F4xx_HAL_Driver/Src/stm32f4xx_hal_can.c.obj
                0x080031b8                HAL_CAN_ActivateNotification
 .text.HAL_CAN_TxMailbox0CompleteCallback
                0x080031dc        0x2 CMakeFiles/MASTER_ER.elf.dir/Drivers/STM32F4xx_HAL_Driver/Src/stm32f4xx_hal_can.c.obj
                0x080031dc                HAL_CAN_TxMailbox0CompleteCallback
 .text.HAL_CAN_TxMailbox1CompleteCallback
                0x080031de        0x2 CMakeFiles/MASTER_ER.elf.dir/Drivers/STM32F4xx_HAL_Driver/Src/stm32f4xx_hal_can.c.obj
                0x080031de                HAL_CAN_TxMailbox1CompleteCallback
 .text.HAL_CAN_TxMailbox2CompleteCallback
                0x080031e0        0x2 CMakeFiles/MASTER_ER.elf.dir/Drivers/STM32F4xx_HAL_Driver/Src/stm32f4xx_hal_can.c.obj
                0x080031e0                HAL_CAN_TxMailbox2CompleteCallback
 .text.HAL_CAN_TxMailbox0AbortCallback
                0x080031e2        0x2 CMakeFiles/MASTER_ER.elf.dir/Drivers/STM32F4xx_HAL_Driver/Src/stm32f4xx_hal_can.c.obj
                0x080031e2                HAL_CAN_TxMailbox0AbortCallback
 .text.HAL_CAN_TxMailbox1AbortCallback
                0x080031e4        0x2 CMakeFiles/MASTER_ER.elf.dir/Drivers/STM32F4xx_HAL_Driver/Src/stm32f4xx_hal_can.c.obj
                0x080031e4                HAL_CAN_TxMailbox1AbortCallback
 .text.HAL_CAN_TxMailbox2AbortCallback
                0x080031e6        0x2 CMakeFiles/MASTER_ER.elf.dir/Drivers/STM32F4xx_HAL_Driver/Src/stm32f4xx_hal_can.c.obj
                0x080031e6                HAL_CAN_TxMailbox2AbortCallback
 .text.HAL_CAN_RxFifo0FullCallback
                0x080031e8        0x2 CMakeFiles/MASTER_ER.elf.dir/Drivers/STM32F4xx_HAL_Driver/Src/stm32f4xx_hal_can.c.obj
                0x080031e8                HAL_CAN_RxFifo0FullCallback
 .text.HAL_CAN_RxFifo1MsgPendingCallback
                0x080031ea        0x2 CMakeFiles/MASTER_ER.elf.dir/Drivers/STM32F4xx_HAL_Driver/Src/stm32f4xx_hal_can.c.obj
                0x080031ea                HAL_CAN_RxFifo1MsgPendingCallback
 .text.HAL_CAN_RxFifo1FullCallback
                0x080031ec        0x2 CMakeFiles/MASTER_ER.elf.dir/Drivers/STM32F4xx_HAL_Driver/Src/stm32f4xx_hal_can.c.obj
                0x080031ec                HAL_CAN_RxFifo1FullCallback
 .text.HAL_CAN_SleepCallback
                0x080031ee        0x2 CMakeFiles/MASTER_ER.elf.dir/Drivers/STM32F4xx_HAL_Driver/Src/stm32f4xx_hal_can.c.obj
                0x080031ee                HAL_CAN_SleepCallback
 .text.HAL_CAN_WakeUpFromRxMsgCallback
                0x080031f0        0x2 CMakeFiles/MASTER_ER.elf.dir/Drivers/STM32F4xx_HAL_Driver/Src/stm32f4xx_hal_can.c.obj
                0x080031f0                HAL_CAN_WakeUpFromRxMsgCallback
 .text.HAL_CAN_ErrorCallback
                0x080031f2        0x2 CMakeFiles/MASTER_ER.elf.dir/Drivers/STM32F4xx_HAL_Driver/Src/stm32f4xx_hal_can.c.obj
                0x080031f2                HAL_CAN_ErrorCallback
 .text.HAL_CAN_IRQHandler
                0x080031f4      0x24a CMakeFiles/MASTER_ER.elf.dir/Drivers/STM32F4xx_HAL_Driver/Src/stm32f4xx_hal_can.c.obj
                0x080031f4                HAL_CAN_IRQHandler
 *fill*         0x0800343e        0x2 
 .text.HAL_NVIC_SetPriorityGrouping
                0x08003440       0x24 CMakeFiles/MASTER_ER.elf.dir/Drivers/STM32F4xx_HAL_Driver/Src/stm32f4xx_hal_cortex.c.obj
                0x08003440                HAL_NVIC_SetPriorityGrouping
 .text.HAL_NVIC_SetPriority
                0x08003464       0x74 CMakeFiles/MASTER_ER.elf.dir/Drivers/STM32F4xx_HAL_Driver/Src/stm32f4xx_hal_cortex.c.obj
                0x08003464                HAL_NVIC_SetPriority
 .text.HAL_NVIC_EnableIRQ
                0x080034d8       0x18 CMakeFiles/MASTER_ER.elf.dir/Drivers/STM32F4xx_HAL_Driver/Src/stm32f4xx_hal_cortex.c.obj
                0x080034d8                HAL_NVIC_EnableIRQ
 .text.DMA_SetConfig
                0x080034f0       0x2c CMakeFiles/MASTER_ER.elf.dir/Drivers/STM32F4xx_HAL_Driver/Src/stm32f4xx_hal_dma.c.obj
 .text.DMA_CalcBaseAndBitshift
                0x0800351c       0x44 CMakeFiles/MASTER_ER.elf.dir/Drivers/STM32F4xx_HAL_Driver/Src/stm32f4xx_hal_dma.c.obj
 .text.DMA_CheckFifoParam
                0x08003560       0x8e CMakeFiles/MASTER_ER.elf.dir/Drivers/STM32F4xx_HAL_Driver/Src/stm32f4xx_hal_dma.c.obj
 *fill*         0x080035ee        0x2 
 .text.HAL_DMA_Init
                0x080035f0       0xcc CMakeFiles/MASTER_ER.elf.dir/Drivers/STM32F4xx_HAL_Driver/Src/stm32f4xx_hal_dma.c.obj
                0x080035f0                HAL_DMA_Init
 .text.HAL_DMA_Start_IT
                0x080036bc       0x6a CMakeFiles/MASTER_ER.elf.dir/Drivers/STM32F4xx_HAL_Driver/Src/stm32f4xx_hal_dma.c.obj
                0x080036bc                HAL_DMA_Start_IT
 .text.HAL_DMA_Abort
                0x08003726       0x94 CMakeFiles/MASTER_ER.elf.dir/Drivers/STM32F4xx_HAL_Driver/Src/stm32f4xx_hal_dma.c.obj
                0x08003726                HAL_DMA_Abort
 .text.HAL_DMA_Abort_IT
                0x080037ba       0x26 CMakeFiles/MASTER_ER.elf.dir/Drivers/STM32F4xx_HAL_Driver/Src/stm32f4xx_hal_dma.c.obj
                0x080037ba                HAL_DMA_Abort_IT
 .text.HAL_DMA_IRQHandler
                0x080037e0      0x1dc CMakeFiles/MASTER_ER.elf.dir/Drivers/STM32F4xx_HAL_Driver/Src/stm32f4xx_hal_dma.c.obj
                0x080037e0                HAL_DMA_IRQHandler
 .text.HAL_GPIO_Init
                0x080039bc      0x1e4 CMakeFiles/MASTER_ER.elf.dir/Drivers/STM32F4xx_HAL_Driver/Src/stm32f4xx_hal_gpio.c.obj
                0x080039bc                HAL_GPIO_Init
 .text.HAL_GPIO_WritePin
                0x08003ba0        0xc CMakeFiles/MASTER_ER.elf.dir/Drivers/STM32F4xx_HAL_Driver/Src/stm32f4xx_hal_gpio.c.obj
                0x08003ba0                HAL_GPIO_WritePin
 .text.HAL_GPIO_TogglePin
                0x08003bac       0x12 CMakeFiles/MASTER_ER.elf.dir/Drivers/STM32F4xx_HAL_Driver/Src/stm32f4xx_hal_gpio.c.obj
                0x08003bac                HAL_GPIO_TogglePin
 *fill*         0x08003bbe        0x2 
 .text.HAL_GPIO_EXTI_IRQHandler
                0x08003bc0       0x1c CMakeFiles/MASTER_ER.elf.dir/Drivers/STM32F4xx_HAL_Driver/Src/stm32f4xx_hal_gpio.c.obj
                0x08003bc0                HAL_GPIO_EXTI_IRQHandler
 .text.HAL_RCC_OscConfig
                0x08003bdc      0x3f8 CMakeFiles/MASTER_ER.elf.dir/Drivers/STM32F4xx_HAL_Driver/Src/stm32f4xx_hal_rcc.c.obj
                0x08003bdc                HAL_RCC_OscConfig
 .text.HAL_RCC_GetSysClockFreq
                0x08003fd4       0xd4 CMakeFiles/MASTER_ER.elf.dir/Drivers/STM32F4xx_HAL_Driver/Src/stm32f4xx_hal_rcc.c.obj
                0x08003fd4                HAL_RCC_GetSysClockFreq
 .text.HAL_RCC_ClockConfig
                0x080040a8      0x160 CMakeFiles/MASTER_ER.elf.dir/Drivers/STM32F4xx_HAL_Driver/Src/stm32f4xx_hal_rcc.c.obj
                0x080040a8                HAL_RCC_ClockConfig
 .text.HAL_RCC_GetHCLKFreq
                0x08004208        0xc CMakeFiles/MASTER_ER.elf.dir/Drivers/STM32F4xx_HAL_Driver/Src/stm32f4xx_hal_rcc.c.obj
                0x08004208                HAL_RCC_GetHCLKFreq
 .text.HAL_RCC_GetPCLK1Freq
                0x08004214       0x20 CMakeFiles/MASTER_ER.elf.dir/Drivers/STM32F4xx_HAL_Driver/Src/stm32f4xx_hal_rcc.c.obj
                0x08004214                HAL_RCC_GetPCLK1Freq
 .text.HAL_RCC_GetPCLK2Freq
                0x08004234       0x20 CMakeFiles/MASTER_ER.elf.dir/Drivers/STM32F4xx_HAL_Driver/Src/stm32f4xx_hal_rcc.c.obj
                0x08004234                HAL_RCC_GetPCLK2Freq
 .text.HAL_RCC_GetClockConfig
                0x08004254       0x3c CMakeFiles/MASTER_ER.elf.dir/Drivers/STM32F4xx_HAL_Driver/Src/stm32f4xx_hal_rcc.c.obj
                0x08004254                HAL_RCC_GetClockConfig
 .text.SPI_WaitFlagStateUntilTimeout
                0x08004290       0xd4 CMakeFiles/MASTER_ER.elf.dir/Drivers/STM32F4xx_HAL_Driver/Src/stm32f4xx_hal_spi.c.obj
 .text.SPI_EndRxTxTransaction
                0x08004364       0x68 CMakeFiles/MASTER_ER.elf.dir/Drivers/STM32F4xx_HAL_Driver/Src/stm32f4xx_hal_spi.c.obj
 .text.HAL_SPI_Init
                0x080043cc       0xbe CMakeFiles/MASTER_ER.elf.dir/Drivers/STM32F4xx_HAL_Driver/Src/stm32f4xx_hal_spi.c.obj
                0x080043cc                HAL_SPI_Init
 .text.HAL_SPI_TransmitReceive
                0x0800448a      0x238 CMakeFiles/MASTER_ER.elf.dir/Drivers/STM32F4xx_HAL_Driver/Src/stm32f4xx_hal_spi.c.obj
                0x0800448a                HAL_SPI_TransmitReceive
 .text.HAL_TIM_Base_MspInit
                0x080046c2        0x2 CMakeFiles/MASTER_ER.elf.dir/Drivers/STM32F4xx_HAL_Driver/Src/stm32f4xx_hal_tim.c.obj
                0x080046c2                HAL_TIM_Base_MspInit
 .text.HAL_TIM_Base_Start_IT
                0x080046c4       0x88 CMakeFiles/MASTER_ER.elf.dir/Drivers/STM32F4xx_HAL_Driver/Src/stm32f4xx_hal_tim.c.obj
                0x080046c4                HAL_TIM_Base_Start_IT
 .text.HAL_TIM_OC_DelayElapsedCallback
                0x0800474c        0x2 CMakeFiles/MASTER_ER.elf.dir/Drivers/STM32F4xx_HAL_Driver/Src/stm32f4xx_hal_tim.c.obj
                0x0800474c                HAL_TIM_OC_DelayElapsedCallback
 .text.HAL_TIM_IC_CaptureCallback
                0x0800474e        0x2 CMakeFiles/MASTER_ER.elf.dir/Drivers/STM32F4xx_HAL_Driver/Src/stm32f4xx_hal_tim.c.obj
                0x0800474e                HAL_TIM_IC_CaptureCallback
 .text.HAL_TIM_PWM_PulseFinishedCallback
                0x08004750        0x2 CMakeFiles/MASTER_ER.elf.dir/Drivers/STM32F4xx_HAL_Driver/Src/stm32f4xx_hal_tim.c.obj
                0x08004750                HAL_TIM_PWM_PulseFinishedCallback
 .text.HAL_TIM_TriggerCallback
                0x08004752        0x2 CMakeFiles/MASTER_ER.elf.dir/Drivers/STM32F4xx_HAL_Driver/Src/stm32f4xx_hal_tim.c.obj
                0x08004752                HAL_TIM_TriggerCallback
 .text.HAL_TIM_IRQHandler
                0x08004754      0x17a CMakeFiles/MASTER_ER.elf.dir/Drivers/STM32F4xx_HAL_Driver/Src/stm32f4xx_hal_tim.c.obj
                0x08004754                HAL_TIM_IRQHandler
 *fill*         0x080048ce        0x2 
 .text.TIM_Base_SetConfig
                0x080048d0       0xc8 CMakeFiles/MASTER_ER.elf.dir/Drivers/STM32F4xx_HAL_Driver/Src/stm32f4xx_hal_tim.c.obj
                0x080048d0                TIM_Base_SetConfig
 .text.HAL_TIM_Base_Init
                0x08004998       0x58 CMakeFiles/MASTER_ER.elf.dir/Drivers/STM32F4xx_HAL_Driver/Src/stm32f4xx_hal_tim.c.obj
                0x08004998                HAL_TIM_Base_Init
 .text.HAL_TIMEx_CommutCallback
                0x080049f0        0x2 CMakeFiles/MASTER_ER.elf.dir/Drivers/STM32F4xx_HAL_Driver/Src/stm32f4xx_hal_tim_ex.c.obj
                0x080049f0                HAL_TIMEx_CommutCallback
 .text.HAL_TIMEx_BreakCallback
                0x080049f2        0x2 CMakeFiles/MASTER_ER.elf.dir/Drivers/STM32F4xx_HAL_Driver/Src/stm32f4xx_hal_tim_ex.c.obj
                0x080049f2                HAL_TIMEx_BreakCallback
 .text.UART_EndTxTransfer
                0x080049f4       0x20 CMakeFiles/MASTER_ER.elf.dir/Drivers/STM32F4xx_HAL_Driver/Src/stm32f4xx_hal_uart.c.obj
 .text.UART_EndRxTransfer
                0x08004a14       0x5c CMakeFiles/MASTER_ER.elf.dir/Drivers/STM32F4xx_HAL_Driver/Src/stm32f4xx_hal_uart.c.obj
 .text.UART_Transmit_IT
                0x08004a70       0x60 CMakeFiles/MASTER_ER.elf.dir/Drivers/STM32F4xx_HAL_Driver/Src/stm32f4xx_hal_uart.c.obj
 .text.UART_SetConfig
                0x08004ad0      0x110 CMakeFiles/MASTER_ER.elf.dir/Drivers/STM32F4xx_HAL_Driver/Src/stm32f4xx_hal_uart.c.obj
 .text.HAL_UART_Init
                0x08004be0       0x5e CMakeFiles/MASTER_ER.elf.dir/Drivers/STM32F4xx_HAL_Driver/Src/stm32f4xx_hal_uart.c.obj
                0x08004be0                HAL_UART_Init
 *fill*         0x08004c3e        0x2 
 .text.HAL_UART_Transmit_DMA
                0x08004c40       0x9c CMakeFiles/MASTER_ER.elf.dir/Drivers/STM32F4xx_HAL_Driver/Src/stm32f4xx_hal_uart.c.obj
                0x08004c40                HAL_UART_Transmit_DMA
 .text.HAL_UART_DMAStop
                0x08004cdc       0x84 CMakeFiles/MASTER_ER.elf.dir/Drivers/STM32F4xx_HAL_Driver/Src/stm32f4xx_hal_uart.c.obj
                0x08004cdc                HAL_UART_DMAStop
 .text.HAL_UART_TxCpltCallback
                0x08004d60        0x2 CMakeFiles/MASTER_ER.elf.dir/Drivers/STM32F4xx_HAL_Driver/Src/stm32f4xx_hal_uart.c.obj
                0x08004d60                HAL_UART_TxCpltCallback
 .text.UART_DMATransmitCplt
                0x08004d62       0x4c CMakeFiles/MASTER_ER.elf.dir/Drivers/STM32F4xx_HAL_Driver/Src/stm32f4xx_hal_uart.c.obj
 .text.UART_EndTransmit_IT
                0x08004dae       0x1a CMakeFiles/MASTER_ER.elf.dir/Drivers/STM32F4xx_HAL_Driver/Src/stm32f4xx_hal_uart.c.obj
 .text.HAL_UART_TxHalfCpltCallback
                0x08004dc8        0x2 CMakeFiles/MASTER_ER.elf.dir/Drivers/STM32F4xx_HAL_Driver/Src/stm32f4xx_hal_uart.c.obj
                0x08004dc8                HAL_UART_TxHalfCpltCallback
 .text.UART_DMATxHalfCplt
                0x08004dca        0xa CMakeFiles/MASTER_ER.elf.dir/Drivers/STM32F4xx_HAL_Driver/Src/stm32f4xx_hal_uart.c.obj
 .text.HAL_UART_RxHalfCpltCallback
                0x08004dd4        0x2 CMakeFiles/MASTER_ER.elf.dir/Drivers/STM32F4xx_HAL_Driver/Src/stm32f4xx_hal_uart.c.obj
                0x08004dd4                HAL_UART_RxHalfCpltCallback
 .text.HAL_UART_ErrorCallback
                0x08004dd6        0x2 CMakeFiles/MASTER_ER.elf.dir/Drivers/STM32F4xx_HAL_Driver/Src/stm32f4xx_hal_uart.c.obj
                0x08004dd6                HAL_UART_ErrorCallback
 .text.UART_DMAError
                0x08004dd8       0x58 CMakeFiles/MASTER_ER.elf.dir/Drivers/STM32F4xx_HAL_Driver/Src/stm32f4xx_hal_uart.c.obj
 .text.UART_DMAAbortOnError
                0x08004e30       0x10 CMakeFiles/MASTER_ER.elf.dir/Drivers/STM32F4xx_HAL_Driver/Src/stm32f4xx_hal_uart.c.obj
 .text.HAL_UARTEx_RxEventCallback
                0x08004e40        0x2 CMakeFiles/MASTER_ER.elf.dir/Drivers/STM32F4xx_HAL_Driver/Src/stm32f4xx_hal_uart.c.obj
                0x08004e40                HAL_UARTEx_RxEventCallback
 .text.UART_Receive_IT
                0x08004e42       0xe2 CMakeFiles/MASTER_ER.elf.dir/Drivers/STM32F4xx_HAL_Driver/Src/stm32f4xx_hal_uart.c.obj
 .text.HAL_UART_IRQHandler
                0x08004f24      0x280 CMakeFiles/MASTER_ER.elf.dir/Drivers/STM32F4xx_HAL_Driver/Src/stm32f4xx_hal_uart.c.obj
                0x08004f24                HAL_UART_IRQHandler
 .text.UART_DMARxHalfCplt
                0x080051a4       0x1a CMakeFiles/MASTER_ER.elf.dir/Drivers/STM32F4xx_HAL_Driver/Src/stm32f4xx_hal_uart.c.obj
 .text.UART_DMAReceiveCplt
                0x080051be       0x96 CMakeFiles/MASTER_ER.elf.dir/Drivers/STM32F4xx_HAL_Driver/Src/stm32f4xx_hal_uart.c.obj
 .text.UART_Start_Receive_DMA
                0x08005254       0xa8 CMakeFiles/MASTER_ER.elf.dir/Drivers/STM32F4xx_HAL_Driver/Src/stm32f4xx_hal_uart.c.obj
                0x08005254                UART_Start_Receive_DMA
 .text.HAL_UART_Receive_DMA
                0x080052fc       0x38 CMakeFiles/MASTER_ER.elf.dir/Drivers/STM32F4xx_HAL_Driver/Src/stm32f4xx_hal_uart.c.obj
                0x080052fc                HAL_UART_Receive_DMA
 .text.makeFreeRtosPriority
                0x08005334        0xc CMakeFiles/MASTER_ER.elf.dir/Middlewares/Third_Party/FreeRTOS/Source/CMSIS_RTOS/cmsis_os.c.obj
 .text.osKernelStart
                0x08005340        0xa CMakeFiles/MASTER_ER.elf.dir/Middlewares/Third_Party/FreeRTOS/Source/CMSIS_RTOS/cmsis_os.c.obj
                0x08005340                osKernelStart
 .text.osThreadCreate
                0x0800534a       0x6a CMakeFiles/MASTER_ER.elf.dir/Middlewares/Third_Party/FreeRTOS/Source/CMSIS_RTOS/cmsis_os.c.obj
                0x0800534a                osThreadCreate
 .text.osDelay  0x080053b4        0xe CMakeFiles/MASTER_ER.elf.dir/Middlewares/Third_Party/FreeRTOS/Source/CMSIS_RTOS/cmsis_os.c.obj
                0x080053b4                osDelay
 .text.osMessageCreate
                0x080053c2       0x2a CMakeFiles/MASTER_ER.elf.dir/Middlewares/Third_Party/FreeRTOS/Source/CMSIS_RTOS/cmsis_os.c.obj
                0x080053c2                osMessageCreate
 .text.vListInitialise
                0x080053ec       0x16 CMakeFiles/MASTER_ER.elf.dir/Middlewares/Third_Party/FreeRTOS/Source/list.c.obj
                0x080053ec                vListInitialise
 .text.vListInitialiseItem
                0x08005402        0x6 CMakeFiles/MASTER_ER.elf.dir/Middlewares/Third_Party/FreeRTOS/Source/list.c.obj
                0x08005402                vListInitialiseItem
 .text.vListInsertEnd
                0x08005408       0x16 CMakeFiles/MASTER_ER.elf.dir/Middlewares/Third_Party/FreeRTOS/Source/list.c.obj
                0x08005408                vListInsertEnd
 .text.vListInsert
                0x0800541e       0x32 CMakeFiles/MASTER_ER.elf.dir/Middlewares/Third_Party/FreeRTOS/Source/list.c.obj
                0x0800541e                vListInsert
 .text.uxListRemove
                0x08005450       0x26 CMakeFiles/MASTER_ER.elf.dir/Middlewares/Third_Party/FreeRTOS/Source/list.c.obj
                0x08005450                uxListRemove
 *fill*         0x08005476        0x2 
 .text.prvTaskExitError
                0x08005478       0x40 CMakeFiles/MASTER_ER.elf.dir/Middlewares/Third_Party/FreeRTOS/Source/portable/GCC/ARM_CM4F/port.c.obj
 .text.prvPortStartFirstTask
                0x080054b8       0x28 CMakeFiles/MASTER_ER.elf.dir/Middlewares/Third_Party/FreeRTOS/Source/portable/GCC/ARM_CM4F/port.c.obj
 .text.vPortEnableVFP
                0x080054e0       0x14 CMakeFiles/MASTER_ER.elf.dir/Middlewares/Third_Party/FreeRTOS/Source/portable/GCC/ARM_CM4F/port.c.obj
 .text.pxPortInitialiseStack
                0x080054f4       0x2c CMakeFiles/MASTER_ER.elf.dir/Middlewares/Third_Party/FreeRTOS/Source/portable/GCC/ARM_CM4F/port.c.obj
                0x080054f4                pxPortInitialiseStack
 .text.SVC_Handler
                0x08005520       0x24 CMakeFiles/MASTER_ER.elf.dir/Middlewares/Third_Party/FreeRTOS/Source/portable/GCC/ARM_CM4F/port.c.obj
                0x08005520                SVC_Handler
 .text.vPortEnterCritical
                0x08005544       0x44 CMakeFiles/MASTER_ER.elf.dir/Middlewares/Third_Party/FreeRTOS/Source/portable/GCC/ARM_CM4F/port.c.obj
                0x08005544                vPortEnterCritical
 .text.vPortExitCritical
                0x08005588       0x2c CMakeFiles/MASTER_ER.elf.dir/Middlewares/Third_Party/FreeRTOS/Source/portable/GCC/ARM_CM4F/port.c.obj
                0x08005588                vPortExitCritical
 *fill*         0x080055b4        0xc 
 .text.PendSV_Handler
                0x080055c0       0x64 CMakeFiles/MASTER_ER.elf.dir/Middlewares/Third_Party/FreeRTOS/Source/portable/GCC/ARM_CM4F/port.c.obj
                0x080055c0                PendSV_Handler
 .text.SysTick_Handler
                0x08005624       0x2c CMakeFiles/MASTER_ER.elf.dir/Middlewares/Third_Party/FreeRTOS/Source/portable/GCC/ARM_CM4F/port.c.obj
                0x08005624                SysTick_Handler
 .text.vPortSetupTimerInterrupt
                0x08005650       0x28 CMakeFiles/MASTER_ER.elf.dir/Middlewares/Third_Party/FreeRTOS/Source/portable/GCC/ARM_CM4F/port.c.obj
                0x08005650                vPortSetupTimerInterrupt
 .text.xPortStartScheduler
                0x08005678      0x118 CMakeFiles/MASTER_ER.elf.dir/Middlewares/Third_Party/FreeRTOS/Source/portable/GCC/ARM_CM4F/port.c.obj
                0x08005678                xPortStartScheduler
 .text.vPortValidateInterruptPriority
                0x08005790       0x5c CMakeFiles/MASTER_ER.elf.dir/Middlewares/Third_Party/FreeRTOS/Source/portable/GCC/ARM_CM4F/port.c.obj
                0x08005790                vPortValidateInterruptPriority
 .text.prvHeapInit
                0x080057ec       0x64 CMakeFiles/MASTER_ER.elf.dir/Middlewares/Third_Party/FreeRTOS/Source/portable/MemMang/heap_4.c.obj
 .text.prvInsertBlockIntoFreeList
                0x08005850       0x64 CMakeFiles/MASTER_ER.elf.dir/Middlewares/Third_Party/FreeRTOS/Source/portable/MemMang/heap_4.c.obj
 .text.pvPortMalloc
                0x080058b4       0xfc CMakeFiles/MASTER_ER.elf.dir/Middlewares/Third_Party/FreeRTOS/Source/portable/MemMang/heap_4.c.obj
                0x080058b4                pvPortMalloc
 .text.vPortFree
                0x080059b0       0x7c CMakeFiles/MASTER_ER.elf.dir/Middlewares/Third_Party/FreeRTOS/Source/portable/MemMang/heap_4.c.obj
                0x080059b0                vPortFree
 .text.prvIsQueueFull
                0x08005a2c       0x1e CMakeFiles/MASTER_ER.elf.dir/Middlewares/Third_Party/FreeRTOS/Source/queue.c.obj
 .text.prvIsQueueEmpty
                0x08005a4a       0x1a CMakeFiles/MASTER_ER.elf.dir/Middlewares/Third_Party/FreeRTOS/Source/queue.c.obj
 .text.prvCopyDataToQueue
                0x08005a64       0x76 CMakeFiles/MASTER_ER.elf.dir/Middlewares/Third_Party/FreeRTOS/Source/queue.c.obj
 .text.prvCopyDataFromQueue
                0x08005ada       0x24 CMakeFiles/MASTER_ER.elf.dir/Middlewares/Third_Party/FreeRTOS/Source/queue.c.obj
 .text.prvUnlockQueue
                0x08005afe       0x6e CMakeFiles/MASTER_ER.elf.dir/Middlewares/Third_Party/FreeRTOS/Source/queue.c.obj
 .text.xQueueGenericReset
                0x08005b6c       0x84 CMakeFiles/MASTER_ER.elf.dir/Middlewares/Third_Party/FreeRTOS/Source/queue.c.obj
                0x08005b6c                xQueueGenericReset
 .text.prvInitialiseNewQueue
                0x08005bf0       0x1c CMakeFiles/MASTER_ER.elf.dir/Middlewares/Third_Party/FreeRTOS/Source/queue.c.obj
 .text.xQueueGenericCreateStatic
                0x08005c0c       0x94 CMakeFiles/MASTER_ER.elf.dir/Middlewares/Third_Party/FreeRTOS/Source/queue.c.obj
                0x08005c0c                xQueueGenericCreateStatic
 .text.xQueueGenericCreate
                0x08005ca0       0x48 CMakeFiles/MASTER_ER.elf.dir/Middlewares/Third_Party/FreeRTOS/Source/queue.c.obj
                0x08005ca0                xQueueGenericCreate
 .text.xQueueGenericSend
                0x08005ce8      0x188 CMakeFiles/MASTER_ER.elf.dir/Middlewares/Third_Party/FreeRTOS/Source/queue.c.obj
                0x08005ce8                xQueueGenericSend
 .text.xQueueGenericSendFromISR
                0x08005e70       0xce CMakeFiles/MASTER_ER.elf.dir/Middlewares/Third_Party/FreeRTOS/Source/queue.c.obj
                0x08005e70                xQueueGenericSendFromISR
 .text.xQueueReceive
                0x08005f3e      0x15e CMakeFiles/MASTER_ER.elf.dir/Middlewares/Third_Party/FreeRTOS/Source/queue.c.obj
                0x08005f3e                xQueueReceive
 .text.xQueuePeek
                0x0800609c      0x15e CMakeFiles/MASTER_ER.elf.dir/Middlewares/Third_Party/FreeRTOS/Source/queue.c.obj
                0x0800609c                xQueuePeek
 *fill*         0x080061fa        0x2 
 .text.prvTaskIsTaskSuspended
                0x080061fc       0x40 CMakeFiles/MASTER_ER.elf.dir/Middlewares/Third_Party/FreeRTOS/Source/tasks.c.obj
 .text.prvResetNextTaskUnblockTime
                0x0800623c       0x2c CMakeFiles/MASTER_ER.elf.dir/Middlewares/Third_Party/FreeRTOS/Source/tasks.c.obj
 .text.prvInitialiseNewTask
                0x08006268       0xa2 CMakeFiles/MASTER_ER.elf.dir/Middlewares/Third_Party/FreeRTOS/Source/tasks.c.obj
 *fill*         0x0800630a        0x2 
 .text.prvInitialiseTaskLists
                0x0800630c       0x68 CMakeFiles/MASTER_ER.elf.dir/Middlewares/Third_Party/FreeRTOS/Source/tasks.c.obj
 .text.prvAddNewTaskToReadyList
                0x08006374       0xa8 CMakeFiles/MASTER_ER.elf.dir/Middlewares/Third_Party/FreeRTOS/Source/tasks.c.obj
 .text.prvDeleteTCB
                0x0800641c       0x38 CMakeFiles/MASTER_ER.elf.dir/Middlewares/Third_Party/FreeRTOS/Source/tasks.c.obj
 .text.prvCheckTasksWaitingTermination
                0x08006454       0x4c CMakeFiles/MASTER_ER.elf.dir/Middlewares/Third_Party/FreeRTOS/Source/tasks.c.obj
 .text.prvIdleTask
                0x080064a0       0x28 CMakeFiles/MASTER_ER.elf.dir/Middlewares/Third_Party/FreeRTOS/Source/tasks.c.obj
 .text.prvAddCurrentTaskToDelayedList
                0x080064c8       0x98 CMakeFiles/MASTER_ER.elf.dir/Middlewares/Third_Party/FreeRTOS/Source/tasks.c.obj
 .text.xTaskCreateStatic
                0x08006560       0x76 CMakeFiles/MASTER_ER.elf.dir/Middlewares/Third_Party/FreeRTOS/Source/tasks.c.obj
                0x08006560                xTaskCreateStatic
 .text.xTaskCreate
                0x080065d6       0x68 CMakeFiles/MASTER_ER.elf.dir/Middlewares/Third_Party/FreeRTOS/Source/tasks.c.obj
                0x080065d6                xTaskCreate
 *fill*         0x0800663e        0x2 
 .text.vTaskResume
                0x08006640       0x88 CMakeFiles/MASTER_ER.elf.dir/Middlewares/Third_Party/FreeRTOS/Source/tasks.c.obj
                0x08006640                vTaskResume
 .text.vTaskStartScheduler
                0x080066c8       0x74 CMakeFiles/MASTER_ER.elf.dir/Middlewares/Third_Party/FreeRTOS/Source/tasks.c.obj
                0x080066c8                vTaskStartScheduler
 .text.vTaskSuspendAll
                0x0800673c       0x10 CMakeFiles/MASTER_ER.elf.dir/Middlewares/Third_Party/FreeRTOS/Source/tasks.c.obj
                0x0800673c                vTaskSuspendAll
 .text.xTaskIncrementTick
                0x0800674c      0x118 CMakeFiles/MASTER_ER.elf.dir/Middlewares/Third_Party/FreeRTOS/Source/tasks.c.obj
                0x0800674c                xTaskIncrementTick
 .text.xTaskResumeAll
                0x08006864       0xf8 CMakeFiles/MASTER_ER.elf.dir/Middlewares/Third_Party/FreeRTOS/Source/tasks.c.obj
                0x08006864                xTaskResumeAll
 .text.vTaskDelay
                0x0800695c       0x4c CMakeFiles/MASTER_ER.elf.dir/Middlewares/Third_Party/FreeRTOS/Source/tasks.c.obj
                0x0800695c                vTaskDelay
 .text.vTaskSwitchContext
                0x080069a8       0x98 CMakeFiles/MASTER_ER.elf.dir/Middlewares/Third_Party/FreeRTOS/Source/tasks.c.obj
                0x080069a8                vTaskSwitchContext
 .text.vTaskSuspend
                0x08006a40       0xe8 CMakeFiles/MASTER_ER.elf.dir/Middlewares/Third_Party/FreeRTOS/Source/tasks.c.obj
                0x08006a40                vTaskSuspend
 .text.vTaskPlaceOnEventList
                0x08006b28       0x30 CMakeFiles/MASTER_ER.elf.dir/Middlewares/Third_Party/FreeRTOS/Source/tasks.c.obj
                0x08006b28                vTaskPlaceOnEventList
 .text.xTaskRemoveFromEventList
                0x08006b58       0x8c CMakeFiles/MASTER_ER.elf.dir/Middlewares/Third_Party/FreeRTOS/Source/tasks.c.obj
                0x08006b58                xTaskRemoveFromEventList
 .text.vTaskInternalSetTimeOutState
                0x08006be4       0x18 CMakeFiles/MASTER_ER.elf.dir/Middlewares/Third_Party/FreeRTOS/Source/tasks.c.obj
                0x08006be4                vTaskInternalSetTimeOutState
 .text.xTaskCheckForTimeOut
                0x08006bfc       0x84 CMakeFiles/MASTER_ER.elf.dir/Middlewares/Third_Party/FreeRTOS/Source/tasks.c.obj
                0x08006bfc                xTaskCheckForTimeOut
 .text.vTaskMissedYield
                0x08006c80        0xc CMakeFiles/MASTER_ER.elf.dir/Middlewares/Third_Party/FreeRTOS/Source/tasks.c.obj
                0x08006c80                vTaskMissedYield
 .text.xTaskGetSchedulerState
                0x08006c8c       0x20 CMakeFiles/MASTER_ER.elf.dir/Middlewares/Third_Party/FreeRTOS/Source/tasks.c.obj
                0x08006c8c                xTaskGetSchedulerState
 .text.xTaskPriorityDisinherit
                0x08006cac       0xb4 CMakeFiles/MASTER_ER.elf.dir/Middlewares/Third_Party/FreeRTOS/Source/tasks.c.obj
                0x08006cac                xTaskPriorityDisinherit
 .text.__errno  0x08006d60        0xc d:/gcc-arm-none-eabi/bin/../lib/gcc/arm-none-eabi/10.3.1/../../../../arm-none-eabi/lib/thumb/v7e-m+fp/hard\libg.a(lib_a-errno.o)
                0x08006d60                __errno
 .text.__libc_init_array
                0x08006d6c       0x48 d:/gcc-arm-none-eabi/bin/../lib/gcc/arm-none-eabi/10.3.1/../../../../arm-none-eabi/lib/thumb/v7e-m+fp/hard\libg.a(lib_a-init.o)
                0x08006d6c                __libc_init_array
 .text.memset   0x08006db4       0xa4 d:/gcc-arm-none-eabi/bin/../lib/gcc/arm-none-eabi/10.3.1/../../../../arm-none-eabi/lib/thumb/v7e-m+fp/hard\libg.a(lib_a-memset.o)
                0x08006db4                memset
 .text.vsnprintf
                0x08006e58       0x70 d:/gcc-arm-none-eabi/bin/../lib/gcc/arm-none-eabi/10.3.1/../../../../arm-none-eabi/lib/thumb/v7e-m+fp/hard\libg.a(lib_a-vsnprintf.o)
                0x08006e58                vsnprintf
 .text.startup.register_fini
                0x08006ec8       0x14 d:/gcc-arm-none-eabi/bin/../lib/gcc/arm-none-eabi/10.3.1/../../../../arm-none-eabi/lib/thumb/v7e-m+fp/hard\libg.a(lib_a-__call_atexit.o)
 .text.atexit   0x08006edc        0xc d:/gcc-arm-none-eabi/bin/../lib/gcc/arm-none-eabi/10.3.1/../../../../arm-none-eabi/lib/thumb/v7e-m+fp/hard\libg.a(lib_a-atexit.o)
                0x08006edc                atexit
 .text.__libc_fini_array
                0x08006ee8       0x2c d:/gcc-arm-none-eabi/bin/../lib/gcc/arm-none-eabi/10.3.1/../../../../arm-none-eabi/lib/thumb/v7e-m+fp/hard\libg.a(lib_a-fini.o)
                0x08006ee8                __libc_fini_array
 .text.__retarget_lock_init_recursive
                0x08006f14        0x4 d:/gcc-arm-none-eabi/bin/../lib/gcc/arm-none-eabi/10.3.1/../../../../arm-none-eabi/lib/thumb/v7e-m+fp/hard\libg.a(lib_a-lock.o)
                0x08006f14                __retarget_lock_init_recursive
 .text.__retarget_lock_close_recursive
                0x08006f18        0x4 d:/gcc-arm-none-eabi/bin/../lib/gcc/arm-none-eabi/10.3.1/../../../../arm-none-eabi/lib/thumb/v7e-m+fp/hard\libg.a(lib_a-lock.o)
                0x08006f18                __retarget_lock_close_recursive
 .text.__retarget_lock_acquire_recursive
                0x08006f1c        0x4 d:/gcc-arm-none-eabi/bin/../lib/gcc/arm-none-eabi/10.3.1/../../../../arm-none-eabi/lib/thumb/v7e-m+fp/hard\libg.a(lib_a-lock.o)
                0x08006f1c                __retarget_lock_acquire_recursive
 .text.__retarget_lock_release_recursive
                0x08006f20        0x4 d:/gcc-arm-none-eabi/bin/../lib/gcc/arm-none-eabi/10.3.1/../../../../arm-none-eabi/lib/thumb/v7e-m+fp/hard\libg.a(lib_a-lock.o)
                0x08006f20                __retarget_lock_release_recursive
 *fill*         0x08006f24        0x4 
 .text._svfprintf_r
                0x08006f28     0x1acc d:/gcc-arm-none-eabi/bin/../lib/gcc/arm-none-eabi/10.3.1/../../../../arm-none-eabi/lib/thumb/v7e-m+fp/hard\libg.a(lib_a-svfprintf.o)
                0x08006f28                _svfprintf_r
 .text.__register_exitproc
                0x080089f4       0x8c d:/gcc-arm-none-eabi/bin/../lib/gcc/arm-none-eabi/10.3.1/../../../../arm-none-eabi/lib/thumb/v7e-m+fp/hard\libg.a(lib_a-__atexit.o)
                0x080089f4                __register_exitproc
 .text.quorem   0x08008a80      0x128 d:/gcc-arm-none-eabi/bin/../lib/gcc/arm-none-eabi/10.3.1/../../../../arm-none-eabi/lib/thumb/v7e-m+fp/hard\libg.a(lib_a-dtoa.o)
 .text._dtoa_r  0x08008ba8      0xf3c d:/gcc-arm-none-eabi/bin/../lib/gcc/arm-none-eabi/10.3.1/../../../../arm-none-eabi/lib/thumb/v7e-m+fp/hard\libg.a(lib_a-dtoa.o)
                0x08008ba8                _dtoa_r
 .text._malloc_trim_r
                0x08009ae4       0xa0 d:/gcc-arm-none-eabi/bin/../lib/gcc/arm-none-eabi/10.3.1/../../../../arm-none-eabi/lib/thumb/v7e-m+fp/hard\libg.a(lib_a-freer.o)
                0x08009ae4                _malloc_trim_r
 .text._free_r  0x08009b84      0x20c d:/gcc-arm-none-eabi/bin/../lib/gcc/arm-none-eabi/10.3.1/../../../../arm-none-eabi/lib/thumb/v7e-m+fp/hard\libg.a(lib_a-freer.o)
                0x08009b84                _free_r
 .text._localeconv_r
                0x08009d90        0x8 d:/gcc-arm-none-eabi/bin/../lib/gcc/arm-none-eabi/10.3.1/../../../../arm-none-eabi/lib/thumb/v7e-m+fp/hard\libg.a(lib_a-localeconv.o)
                0x08009d90                _localeconv_r
 .text._malloc_r
                0x08009d98      0x560 d:/gcc-arm-none-eabi/bin/../lib/gcc/arm-none-eabi/10.3.1/../../../../arm-none-eabi/lib/thumb/v7e-m+fp/hard\libg.a(lib_a-mallocr.o)
                0x08009d98                _malloc_r
 .text.__malloc_lock
                0x0800a2f8        0xc d:/gcc-arm-none-eabi/bin/../lib/gcc/arm-none-eabi/10.3.1/../../../../arm-none-eabi/lib/thumb/v7e-m+fp/hard\libg.a(lib_a-mlock.o)
                0x0800a2f8                __malloc_lock
 .text.__malloc_unlock
                0x0800a304        0xc d:/gcc-arm-none-eabi/bin/../lib/gcc/arm-none-eabi/10.3.1/../../../../arm-none-eabi/lib/thumb/v7e-m+fp/hard\libg.a(lib_a-mlock.o)
                0x0800a304                __malloc_unlock
 .text._Balloc  0x0800a310       0x4c d:/gcc-arm-none-eabi/bin/../lib/gcc/arm-none-eabi/10.3.1/../../../../arm-none-eabi/lib/thumb/v7e-m+fp/hard\libg.a(lib_a-mprec.o)
                0x0800a310                _Balloc
 .text._Bfree   0x0800a35c       0x14 d:/gcc-arm-none-eabi/bin/../lib/gcc/arm-none-eabi/10.3.1/../../../../arm-none-eabi/lib/thumb/v7e-m+fp/hard\libg.a(lib_a-mprec.o)
                0x0800a35c                _Bfree
 .text.__multadd
                0x0800a370       0xa8 d:/gcc-arm-none-eabi/bin/../lib/gcc/arm-none-eabi/10.3.1/../../../../arm-none-eabi/lib/thumb/v7e-m+fp/hard\libg.a(lib_a-mprec.o)
                0x0800a370                __multadd
 .text.__hi0bits
                0x0800a418       0x40 d:/gcc-arm-none-eabi/bin/../lib/gcc/arm-none-eabi/10.3.1/../../../../arm-none-eabi/lib/thumb/v7e-m+fp/hard\libg.a(lib_a-mprec.o)
                0x0800a418                __hi0bits
 .text.__lo0bits
                0x0800a458       0x60 d:/gcc-arm-none-eabi/bin/../lib/gcc/arm-none-eabi/10.3.1/../../../../arm-none-eabi/lib/thumb/v7e-m+fp/hard\libg.a(lib_a-mprec.o)
                0x0800a458                __lo0bits
 .text.__i2b    0x0800a4b8       0x5c d:/gcc-arm-none-eabi/bin/../lib/gcc/arm-none-eabi/10.3.1/../../../../arm-none-eabi/lib/thumb/v7e-m+fp/hard\libg.a(lib_a-mprec.o)
                0x0800a4b8                __i2b
 .text.__multiply
                0x0800a514      0x15c d:/gcc-arm-none-eabi/bin/../lib/gcc/arm-none-eabi/10.3.1/../../../../arm-none-eabi/lib/thumb/v7e-m+fp/hard\libg.a(lib_a-mprec.o)
                0x0800a514                __multiply
 .text.__pow5mult
                0x0800a670       0xc0 d:/gcc-arm-none-eabi/bin/../lib/gcc/arm-none-eabi/10.3.1/../../../../arm-none-eabi/lib/thumb/v7e-m+fp/hard\libg.a(lib_a-mprec.o)
                0x0800a670                __pow5mult
 .text.__lshift
                0x0800a730       0xf0 d:/gcc-arm-none-eabi/bin/../lib/gcc/arm-none-eabi/10.3.1/../../../../arm-none-eabi/lib/thumb/v7e-m+fp/hard\libg.a(lib_a-mprec.o)
                0x0800a730                __lshift
 .text.__mcmp   0x0800a820       0x44 d:/gcc-arm-none-eabi/bin/../lib/gcc/arm-none-eabi/10.3.1/../../../../arm-none-eabi/lib/thumb/v7e-m+fp/hard\libg.a(lib_a-mprec.o)
                0x0800a820                __mcmp
 .text.__mdiff  0x0800a864      0x14c d:/gcc-arm-none-eabi/bin/../lib/gcc/arm-none-eabi/10.3.1/../../../../arm-none-eabi/lib/thumb/v7e-m+fp/hard\libg.a(lib_a-mprec.o)
                0x0800a864                __mdiff
 .text.__d2b    0x0800a9b0       0xd0 d:/gcc-arm-none-eabi/bin/../lib/gcc/arm-none-eabi/10.3.1/../../../../arm-none-eabi/lib/thumb/v7e-m+fp/hard\libg.a(lib_a-mprec.o)
                0x0800a9b0                __d2b
 .text.frexp    0x0800aa80       0x6c d:/gcc-arm-none-eabi/bin/../lib/gcc/arm-none-eabi/10.3.1/../../../../arm-none-eabi/lib/thumb/v7e-m+fp/hard\libg.a(lib_a-s_frexp.o)
                0x0800aa80                frexp
 .text._sbrk_r  0x0800aaec       0x24 d:/gcc-arm-none-eabi/bin/../lib/gcc/arm-none-eabi/10.3.1/../../../../arm-none-eabi/lib/thumb/v7e-m+fp/hard\libg.a(lib_a-sbrkr.o)
                0x0800aaec                _sbrk_r
 .text.strncpy  0x0800ab10       0x64 d:/gcc-arm-none-eabi/bin/../lib/gcc/arm-none-eabi/10.3.1/../../../../arm-none-eabi/lib/thumb/v7e-m+fp/hard\libg.a(lib_a-strncpy.o)
                0x0800ab10                strncpy
 .text.__ssprint_r
                0x0800ab74       0xf8 d:/gcc-arm-none-eabi/bin/../lib/gcc/arm-none-eabi/10.3.1/../../../../arm-none-eabi/lib/thumb/v7e-m+fp/hard\libg.a(lib_a-svfiprintf.o)
                0x0800ab74                __ssprint_r
 .text.__assert_func
                0x0800ac6c       0x40 d:/gcc-arm-none-eabi/bin/../lib/gcc/arm-none-eabi/10.3.1/../../../../arm-none-eabi/lib/thumb/v7e-m+fp/hard\libg.a(lib_a-assert.o)
                0x0800ac6c                __assert_func
 .text._calloc_r
                0x0800acac       0x78 d:/gcc-arm-none-eabi/bin/../lib/gcc/arm-none-eabi/10.3.1/../../../../arm-none-eabi/lib/thumb/v7e-m+fp/hard\libg.a(lib_a-callocr.o)
                0x0800acac                _calloc_r
 .text.fiprintf
                0x0800ad24       0x28 d:/gcc-arm-none-eabi/bin/../lib/gcc/arm-none-eabi/10.3.1/../../../../arm-none-eabi/lib/thumb/v7e-m+fp/hard\libg.a(lib_a-fiprintf.o)
                0x0800ad24                fiprintf
 .text.__locale_mb_cur_max
                0x0800ad4c        0xc d:/gcc-arm-none-eabi/bin/../lib/gcc/arm-none-eabi/10.3.1/../../../../arm-none-eabi/lib/thumb/v7e-m+fp/hard\libg.a(lib_a-locale.o)
                0x0800ad4c                __locale_mb_cur_max
 .text.__ascii_mbtowc
                0x0800ad58       0x2c d:/gcc-arm-none-eabi/bin/../lib/gcc/arm-none-eabi/10.3.1/../../../../arm-none-eabi/lib/thumb/v7e-m+fp/hard\libg.a(lib_a-mbtowc_r.o)
                0x0800ad58                __ascii_mbtowc
 .text.memmove  0x0800ad84       0xf8 d:/gcc-arm-none-eabi/bin/../lib/gcc/arm-none-eabi/10.3.1/../../../../arm-none-eabi/lib/thumb/v7e-m+fp/hard\libg.a(lib_a-memmove.o)
                0x0800ad84                memmove
 .text._realloc_r
                0x0800ae7c      0x3d8 d:/gcc-arm-none-eabi/bin/../lib/gcc/arm-none-eabi/10.3.1/../../../../arm-none-eabi/lib/thumb/v7e-m+fp/hard\libg.a(lib_a-reallocr.o)
                0x0800ae7c                _realloc_r
 .text.__sprint_r.part.0
                0x0800b254       0x78 d:/gcc-arm-none-eabi/bin/../lib/gcc/arm-none-eabi/10.3.1/../../../../arm-none-eabi/lib/thumb/v7e-m+fp/hard\libg.a(lib_a-vfiprintf.o)
 .text._vfiprintf_r
                0x0800b2cc      0xdfc d:/gcc-arm-none-eabi/bin/../lib/gcc/arm-none-eabi/10.3.1/../../../../arm-none-eabi/lib/thumb/v7e-m+fp/hard\libg.a(lib_a-vfiprintf.o)
                0x0800b2cc                _vfiprintf_r
 .text.__sbprintf
                0x0800c0c8       0x80 d:/gcc-arm-none-eabi/bin/../lib/gcc/arm-none-eabi/10.3.1/../../../../arm-none-eabi/lib/thumb/v7e-m+fp/hard\libg.a(lib_a-vfiprintf.o)
 .text.__ascii_wctomb
                0x0800c148       0x1c d:/gcc-arm-none-eabi/bin/../lib/gcc/arm-none-eabi/10.3.1/../../../../arm-none-eabi/lib/thumb/v7e-m+fp/hard\libg.a(lib_a-wctomb_r.o)
                0x0800c148                __ascii_wctomb
 .text.__swsetup_r
                0x0800c164       0xd4 d:/gcc-arm-none-eabi/bin/../lib/gcc/arm-none-eabi/10.3.1/../../../../arm-none-eabi/lib/thumb/v7e-m+fp/hard\libg.a(lib_a-wsetup.o)
                0x0800c164                __swsetup_r
 .text.abort    0x0800c238       0x10 d:/gcc-arm-none-eabi/bin/../lib/gcc/arm-none-eabi/10.3.1/../../../../arm-none-eabi/lib/thumb/v7e-m+fp/hard\libg.a(lib_a-abort.o)
                0x0800c238                abort
 .text.__sflush_r
                0x0800c248      0x130 d:/gcc-arm-none-eabi/bin/../lib/gcc/arm-none-eabi/10.3.1/../../../../arm-none-eabi/lib/thumb/v7e-m+fp/hard\libg.a(lib_a-fflush.o)
                0x0800c248                __sflush_r
 .text._fflush_r
                0x0800c378       0x5c d:/gcc-arm-none-eabi/bin/../lib/gcc/arm-none-eabi/10.3.1/../../../../arm-none-eabi/lib/thumb/v7e-m+fp/hard\libg.a(lib_a-fflush.o)
                0x0800c378                _fflush_r
 .text._cleanup_r
                0x0800c3d4        0xc d:/gcc-arm-none-eabi/bin/../lib/gcc/arm-none-eabi/10.3.1/../../../../arm-none-eabi/lib/thumb/v7e-m+fp/hard\libg.a(lib_a-findfp.o)
                0x0800c3d4                _cleanup_r
 .text.__sinit  0x0800c3e0      0x10c d:/gcc-arm-none-eabi/bin/../lib/gcc/arm-none-eabi/10.3.1/../../../../arm-none-eabi/lib/thumb/v7e-m+fp/hard\libg.a(lib_a-findfp.o)
                0x0800c3e0                __sinit
 .text.__sfp_lock_acquire
                0x0800c4ec        0xc d:/gcc-arm-none-eabi/bin/../lib/gcc/arm-none-eabi/10.3.1/../../../../arm-none-eabi/lib/thumb/v7e-m+fp/hard\libg.a(lib_a-findfp.o)
                0x0800c4ec                __sfp_lock_acquire
 .text.__sfp_lock_release
                0x0800c4f8        0xc d:/gcc-arm-none-eabi/bin/../lib/gcc/arm-none-eabi/10.3.1/../../../../arm-none-eabi/lib/thumb/v7e-m+fp/hard\libg.a(lib_a-findfp.o)
                0x0800c4f8                __sfp_lock_release
 .text.__fputwc
                0x0800c504       0xa8 d:/gcc-arm-none-eabi/bin/../lib/gcc/arm-none-eabi/10.3.1/../../../../arm-none-eabi/lib/thumb/v7e-m+fp/hard\libg.a(lib_a-fputwc.o)
                0x0800c504                __fputwc
 .text._fputwc_r
                0x0800c5ac       0x68 d:/gcc-arm-none-eabi/bin/../lib/gcc/arm-none-eabi/10.3.1/../../../../arm-none-eabi/lib/thumb/v7e-m+fp/hard\libg.a(lib_a-fputwc.o)
                0x0800c5ac                _fputwc_r
 .text.__sfvwrite_r
                0x0800c614      0x2f0 d:/gcc-arm-none-eabi/bin/../lib/gcc/arm-none-eabi/10.3.1/../../../../arm-none-eabi/lib/thumb/v7e-m+fp/hard\libg.a(lib_a-fvwrite.o)
                0x0800c614                __sfvwrite_r
 .text._fwalk_reent
                0x0800c904       0x48 d:/gcc-arm-none-eabi/bin/../lib/gcc/arm-none-eabi/10.3.1/../../../../arm-none-eabi/lib/thumb/v7e-m+fp/hard\libg.a(lib_a-fwalk.o)
                0x0800c904                _fwalk_reent
 .text.__smakebuf_r
                0x0800c94c       0xe0 d:/gcc-arm-none-eabi/bin/../lib/gcc/arm-none-eabi/10.3.1/../../../../arm-none-eabi/lib/thumb/v7e-m+fp/hard\libg.a(lib_a-makebuf.o)
                0x0800c94c                __smakebuf_r
 .text.raise    0x0800ca2c       0x5c d:/gcc-arm-none-eabi/bin/../lib/gcc/arm-none-eabi/10.3.1/../../../../arm-none-eabi/lib/thumb/v7e-m+fp/hard\libg.a(lib_a-signal.o)
                0x0800ca2c                raise
 .text._kill_r  0x0800ca88       0x2c d:/gcc-arm-none-eabi/bin/../lib/gcc/arm-none-eabi/10.3.1/../../../../arm-none-eabi/lib/thumb/v7e-m+fp/hard\libg.a(lib_a-signalr.o)
                0x0800ca88                _kill_r
 .text._getpid_r
                0x0800cab4        0x4 d:/gcc-arm-none-eabi/bin/../lib/gcc/arm-none-eabi/10.3.1/../../../../arm-none-eabi/lib/thumb/v7e-m+fp/hard\libg.a(lib_a-signalr.o)
                0x0800cab4                _getpid_r
 .text.__sread  0x0800cab8       0x24 d:/gcc-arm-none-eabi/bin/../lib/gcc/arm-none-eabi/10.3.1/../../../../arm-none-eabi/lib/thumb/v7e-m+fp/hard\libg.a(lib_a-stdio.o)
                0x0800cab8                __sread
 .text.__swrite
                0x0800cadc       0x40 d:/gcc-arm-none-eabi/bin/../lib/gcc/arm-none-eabi/10.3.1/../../../../arm-none-eabi/lib/thumb/v7e-m+fp/hard\libg.a(lib_a-stdio.o)
                0x0800cadc                __swrite
 .text.__sseek  0x0800cb1c       0x20 d:/gcc-arm-none-eabi/bin/../lib/gcc/arm-none-eabi/10.3.1/../../../../arm-none-eabi/lib/thumb/v7e-m+fp/hard\libg.a(lib_a-stdio.o)
                0x0800cb1c                __sseek
 .text.__sclose
                0x0800cb3c        0x8 d:/gcc-arm-none-eabi/bin/../lib/gcc/arm-none-eabi/10.3.1/../../../../arm-none-eabi/lib/thumb/v7e-m+fp/hard\libg.a(lib_a-stdio.o)
                0x0800cb3c                __sclose
 .text.__swbuf_r
                0x0800cb44       0xb0 d:/gcc-arm-none-eabi/bin/../lib/gcc/arm-none-eabi/10.3.1/../../../../arm-none-eabi/lib/thumb/v7e-m+fp/hard\libg.a(lib_a-wbuf.o)
                0x0800cb44                __swbuf_r
 .text._wcrtomb_r
                0x0800cbf4       0x3c d:/gcc-arm-none-eabi/bin/../lib/gcc/arm-none-eabi/10.3.1/../../../../arm-none-eabi/lib/thumb/v7e-m+fp/hard\libg.a(lib_a-wcrtomb.o)
                0x0800cbf4                _wcrtomb_r
 .text._write_r
                0x0800cc30       0x2c d:/gcc-arm-none-eabi/bin/../lib/gcc/arm-none-eabi/10.3.1/../../../../arm-none-eabi/lib/thumb/v7e-m+fp/hard\libg.a(lib_a-writer.o)
                0x0800cc30                _write_r
 .text._close_r
                0x0800cc5c       0x24 d:/gcc-arm-none-eabi/bin/../lib/gcc/arm-none-eabi/10.3.1/../../../../arm-none-eabi/lib/thumb/v7e-m+fp/hard\libg.a(lib_a-closer.o)
                0x0800cc5c                _close_r
 .text._fclose_r
                0x0800cc80       0xcc d:/gcc-arm-none-eabi/bin/../lib/gcc/arm-none-eabi/10.3.1/../../../../arm-none-eabi/lib/thumb/v7e-m+fp/hard\libg.a(lib_a-fclose.o)
                0x0800cc80                _fclose_r
 .text._fstat_r
                0x0800cd4c       0x2c d:/gcc-arm-none-eabi/bin/../lib/gcc/arm-none-eabi/10.3.1/../../../../arm-none-eabi/lib/thumb/v7e-m+fp/hard\libg.a(lib_a-fstatr.o)
                0x0800cd4c                _fstat_r
 .text._isatty_r
                0x0800cd78       0x24 d:/gcc-arm-none-eabi/bin/../lib/gcc/arm-none-eabi/10.3.1/../../../../arm-none-eabi/lib/thumb/v7e-m+fp/hard\libg.a(lib_a-isattyr.o)
                0x0800cd78                _isatty_r
 .text._lseek_r
                0x0800cd9c       0x2c d:/gcc-arm-none-eabi/bin/../lib/gcc/arm-none-eabi/10.3.1/../../../../arm-none-eabi/lib/thumb/v7e-m+fp/hard\libg.a(lib_a-lseekr.o)
                0x0800cd9c                _lseek_r
 .text._read_r  0x0800cdc8       0x2c d:/gcc-arm-none-eabi/bin/../lib/gcc/arm-none-eabi/10.3.1/../../../../arm-none-eabi/lib/thumb/v7e-m+fp/hard\libg.a(lib_a-readr.o)
                0x0800cdc8                _read_r
 *(.glue_7)
 .glue_7        0x0800cdf4        0x0 linker stubs
 *(.glue_7t)
 .glue_7t       0x0800cdf4        0x0 linker stubs
 *(.eh_frame)
 .eh_frame      0x0800cdf4        0x0 d:/gcc-arm-none-eabi/bin/../lib/gcc/arm-none-eabi/10.3.1/thumb/v7e-m+fp/hard/crtbegin.o
 *(.init)
 .init          0x0800cdf4        0x4 d:/gcc-arm-none-eabi/bin/../lib/gcc/arm-none-eabi/10.3.1/thumb/v7e-m+fp/hard/crti.o
                0x0800cdf4                _init
 .init          0x0800cdf8        0x8 d:/gcc-arm-none-eabi/bin/../lib/gcc/arm-none-eabi/10.3.1/thumb/v7e-m+fp/hard/crtn.o
 *(.fini)
 .fini          0x0800ce00        0x4 d:/gcc-arm-none-eabi/bin/../lib/gcc/arm-none-eabi/10.3.1/thumb/v7e-m+fp/hard/crti.o
                0x0800ce00                _fini
 .fini          0x0800ce04        0x8 d:/gcc-arm-none-eabi/bin/../lib/gcc/arm-none-eabi/10.3.1/thumb/v7e-m+fp/hard/crtn.o
                0x0800ce0c                . = ALIGN (0x4)
                0x0800ce0c                _etext = .

.vfp11_veneer   0x0800ce0c        0x0
 .vfp11_veneer  0x0800ce0c        0x0 linker stubs

.v4_bx          0x0800ce0c        0x0
 .v4_bx         0x0800ce0c        0x0 linker stubs

.iplt           0x0800ce0c        0x0
 .iplt          0x0800ce0c        0x0 d:/gcc-arm-none-eabi/bin/../lib/gcc/arm-none-eabi/10.3.1/thumb/v7e-m+fp/hard/crtbegin.o

.rodata         0x0800ce10      0x5b0
                0x0800ce10                . = ALIGN (0x4)
 *(.rodata)
 .rodata        0x0800ce10       0xf4 CMakeFiles/MASTER_ER.elf.dir/Core/Src/freertos.c.obj
 *(.rodata*)
 .rodata.NRF24L01_Check.str1.4
                0x0800cf04        0x6 CMakeFiles/MASTER_ER.elf.dir/Core/Src/24l01.c.obj
 *fill*         0x0800cf0a        0x2 
 .rodata.str1.4
                0x0800cf0c       0x5e CMakeFiles/MASTER_ER.elf.dir/Core/Src/freertos.c.obj
 *fill*         0x0800cf6a        0x2 
 .rodata.StartDebugTask.str1.4
                0x0800cf6c        0xd CMakeFiles/MASTER_ER.elf.dir/Core/Src/freertos.c.obj
 *fill*         0x0800cf79        0x3 
 .rodata.AutoAimTask.str1.4
                0x0800cf7c       0x14 CMakeFiles/MASTER_ER.elf.dir/Core/Src/freertos.c.obj
 .rodata.USART3_IRQHandler.str1.4
                0x0800cf90        0x7 CMakeFiles/MASTER_ER.elf.dir/Core/Src/stm32f4xx_it.c.obj
 *fill*         0x0800cf97        0x1 
 .rodata.AHBPrescTable
                0x0800cf98       0x10 CMakeFiles/MASTER_ER.elf.dir/Core/Src/system_stm32f4xx.c.obj
                0x0800cf98                AHBPrescTable
 .rodata.APBPrescTable
                0x0800cfa8        0x8 CMakeFiles/MASTER_ER.elf.dir/Core/Src/system_stm32f4xx.c.obj
                0x0800cfa8                APBPrescTable
 .rodata.flagBitshiftOffset.0
                0x0800cfb0        0x8 CMakeFiles/MASTER_ER.elf.dir/Drivers/STM32F4xx_HAL_Driver/Src/stm32f4xx_hal_dma.c.obj
 .rodata.vTaskStartScheduler.str1.4
                0x0800cfb8        0x5 CMakeFiles/MASTER_ER.elf.dir/Middlewares/Third_Party/FreeRTOS/Source/tasks.c.obj
 *fill*         0x0800cfbd        0x3 
 .rodata._global_impure_ptr
                0x0800cfc0        0x4 d:/gcc-arm-none-eabi/bin/../lib/gcc/arm-none-eabi/10.3.1/../../../../arm-none-eabi/lib/thumb/v7e-m+fp/hard\libg.a(lib_a-impure.o)
                0x0800cfc0                _global_impure_ptr
 .rodata._svfprintf_r.str1.4
                0x0800cfc4       0x42 d:/gcc-arm-none-eabi/bin/../lib/gcc/arm-none-eabi/10.3.1/../../../../arm-none-eabi/lib/thumb/v7e-m+fp/hard\libg.a(lib_a-svfprintf.o)
 *fill*         0x0800d006        0x2 
 .rodata.blanks.1
                0x0800d008       0x10 d:/gcc-arm-none-eabi/bin/../lib/gcc/arm-none-eabi/10.3.1/../../../../arm-none-eabi/lib/thumb/v7e-m+fp/hard\libg.a(lib_a-svfprintf.o)
 .rodata.zeroes.0
                0x0800d018       0x10 d:/gcc-arm-none-eabi/bin/../lib/gcc/arm-none-eabi/10.3.1/../../../../arm-none-eabi/lib/thumb/v7e-m+fp/hard\libg.a(lib_a-svfprintf.o)
 .rodata._dtoa_r.str1.4
                0x0800d028       0xa2 d:/gcc-arm-none-eabi/bin/../lib/gcc/arm-none-eabi/10.3.1/../../../../arm-none-eabi/lib/thumb/v7e-m+fp/hard\libg.a(lib_a-dtoa.o)
                                 0xa6 (size before relaxing)
 *fill*         0x0800d0ca        0x2 
 .rodata.__multadd.str1.4
                0x0800d0cc       0x7f d:/gcc-arm-none-eabi/bin/../lib/gcc/arm-none-eabi/10.3.1/../../../../arm-none-eabi/lib/thumb/v7e-m+fp/hard\libg.a(lib_a-mprec.o)
                                 0x93 (size before relaxing)
 *fill*         0x0800d14b        0x5 
 .rodata.__mprec_bigtens
                0x0800d150       0x28 d:/gcc-arm-none-eabi/bin/../lib/gcc/arm-none-eabi/10.3.1/../../../../arm-none-eabi/lib/thumb/v7e-m+fp/hard\libg.a(lib_a-mprec.o)
                0x0800d150                __mprec_bigtens
 .rodata.__mprec_tens
                0x0800d178       0xc8 d:/gcc-arm-none-eabi/bin/../lib/gcc/arm-none-eabi/10.3.1/../../../../arm-none-eabi/lib/thumb/v7e-m+fp/hard\libg.a(lib_a-mprec.o)
                0x0800d178                __mprec_tens
 .rodata.p05.0  0x0800d240        0xc d:/gcc-arm-none-eabi/bin/../lib/gcc/arm-none-eabi/10.3.1/../../../../arm-none-eabi/lib/thumb/v7e-m+fp/hard\libg.a(lib_a-mprec.o)
 .rodata.__assert_func.str1.4
                0x0800d24c       0x3f d:/gcc-arm-none-eabi/bin/../lib/gcc/arm-none-eabi/10.3.1/../../../../arm-none-eabi/lib/thumb/v7e-m+fp/hard\libg.a(lib_a-assert.o)
                                 0x43 (size before relaxing)
 *fill*         0x0800d28b        0x1 
 .rodata._setlocale_r.str1.4
                0x0800d28c        0xa d:/gcc-arm-none-eabi/bin/../lib/gcc/arm-none-eabi/10.3.1/../../../../arm-none-eabi/lib/thumb/v7e-m+fp/hard\libg.a(lib_a-locale.o)
                                  0xd (size before relaxing)
 *fill*         0x0800d296        0x2 
 .rodata.str1.4
                0x0800d298        0x2 d:/gcc-arm-none-eabi/bin/../lib/gcc/arm-none-eabi/10.3.1/../../../../arm-none-eabi/lib/thumb/v7e-m+fp/hard\libg.a(lib_a-locale.o)
 .rodata._vfiprintf_r.str1.4
                0x0800d29a       0x2f d:/gcc-arm-none-eabi/bin/../lib/gcc/arm-none-eabi/10.3.1/../../../../arm-none-eabi/lib/thumb/v7e-m+fp/hard\libg.a(lib_a-vfiprintf.o)
 *fill*         0x0800d29a        0x2 
 .rodata.blanks.1
                0x0800d29c       0x10 d:/gcc-arm-none-eabi/bin/../lib/gcc/arm-none-eabi/10.3.1/../../../../arm-none-eabi/lib/thumb/v7e-m+fp/hard\libg.a(lib_a-vfiprintf.o)
 .rodata.zeroes.0
                0x0800d2ac       0x10 d:/gcc-arm-none-eabi/bin/../lib/gcc/arm-none-eabi/10.3.1/../../../../arm-none-eabi/lib/thumb/v7e-m+fp/hard\libg.a(lib_a-vfiprintf.o)
 .rodata._ctype_
                0x0800d2bc      0x101 d:/gcc-arm-none-eabi/bin/../lib/gcc/arm-none-eabi/10.3.1/../../../../arm-none-eabi/lib/thumb/v7e-m+fp/hard\libg.a(lib_a-ctype_.o)
                0x0800d2bc                _ctype_
                0x0800d3c0                . = ALIGN (0x4)
 *fill*         0x0800d3bd        0x3 

.ARM.extab      0x0800d3c0        0x0
                0x0800d3c0                . = ALIGN (0x4)
 *(.ARM.extab* .gnu.linkonce.armextab.*)
                0x0800d3c0                . = ALIGN (0x4)

.ARM            0x0800d3c0        0x8
                0x0800d3c0                . = ALIGN (0x4)
                0x0800d3c0                __exidx_start = .
 *(.ARM.exidx*)
 .ARM.exidx     0x0800d3c0        0x8 d:/gcc-arm-none-eabi/bin/../lib/gcc/arm-none-eabi/10.3.1/thumb/v7e-m+fp/hard\libgcc.a(_udivmoddi4.o)
                0x0800d3c8                __exidx_end = .
                0x0800d3c8                . = ALIGN (0x4)

.rel.dyn        0x0800d3c8        0x0
 .rel.iplt      0x0800d3c8        0x0 d:/gcc-arm-none-eabi/bin/../lib/gcc/arm-none-eabi/10.3.1/thumb/v7e-m+fp/hard/crtbegin.o

.preinit_array  0x0800d3c8        0x0
                0x0800d3c8                . = ALIGN (0x4)
                0x0800d3c8                PROVIDE (__preinit_array_start = .)
 *(.preinit_array*)
                0x0800d3c8                PROVIDE (__preinit_array_end = .)
                0x0800d3c8                . = ALIGN (0x4)

.init_array     0x0800d3c8        0x8
                0x0800d3c8                . = ALIGN (0x4)
                0x0800d3c8                PROVIDE (__init_array_start = .)
 *(SORT_BY_NAME(.init_array.*))
 .init_array.00000
                0x0800d3c8        0x4 d:/gcc-arm-none-eabi/bin/../lib/gcc/arm-none-eabi/10.3.1/../../../../arm-none-eabi/lib/thumb/v7e-m+fp/hard\libg.a(lib_a-__call_atexit.o)
 *(.init_array*)
 .init_array    0x0800d3cc        0x4 d:/gcc-arm-none-eabi/bin/../lib/gcc/arm-none-eabi/10.3.1/thumb/v7e-m+fp/hard/crtbegin.o
                0x0800d3d0                PROVIDE (__init_array_end = .)
                0x0800d3d0                . = ALIGN (0x4)

.fini_array     0x0800d3d0        0x4
                0x0800d3d0                . = ALIGN (0x4)
                0x0800d3d0                PROVIDE (__fini_array_start = .)
 *(SORT_BY_NAME(.fini_array.*))
 *(.fini_array*)
 .fini_array    0x0800d3d0        0x4 d:/gcc-arm-none-eabi/bin/../lib/gcc/arm-none-eabi/10.3.1/thumb/v7e-m+fp/hard/crtbegin.o
                0x0800d3d4                PROVIDE (__fini_array_end = .)
                0x0800d3d4                . = ALIGN (0x4)
                0x0800d3d4                _sidata = LOADADDR (.data)

.data           0x20000000      0x9c8 load address 0x0800d3d4
                0x20000000                . = ALIGN (0x4)
                0x20000000                _sdata = .
 *(.data)
 *(.data*)
 .data.RX_ADDRESS
                0x20000000        0x5 CMakeFiles/MASTER_ER.elf.dir/Core/Src/24l01.c.obj
                0x20000000                RX_ADDRESS
 *fill*         0x20000005        0x3 
 .data.v_target.3
                0x20000008        0x4 CMakeFiles/MASTER_ER.elf.dir/Core/Src/freertos.c.obj
 .data.SystemCoreClock
                0x2000000c        0x4 CMakeFiles/MASTER_ER.elf.dir/Core/Src/system_stm32f4xx.c.obj
                0x2000000c                SystemCoreClock
 .data.uwTickFreq
                0x20000010        0x1 CMakeFiles/MASTER_ER.elf.dir/Drivers/STM32F4xx_HAL_Driver/Src/stm32f4xx_hal.c.obj
                0x20000010                uwTickFreq
 *fill*         0x20000011        0x3 
 .data.uwTickPrio
                0x20000014        0x4 CMakeFiles/MASTER_ER.elf.dir/Drivers/STM32F4xx_HAL_Driver/Src/stm32f4xx_hal.c.obj
                0x20000014                uwTickPrio
 .data.uxCriticalNesting
                0x20000018        0x4 CMakeFiles/MASTER_ER.elf.dir/Middlewares/Third_Party/FreeRTOS/Source/portable/GCC/ARM_CM4F/port.c.obj
 .data._impure_ptr
                0x2000001c        0x4 d:/gcc-arm-none-eabi/bin/../lib/gcc/arm-none-eabi/10.3.1/../../../../arm-none-eabi/lib/thumb/v7e-m+fp/hard\libg.a(lib_a-impure.o)
                0x2000001c                _impure_ptr
 .data.impure_data
                0x20000020      0x428 d:/gcc-arm-none-eabi/bin/../lib/gcc/arm-none-eabi/10.3.1/../../../../arm-none-eabi/lib/thumb/v7e-m+fp/hard\libg.a(lib_a-impure.o)
 .data.__atexit_recursive_mutex
                0x20000448        0x4 d:/gcc-arm-none-eabi/bin/../lib/gcc/arm-none-eabi/10.3.1/../../../../arm-none-eabi/lib/thumb/v7e-m+fp/hard\libg.a(lib_a-__call_atexit.o)
                0x20000448                __atexit_recursive_mutex
 .data.__malloc_av_
                0x2000044c      0x408 d:/gcc-arm-none-eabi/bin/../lib/gcc/arm-none-eabi/10.3.1/../../../../arm-none-eabi/lib/thumb/v7e-m+fp/hard\libg.a(lib_a-mallocr.o)
                0x2000044c                __malloc_av_
 .data.__malloc_sbrk_base
                0x20000854        0x4 d:/gcc-arm-none-eabi/bin/../lib/gcc/arm-none-eabi/10.3.1/../../../../arm-none-eabi/lib/thumb/v7e-m+fp/hard\libg.a(lib_a-mallocr.o)
                0x20000854                __malloc_sbrk_base
 .data.__malloc_trim_threshold
                0x20000858        0x4 d:/gcc-arm-none-eabi/bin/../lib/gcc/arm-none-eabi/10.3.1/../../../../arm-none-eabi/lib/thumb/v7e-m+fp/hard\libg.a(lib_a-mallocr.o)
                0x20000858                __malloc_trim_threshold
 .data.__global_locale
                0x2000085c      0x16c d:/gcc-arm-none-eabi/bin/../lib/gcc/arm-none-eabi/10.3.1/../../../../arm-none-eabi/lib/thumb/v7e-m+fp/hard\libg.a(lib_a-locale.o)
                0x2000085c                __global_locale
 *(.RamFunc)
 *(.RamFunc*)
                0x200009c8                . = ALIGN (0x4)
                0x200009c8                _edata = .
                0x0800dd9c                _siccmram = LOADADDR (.ccmram)

.igot.plt       0x200009c8        0x0 load address 0x0800dd9c
 .igot.plt      0x200009c8        0x0 d:/gcc-arm-none-eabi/bin/../lib/gcc/arm-none-eabi/10.3.1/thumb/v7e-m+fp/hard/crtbegin.o

.ccmram         0x10000000        0x0 load address 0x0800dd9c
                0x10000000                . = ALIGN (0x4)
                0x10000000                _sccmram = .
 *(.ccmram)
 *(.ccmram*)
                0x10000000                . = ALIGN (0x4)
                0x10000000                _eccmram = .
                0x10000000                . = ALIGN (0x4)

.bss            0x200009c8     0x4904
                0x200009c8                _sbss = .
                0x200009c8                __bss_start__ = _sbss
 *(.bss)
 .bss           0x200009c8       0x1c d:/gcc-arm-none-eabi/bin/../lib/gcc/arm-none-eabi/10.3.1/thumb/v7e-m+fp/hard/crtbegin.o
 *(.bss*)
 .bss.Remote    0x200009e4       0x18 CMakeFiles/MASTER_ER.elf.dir/Core/Src/24l01.c.obj
                0x200009e4                Remote
 .bss.key.1     0x200009fc        0x1 CMakeFiles/MASTER_ER.elf.dir/Core/Src/24l01.c.obj
 .bss.key_last.0
                0x200009fd        0x1 CMakeFiles/MASTER_ER.elf.dir/Core/Src/24l01.c.obj
 .bss.lx.5      0x200009fe        0x1 CMakeFiles/MASTER_ER.elf.dir/Core/Src/24l01.c.obj
 .bss.ly.4      0x200009ff        0x1 CMakeFiles/MASTER_ER.elf.dir/Core/Src/24l01.c.obj
 .bss.rc_data.6
                0x20000a00        0x5 CMakeFiles/MASTER_ER.elf.dir/Core/Src/24l01.c.obj
 .bss.rx.3      0x20000a05        0x1 CMakeFiles/MASTER_ER.elf.dir/Core/Src/24l01.c.obj
 .bss.ry.2      0x20000a06        0x1 CMakeFiles/MASTER_ER.elf.dir/Core/Src/24l01.c.obj
 *fill*         0x20000a07        0x1 
 .bss.crc_32    0x20000a08        0x4 CMakeFiles/MASTER_ER.elf.dir/Core/Src/A1_driver.c.obj
                0x20000a08                crc_32
 *fill*         0x20000a0c        0x4 
 .bss.motor_s   0x20000a10       0xa0 CMakeFiles/MASTER_ER.elf.dir/Core/Src/A1_driver.c.obj
                0x20000a10                motor_s
 .bss.motor_send
                0x20000ab0       0x22 CMakeFiles/MASTER_ER.elf.dir/Core/Src/A1_driver.c.obj
                0x20000ab0                motor_send
 *fill*         0x20000ad2        0x2 
 .bss.motor_send_stop
                0x20000ad4       0x22 CMakeFiles/MASTER_ER.elf.dir/Core/Src/A1_driver.c.obj
                0x20000ad4                motor_send_stop
 *fill*         0x20000af6        0x2 
 .bss.pos_base_a1
                0x20000af8        0xc CMakeFiles/MASTER_ER.elf.dir/Core/Src/A1_driver.c.obj
                0x20000af8                pos_base_a1
 .bss.pos_realtime_a1
                0x20000b04        0xc CMakeFiles/MASTER_ER.elf.dir/Core/Src/A1_driver.c.obj
                0x20000b04                pos_realtime_a1
 .bss.HAL_RCC_CAN1_CLK_ENABLED
                0x20000b10        0x4 CMakeFiles/MASTER_ER.elf.dir/Core/Src/can.c.obj
 .bss.hcan1     0x20000b14       0x28 CMakeFiles/MASTER_ER.elf.dir/Core/Src/can.c.obj
                0x20000b14                hcan1
 .bss.hcan2     0x20000b3c       0x28 CMakeFiles/MASTER_ER.elf.dir/Core/Src/can.c.obj
                0x20000b3c                hcan2
 .bss.HAL_RetVal.0
                0x20000b64        0x1 CMakeFiles/MASTER_ER.elf.dir/Core/Src/can_rec.c.obj
 *fill*         0x20000b65        0x3 
 .bss.RxData.1  0x20000b68        0x8 CMakeFiles/MASTER_ER.elf.dir/Core/Src/can_rec.c.obj
 .bss.RxHeader.2
                0x20000b70       0x1c CMakeFiles/MASTER_ER.elf.dir/Core/Src/can_rec.c.obj
 .bss.TxData.4  0x20000b8c        0x8 CMakeFiles/MASTER_ER.elf.dir/Core/Src/can_rec.c.obj
 .bss.TxData.7  0x20000b94        0x8 CMakeFiles/MASTER_ER.elf.dir/Core/Src/can_rec.c.obj
 .bss.TxHeader.5
                0x20000b9c       0x18 CMakeFiles/MASTER_ER.elf.dir/Core/Src/can_rec.c.obj
 .bss.TxHeader.8
                0x20000bb4       0x18 CMakeFiles/MASTER_ER.elf.dir/Core/Src/can_rec.c.obj
 .bss.mbox.3    0x20000bcc        0x4 CMakeFiles/MASTER_ER.elf.dir/Core/Src/can_rec.c.obj
 .bss.mbox.6    0x20000bd0        0x4 CMakeFiles/MASTER_ER.elf.dir/Core/Src/can_rec.c.obj
 .bss.AutoAimHandle
                0x20000bd4        0x4 CMakeFiles/MASTER_ER.elf.dir/Core/Src/freertos.c.obj
                0x20000bd4                AutoAimHandle
 .bss.ControllerTaskHandle
                0x20000bd8        0x4 CMakeFiles/MASTER_ER.elf.dir/Core/Src/freertos.c.obj
                0x20000bd8                ControllerTaskHandle
 .bss.DebugTaskHandle
                0x20000bdc        0x4 CMakeFiles/MASTER_ER.elf.dir/Core/Src/freertos.c.obj
                0x20000bdc                DebugTaskHandle
 .bss.ManualAimTaskHandle
                0x20000be0        0x4 CMakeFiles/MASTER_ER.elf.dir/Core/Src/freertos.c.obj
                0x20000be0                ManualAimTaskHandle
 .bss.PitchAndYawTaskHandle
                0x20000be4        0x4 CMakeFiles/MASTER_ER.elf.dir/Core/Src/freertos.c.obj
                0x20000be4                PitchAndYawTaskHandle
 .bss.ShootTaskHandle
                0x20000be8        0x4 CMakeFiles/MASTER_ER.elf.dir/Core/Src/freertos.c.obj
                0x20000be8                ShootTaskHandle
 .bss.TakeRingTaskHandle
                0x20000bec        0x4 CMakeFiles/MASTER_ER.elf.dir/Core/Src/freertos.c.obj
                0x20000bec                TakeRingTaskHandle
 .bss.YawOffsetHandle
                0x20000bf0        0x4 CMakeFiles/MASTER_ER.elf.dir/Core/Src/freertos.c.obj
                0x20000bf0                YawOffsetHandle
 .bss.aim_out.0
                0x20000bf4        0x4 CMakeFiles/MASTER_ER.elf.dir/Core/Src/freertos.c.obj
 .bss.j.6       0x20000bf8        0x1 CMakeFiles/MASTER_ER.elf.dir/Core/Src/freertos.c.obj