Component: ARM Compiler 5.05 update 1 (build 106) Tool: armlink [4d0efa]

==============================================================================

Section Cross References

    main.o(.text) refers to misc.o(.text) for NVIC_PriorityGroupConfig
    main.o(.text) refers to delay.o(.text) for delay_init
    main.o(.text) refers to usart.o(.text) for USART3_Init
    main.o(.text) refers to locator.o(.text) for Locator_Init
    main.o(.text) refers to f2d.o(x$fpl$f2d) for __aeabi_f2d
    main.o(.text) refers to tim.o(.data) for locatorCalflag
    main.o(.text) refers to locator.o(.bss) for locator
    main.o(.text) refers to usart.o(.data) for locatorResetflag
    system_stm32f4xx.o(.text) refers to system_stm32f4xx.o(.data) for SystemCoreClock
    led.o(.text) refers to stm32f4xx_rcc.o(.text) for RCC_AHB1PeriphClockCmd
    led.o(.text) refers to stm32f4xx_gpio.o(.text) for GPIO_Init
    tim.o(.text) refers to stm32f4xx_rcc.o(.text) for RCC_APB1PeriphClockCmd
    tim.o(.text) refers to stm32f4xx_tim.o(.text) for TIM_TimeBaseInit
    tim.o(.text) refers to misc.o(.text) for NVIC_Init
    tim.o(.text) refers to xv7011.o(.text) for XV7011_ReadData32
    tim.o(.text) refers to filter.o(.text) for WindowFilterStructInit
    tim.o(.text) refers to locator.o(.text) for Locator_Filter_ReadYaw
    tim.o(.text) refers to tim.o(.data) for locatorInitflag
    tim.o(.text) refers to locator.o(.data) for GYRO_OFFSET
    tim.o(.text) refers to filter.o(.bss) for Gyro_Window
    tim.o(.text) refers to locator.o(.bss) for locator
    xv7011.o(.text) refers to stm32f4xx_gpio.o(.text) for GPIO_ResetBits
    xv7011.o(.text) refers to bsp_spi.o(.text) for SPI1_RW_Byte
    xv7011.o(.text) refers to stm32f4xx_rcc.o(.text) for RCC_AHB1PeriphClockCmd
    xv7011.o(.text) refers to delay.o(.text) for delay_ms
    xv7011.o(.text) refers to xv7011.o(.data) for temp
    bsp_spi.o(.text) refers to stm32f4xx_spi.o(.text) for SPI_Init
    bsp_spi.o(.text) refers to stm32f4xx_rcc.o(.text) for RCC_APB2PeriphClockCmd
    bsp_spi.o(.text) refers to stm32f4xx_gpio.o(.text) for GPIO_PinAFConfig
    encoder.o(.text) refers to stm32f4xx_rcc.o(.text) for RCC_APB1PeriphClockCmd
    encoder.o(.text) refers to stm32f4xx_gpio.o(.text) for GPIO_PinAFConfig
    encoder.o(.text) refers to stm32f4xx_tim.o(.text) for TIM_TimeBaseStructInit
    locator.o(.text) refers to encoder.o(.text) for Encoder_Init_TIM2
    locator.o(.text) refers to xv7011.o(.text) for XV7011_Init
    locator.o(.text) refers to usart.o(.text) for UASRT1_Init
    locator.o(.text) refers to tim.o(.text) for TIMER_TASK_TIM3_Init
    locator.o(.text) refers to filter.o(.text) for WindowFilter
    locator.o(.text) refers to arm_cos_f32.o(.text.arm_cos_f32) for arm_cos_f32
    locator.o(.text) refers to arm_sin_f32.o(.text.arm_sin_f32) for arm_sin_f32
    locator.o(.text) refers to tim.o(.data) for locatorInitflag
    locator.o(.text) refers to filter.o(.bss) for Gyro_Window
    locator.o(.text) refers to locator.o(.data) for GYRO_OFFSET
    locator.o(.text) refers to usart.o(.bss) for USART1_DMA_TX_BUFFER
    startup_stm32f40_41xxx.o(STACK) refers (Special) to heapauxi.o(.text) for __use_two_region_memory
    startup_stm32f40_41xxx.o(HEAP) refers (Special) to heapauxi.o(.text) for __use_two_region_memory
    startup_stm32f40_41xxx.o(RESET) refers (Special) to heapauxi.o(.text) for __use_two_region_memory
    startup_stm32f40_41xxx.o(RESET) refers to startup_stm32f40_41xxx.o(STACK) for __initial_sp
    startup_stm32f40_41xxx.o(RESET) refers to startup_stm32f40_41xxx.o(.text) for Reset_Handler
    startup_stm32f40_41xxx.o(RESET) refers to stm32f4xx_it.o(.text) for NMI_Handler
    startup_stm32f40_41xxx.o(RESET) refers to tim.o(.text) for TIM3_IRQHandler
    startup_stm32f40_41xxx.o(RESET) refers to usart.o(.text) for USART1_IRQHandler
    startup_stm32f40_41xxx.o(.text) refers (Special) to heapauxi.o(.text) for __use_two_region_memory
    startup_stm32f40_41xxx.o(.text) refers to system_stm32f4xx.o(.text) for SystemInit
    startup_stm32f40_41xxx.o(.text) refers to __main.o(!!!main) for __main
    startup_stm32f40_41xxx.o(.text) refers to startup_stm32f40_41xxx.o(HEAP) for Heap_Mem
    startup_stm32f40_41xxx.o(.text) refers to startup_stm32f40_41xxx.o(STACK) for Stack_Mem
    stm32f4xx_gpio.o(.text) refers to stm32f4xx_rcc.o(.text) for RCC_AHB1PeriphResetCmd
    stm32f4xx_rcc.o(.text) refers to stm32f4xx_rcc.o(.data) for APBAHBPrescTable
    stm32f4xx_syscfg.o(.text) refers to stm32f4xx_rcc.o(.text) for RCC_APB2PeriphResetCmd
    stm32f4xx_usart.o(.text) refers to stm32f4xx_rcc.o(.text) for RCC_APB2PeriphResetCmd
    stm32f4xx_can.o(.text) refers to stm32f4xx_rcc.o(.text) for RCC_APB1PeriphResetCmd
    stm32f4xx_tim.o(.text) refers to stm32f4xx_rcc.o(.text) for RCC_APB2PeriphResetCmd
    stm32f4xx_i2c.o(.text) refers to stm32f4xx_rcc.o(.text) for RCC_APB1PeriphResetCmd
    stm32f4xx_spi.o(.text) refers to stm32f4xx_rcc.o(.text) for RCC_APB2PeriphResetCmd
[...]
    .text                                    0x08004444   Section        0  _printf_char.o(.text)
    .text                                    0x08004470   Section        0  _printf_wchar.o(.text)
    .text                                    0x0800449c   Section        0  _wcrtomb.o(.text)
    .text                                    0x080044dc   Section       74  sys_stackheap_outer.o(.text)
    .text                                    0x08004528   Section       16  rt_ctype_table.o(.text)
    .text                                    0x08004538   Section        8  rt_locale_intlibspace.o(.text)
    .text                                    0x08004540   Section        0  _printf_fp_infnan.o(.text)
    .text                                    0x080045c0   Section        0  bigflt0.o(.text)
    .text                                    0x0800469c   Section        0  exit.o(.text)
    .text                                    0x080046a8   Section        8  libspace.o(.text)
    .text                                    0x080046b0   Section      128  strcmpv7m.o(.text)
    .text                                    0x08004730   Section        0  sys_exit.o(.text)
    .text                                    0x0800473c   Section        2  use_no_semi.o(.text)
    .text                                    0x0800473e   Section        0  indicate_semi.o(.text)
    [Anonymous Symbol]                       0x08004740   Section        0  arm_cos_f32.o(.text.arm_cos_f32)
    [Anonymous Symbol]                       0x080047d8   Section        0  arm_sin_f32.o(.text.arm_sin_f32)
    CL$$btod_d2e                             0x08004868   Section       62  btod.o(CL$$btod_d2e)
    CL$$btod_d2e_denorm_low                  0x080048a6   Section       70  btod.o(CL$$btod_d2e_denorm_low)
    CL$$btod_d2e_norm_op1                    0x080048ec   Section       96  btod.o(CL$$btod_d2e_norm_op1)
    CL$$btod_div_common                      0x0800494c   Section      824  btod.o(CL$$btod_div_common)
    CL$$btod_e2e                             0x08004c84   Section      198  btod.o(CL$$btod_e2e)
    CL$$btod_ediv                            0x08004d4a   Section       40  btod.o(CL$$btod_ediv)
    CL$$btod_emul                            0x08004d72   Section       40  btod.o(CL$$btod_emul)
    CL$$btod_mult_common                     0x08004d9a   Section      580  btod.o(CL$$btod_mult_common)
    i.__ARM_fpclassify                       0x08004fde   Section        0  fpclassify.o(i.__ARM_fpclassify)
    i._is_digit                              0x0800500e   Section        0  __printf_wp.o(i._is_digit)
    locale$$code                             0x0800501c   Section       44  lc_numeric_c.o(locale$$code)
    locale$$code                             0x08005048   Section       44  lc_ctype_c.o(locale$$code)
    x$fpl$dretinf                            0x08005074   Section       12  dretinf.o(x$fpl$dretinf)
    $v0                                      0x08005074   Number         0  dretinf.o(x$fpl$dretinf)
    x$fpl$f2d                                0x08005080   Section       86  f2d.o(x$fpl$f2d)
    $v0                                      0x08005080   Number         0  f2d.o(x$fpl$f2d)
    x$fpl$fnaninf                            0x080050d6   Section      140  fnaninf.o(x$fpl$fnaninf)
    $v0                                      0x080050d6   Number         0  fnaninf.o(x$fpl$fnaninf)
    x$fpl$fpinit                             0x08005162   Section       10  fpinit.o(x$fpl$fpinit)
    $v0                                      0x08005162   Number         0  fpinit.o(x$fpl$fpinit)
    x$fpl$printf1                            0x0800516c   Section        4  printf1.o(x$fpl$printf1)
    $v0                                      0x0800516c   Number         0  printf1.o(x$fpl$printf1)
    x$fpl$printf2                            0x08005170   Section        4  printf2.o(x$fpl$printf2)
    $v0                                      0x08005170   Number         0  printf2.o(x$fpl$printf2)
    .constdata                               0x08005174   Section        8  _printf_wctomb.o(.constdata)
    x$fpl$usenofp                            0x08005174   Section        0  usenofp.o(x$fpl$usenofp)
    initial_mbstate                          0x08005174   Data           8  _printf_wctomb.o(.constdata)
    .constdata                               0x0800517c   Section       40  _printf_hex_int_ll_ptr.o(.constdata)
    uc_hextab                                0x0800517c   Data          20  _printf_hex_int_ll_ptr.o(.constdata)
    lc_hextab                                0x08005190   Data          20  _printf_hex_int_ll_ptr.o(.constdata)
    .constdata                               0x080051a4   Section       17  __printf_flags_ss_wp.o(.constdata)
    maptable                                 0x080051a4   Data          17  __printf_flags_ss_wp.o(.constdata)
    .constdata                               0x080051b5   Section       38  _printf_fp_hex.o(.constdata)
    lc_hextab                                0x080051b5   Data          19  _printf_fp_hex.o(.constdata)
    uc_hextab                                0x080051c8   Data          19  _printf_fp_hex.o(.constdata)
    .constdata                               0x080051dc   Section      148  bigflt0.o(.constdata)
    tenpwrs_x                                0x080051dc   Data          60  bigflt0.o(.constdata)
    tenpwrs_i                                0x08005218   Data          64  bigflt0.o(.constdata)
    locale$$data                             0x08005a94   Section       28  lc_numeric_c.o(locale$$data)
    __lcnum_c_name                           0x08005a98   Data           2  lc_numeric_c.o(locale$$data)
    __lcnum_c_start                          0x08005aa0   Data           0  lc_numeric_c.o(locale$$data)
    __lcnum_c_point                          0x08005aac   Data           0  lc_numeric_c.o(locale$$data)
    __lcnum_c_thousands                      0x08005aae   Data           0  lc_numeric_c.o(locale$$data)
    __lcnum_c_grouping                       0x08005aaf   Data           0  lc_numeric_c.o(locale$$data)
    locale$$data                             0x08005ab0   Section      272  lc_ctype_c.o(locale$$data)
    __lcnum_c_end                            0x08005ab0   Data           0  lc_numeric_c.o(locale$$data)
    __lcctype_c_name                         0x08005ab4   Data           2  lc_ctype_c.o(locale$$data)
    __lcctype_c_start                        0x08005abc   Data           0  lc_ctype_c.o(locale$$data)
    __lcctype_c_end                          0x08005bc0   Data           0  lc_ctype_c.o(locale$$data)
    .data                                    0x20000000   Section       20  system_stm32f4xx.o(.data)
    .data                                    0x20000014   Section       16  tim.o(.data)
    count                                    0x20000018   Data           2  tim.o(.data)
    gyro                                     0x2000001c   Data           4  tim.o(.data)
    sumGyro                                  0x20000020   Data           4  tim.o(.data)
    .data                                    0x20000024   Section        2  xv7011.o(.data)
    temp                                     0x20000024   Data           2  xv7011.o(.data)
    .data                                    0x20000028   Section        4  locator.o(.data)
    .data                                    0x2000002c   Section       16  stm32f4xx_rcc.o(.data)
    APBAHBPrescTable                         0x2000002c   Data          16  stm32f4xx_rcc.o(.data)
    .data                                    0x2000003c   Section        4  delay.o(.data)
    fac_us                                   0x2000003c   Data           1  delay.o(.data)
    fac_ms                                   0x2000003e   Data           2  delay.o(.data)
    .data                                    0x20000040   Section        2  usart.o(.data)
    .bss                                     0x20000044   Section      208  filter.o(.bss)
    .bss                                     0x20000114   Section       20  locator.o(.bss)
    .bss                                     0x20000128   Section       15  usart.o(.bss)
    .bss                                     0x20000138   Section       96  libspace.o(.bss)
    HEAP                                     0x20000198   Section      512  startup_stm32f40_41xxx.o(HEAP)
    Heap_Mem                                 0x20000198   Data         512  startup_stm32f40_41xxx.o(HEAP)
    STACK                                    0x20000398   Section     1024  startup_stm32f40_41xxx.o(STACK)
    Stack_Mem                                0x20000398   Data        1024  startup_stm32f40_41xxx.o(STACK)
    __initial_sp                             0x20000798   Data           0  startup_stm32f40_41xxx.o(STACK)

    Global Symbols

    Symbol Name                              Value     Ov Type        Size  Object(Section)

    BuildAttributes$$THM_ISAv4$E$P$D$K$B$S$7EM$VFPi3$EXTD16$VFPS$VFMA$PE$A:L22UL41UL21$X:L11$S22US41US21$IEEE1$IW$USESV6$~STKCKD$USESV7$~SHL$OTIME$ROPI$IEEEJ$EBA8$UX$STANDARDLIB$REQ8$PRES8$EABIv2 0x00000000   Number         0  anon$$obj.o ABSOLUTE
    __ARM_use_no_argv                        0x00000000   Number         0  main.o ABSOLUTE
    _printf_flags                            0x00000000   Number         0  printf_stubs.o ABSOLUTE
    _printf_return_value                     0x00000000   Number         0  printf_stubs.o ABSOLUTE
    _printf_sizespec                         0x00000000   Number         0  printf_stubs.o ABSOLUTE
    _printf_widthprec                        0x00000000   Number         0  printf_stubs.o ABSOLUTE
    __ARM_exceptions_init                     - Undefined Weak Reference
    __alloca_initialize                       - Undefined Weak Reference
    __arm_preinit_                            - Undefined Weak Reference
    __cpp_initialize__aeabi_                  - Undefined Weak Reference
    __cxa_finalize                            - Undefined Weak Reference
    __sigvec_lookup                           - Undefined Weak Reference
    _atexit_init                              - Undefined Weak Reference
    _call_atexit_fns                          - Undefined Weak Reference
    _clock_init                               - Undefined Weak Reference
    _fp_trap_init                             - Undefined Weak Reference
    _fp_trap_shutdown                         - Undefined Weak Reference
    _get_lc_collate                           - Undefined Weak Reference
    _get_lc_monetary                          - Undefined Weak Reference
    _get_lc_time                              - Undefined Weak Reference
    _getenv_init                              - Undefined Weak Reference
    _handle_redirection                       - Undefined Weak Reference
    _init_alloc                               - Undefined Weak Reference
    _init_user_alloc                          - Undefined Weak Reference
    _initio                                   - Undefined Weak Reference
    _printf_mbtowc                            - Undefined Weak Reference
    _printf_wc                                - Undefined Weak Reference
    _rand_init                                - Undefined Weak Reference
    _signal_finish                            - Undefined Weak Reference
    _signal_init                              - Undefined Weak Reference
    _terminate_alloc                          - Undefined Weak Reference
    _terminate_user_alloc                     - Undefined Weak Reference
    _terminateio                              - Undefined Weak Reference
    __Vectors_Size                           0x00000188   Number         0  startup_stm32f40_41xxx.o ABSOLUTE
    __Vectors                                0x08000000   Data           4  startup_stm32f40_41xxx.o(RESET)
    __Vectors_End                            0x08000188   Data           0  startup_stm32f40_41xxx.o(RESET)
    __main                                   0x08000189   Thumb Code     8  __main.o(!!!main)
    __scatterload                            0x08000191   Thumb Code     0  __scatter.o(!!!scatter)
    __scatterload_rt2                        0x08000191   Thumb Code    44  __scatter.o(!!!scatter)
    __scatterload_rt2_thumb_only             0x08000191   Thumb Code     0  __scatter.o(!!!scatter)
    __scatterload_null                       0x0800019f   Thumb Code     0  __scatter.o(!!!scatter)
    __scatterload_copy                       0x080001c5   Thumb Code    26  __scatter_copy.o(!!handler_copy)
    __scatterload_zeroinit                   0x080001e1   Thumb Code    28  __scatter_zi.o(!!handler_zi)
    _printf_n                                0x080001fd   Thumb Code     0  _printf_n.o(.ARM.Collect$$_printf_percent$$00000001)
    _printf_percent                          0x080001fd   Thumb Code     0  _printf_percent.o(.ARM.Collect$$_printf_percent$$00000000)
    _printf_p                                0x08000203   Thumb Code     0  _printf_p.o(.ARM.Collect$$_printf_percent$$00000002)
    _printf_f                                0x08000209   Thumb Code     0  _printf_f.o(.ARM.Collect$$_printf_percent$$00000003)
    _printf_e                                0x0800020f   Thumb Code     0  _printf_e.o(.ARM.Collect$$_printf_percent$$00000004)
    _printf_g                                0x08000215   Thumb Code     0  _printf_g.o(.ARM.Collect$$_printf_percent$$00000005)
    _printf_a                                0x0800021b   Thumb Code     0  _printf_a.o(.ARM.Collect$$_printf_percent$$00000006)
    _printf_ll                               0x08000221   Thumb Code     0  _printf_ll.o(.ARM.Collect$$_printf_percent$$00000007)
    _printf_i                                0x0800022b   Thumb Code     0  _printf_i.o(.ARM.Collect$$_printf_percent$$00000008)
    _printf_d                                0x08000231   Thumb Code     0  _printf_d.o(.ARM.Collect$$_printf_percent$$00000009)
    _printf_u                                0x08000237   Thumb Code     0  _printf_u.o(.ARM.Collect$$_printf_percent$$0000000A)
    _printf_o                                0x0800023d   Thumb Code     0  _printf_o.o(.ARM.Collect$$_printf_percent$$0000000B)
    _printf_x                                0x08000243   Thumb Code     0  _printf_x.o(.ARM.Collect$$_printf_percent$$0000000C)
    _printf_lli                              0x08000249   Thumb Code     0  _printf_lli.o(.ARM.Collect$$_printf_percent$$0000000D)
    _printf_lld                              0x0800024f   Thumb Code     0  _printf_lld.o(.ARM.Collect$$_printf_percent$$0000000E)
    _printf_llu                              0x08000255   Thumb Code     0  _printf_llu.o(.ARM.Collect$$_printf_percent$$0000000F)
    _printf_llo                              0x0800025b   Thumb Code     0  _printf_llo.o(.ARM.Collect$$_printf_percent$$00000010)
    _printf_llx                              0x08000261   Thumb Code     0  _printf_llx.o(.ARM.Collect$$_printf_percent$$00000011)
    _printf_l                                0x08000267   Thumb Code     0  _printf_l.o(.ARM.Collect$$_printf_percent$$00000012)
    _printf_c                                0x08000271   Thumb Code     0  _printf_c.o(.ARM.Collect$$_printf_percent$$00000013)
    _printf_s                                0x08000277   Thumb Code     0  _printf_s.o(.ARM.Collect$$_printf_percent$$00000014)
    _printf_lc                               0x0800027d   Thumb Code     0  _printf_lc.o(.ARM.Collect$$_printf_percent$$00000015)
    _printf_ls                               0x08000283   Thumb Code     0  _printf_ls.o(.ARM.Collect$$_printf_percent$$00000016)
    _printf_percent_end                      0x08000289   Thumb Code     0  _printf_percent_end.o(.ARM.Collect$$_printf_percent$$00000017)
    __rt_lib_init                            0x0800028d   Thumb Code     0  libinit.o(.ARM.Collect$$libinit$$00000000)
    __rt_lib_init_fp_1                       0x0800028f   Thumb Code     0  libinit2.o(.ARM.Collect$$libinit$$00000001)
    __rt_lib_init_heap_1                     0x08000293   Thumb Code     0  libinit2.o(.ARM.Collect$$libinit$$0000000A)
    __rt_lib_init_lc_common                  0x08000293   Thumb Code     0  libinit2.o(.ARM.Collect$$libinit$$0000000F)
    __rt_lib_init_preinit_1                  0x08000293   Thumb Code     0  libinit2.o(.ARM.Collect$$libinit$$00000004)
    __rt_lib_init_rand_1                     0x08000293   Thumb Code     0  libinit2.o(.ARM.Collect$$libinit$$0000000E)
    __rt_lib_init_user_alloc_1               0x08000293   Thumb Code     0  libinit2.o(.ARM.Collect$$libinit$$0000000C)
    __rt_lib_init_lc_collate_1               0x08000299   Thumb Code     0  libinit2.o(.ARM.Collect$$libinit$$00000011)
    __rt_lib_init_lc_ctype_2                 0x08000299   Thumb Code     0  libinit2.o(.ARM.Collect$$libinit$$00000012)
    __rt_lib_init_lc_ctype_1                 0x080002a5   Thumb Code     0  libinit2.o(.ARM.Collect$$libinit$$00000013)
    __rt_lib_init_lc_monetary_1              0x080002a5   Thumb Code     0  libinit2.o(.ARM.Collect$$libinit$$00000015)
    __rt_lib_init_lc_numeric_2               0x080002a5   Thumb Code     0  libinit2.o(.ARM.Collect$$libinit$$00000016)
    __rt_lib_init_alloca_1                   0x080002af   Thumb Code     0  libinit2.o(.ARM.Collect$$libinit$$0000002E)
    __rt_lib_init_argv_1                     0x080002af   Thumb Code     0  libinit2.o(.ARM.Collect$$libinit$$0000002C)
    __rt_lib_init_atexit_1                   0x080002af   Thumb Code     0  libinit2.o(.ARM.Collect$$libinit$$0000001B)
    __rt_lib_init_clock_1                    0x080002af   Thumb Code     0  libinit2.o(.ARM.Collect$$libinit$$00000021)
    __rt_lib_init_cpp_1                      0x080002af   Thumb Code     0  libinit2.o(.ARM.Collect$$libinit$$00000032)
    __rt_lib_init_exceptions_1               0x080002af   Thumb Code     0  libinit2.o(.ARM.Collect$$libinit$$00000030)
    __rt_lib_init_fp_trap_1                  0x080002af   Thumb Code     0  libinit2.o(.ARM.Collect$$libinit$$0000001F)
    __rt_lib_init_getenv_1                   0x080002af   Thumb Code     0  libinit2.o(.ARM.Collect$$libinit$$00000023)
    __rt_lib_init_lc_numeric_1               0x080002af   Thumb Code     0  libinit2.o(.ARM.Collect$$libinit$$00000017)
    __rt_lib_init_lc_time_1                  0x080002af   Thumb Code     0  libinit2.o(.ARM.Collect$$libinit$$00000019)
    __rt_lib_init_return                     0x080002af   Thumb Code     0  libinit2.o(.ARM.Collect$$libinit$$00000033)
    __rt_lib_init_signal_1                   0x080002af   Thumb Code     0  libinit2.o(.ARM.Collect$$libinit$$0000001D)
    __rt_lib_init_stdio_1                    0x080002af   Thumb Code     0  libinit2.o(.ARM.Collect$$libinit$$00000025)
    __rt_lib_shutdown                        0x080002b1   Thumb Code     0  libshutdown.o(.ARM.Collect$$libshutdown$$00000000)
    __rt_lib_shutdown_fp_trap_1              0x080002b3   Thumb Code     0  libshutdown2.o(.ARM.Collect$$libshutdown$$00000006)
    __rt_lib_shutdown_heap_1                 0x080002b3   Thumb Code     0  libshutdown2.o(.ARM.Collect$$libshutdown$$0000000E)
    __rt_lib_shutdown_return                 0x080002b3   Thumb Code     0  libshutdown2.o(.ARM.Collect$$libshutdown$$0000000F)
    __rt_lib_shutdown_signal_1               0x080002b3   Thumb Code     0  libshutdown2.o(.ARM.Collect$$libshutdown$$00000009)
    __rt_lib_shutdown_stdio_1                0x080002b3   Thumb Code     0  libshutdown2.o(.ARM.Collect$$libshutdown$$00000003)
    __rt_lib_shutdown_user_alloc_1           0x080002b3   Thumb Code     0  libshutdown2.o(.ARM.Collect$$libshutdown$$0000000B)
    __rt_entry                               0x080002b5   Thumb Code     0  __rtentry.o(.ARM.Collect$$rtentry$$00000000)
    __rt_entry_presh_1                       0x080002b5   Thumb Code     0  __rtentry2.o(.ARM.Collect$$rtentry$$00000002)
    __rt_entry_sh                            0x080002b5   Thumb Code     0  __rtentry4.o(.ARM.Collect$$rtentry$$00000004)
    __rt_entry_li                            0x080002bb   Thumb Code     0  __rtentry2.o(.ARM.Collect$$rtentry$$0000000A)
    __rt_entry_postsh_1                      0x080002bb   Thumb Code     0  __rtentry2.o(.ARM.Collect$$rtentry$$00000009)
    __rt_entry_main                          0x080002bf   Thumb Code     0  __rtentry2.o(.ARM.Collect$$rtentry$$0000000D)
    __rt_entry_postli_1                      0x080002bf   Thumb Code     0  __rtentry2.o(.ARM.Collect$$rtentry$$0000000C)
    __rt_exit                                0x080002c7   Thumb Code     0  rtexit.o(.ARM.Collect$$rtexit$$00000000)
    __rt_exit_ls                             0x080002c9   Thumb Code     0  rtexit2.o(.ARM.Collect$$rtexit$$00000003)
    __rt_exit_prels_1                        0x080002c9   Thumb Code     0  rtexit2.o(.ARM.Collect$$rtexit$$00000002)
    __rt_exit_exit                           0x080002cd   Thumb Code     0  rtexit2.o(.ARM.Collect$$rtexit$$00000004)
    System_Reset                             0x080002d5   Thumb Code    44  main.o(.text)
    main                                     0x08000301   Thumb Code   168  main.o(.text)
    NMI_Handler                              0x080003d1   Thumb Code     2  stm32f4xx_it.o(.text)
    HardFault_Handler                        0x080003d3   Thumb Code     4  stm32f4xx_it.o(.text)
    MemManage_Handler                        0x080003d7   Thumb Code     4  stm32f4xx_it.o(.text)
    BusFault_Handler                         0x080003db   Thumb Code     4  stm32f4xx_it.o(.text)
    UsageFault_Handler                       0x080003df   Thumb Code     4  stm32f4xx_it.o(.text)
    SVC_Handler                              0x080003e3   Thumb Code     2  stm32f4xx_it.o(.text)
    DebugMon_Handler                         0x080003e5   Thumb Code     2  stm32f4xx_it.o(.text)
    SystemInit                               0x080004c5   Thumb Code    88  system_stm32f4xx.o(.text)
    SystemCoreClockUpdate                    0x0800051d   Thumb Code   174  system_stm32f4xx.o(.text)
    TIMER_TASK_TIM3_Init                     0x080005f9   Thumb Code    88  tim.o(.text)
    TIM3_IRQHandler                          0x08000651   Thumb Code   202  tim.o(.text)
    XV7011_Init                              0x0800076d   Thumb Code   116  xv7011.o(.text)
    XV7011_ReadData32                        0x08000845   Thumb Code    48  xv7011.o(.text)
    XV7011_ReadData16                        0x08000875   Thumb Code    32  xv7011.o(.text)
    WindowFilterStructInit                   0x0800089d   Thumb Code    40  filter.o(.text)
    WindowFilter                             0x080008c5   Thumb Code    74  filter.o(.text)
    SPI_ModeSet                              0x08000911   Thumb Code   150  bsp_spi.o(.text)
    Init_SPI1                                0x080009a7   Thumb Code   110  bsp_spi.o(.text)
    SPI1_RW_Byte                             0x08000a15   Thumb Code    50  bsp_spi.o(.text)
    Init_SPI2                                0x08000a47   Thumb Code   104  bsp_spi.o(.text)
    SPI2_RW_Byte                             0x08000aaf   Thumb Code    50  bsp_spi.o(.text)
    Encoder_Init_TIM2                        0x08000af1   Thumb Code   214  encoder.o(.text)
    Encoder_Init_TIM4                        0x08000bc7   Thumb Code   168  encoder.o(.text)
    TIM2_Encoder_Read                        0x08000c6f   Thumb Code    30  encoder.o(.text)
    TIM4_Encoder_Read                        0x08000c8d   Thumb Code    28  encoder.o(.text)
    Locator_Init                             0x08000cb5   Thumb Code    36  locator.o(.text)
    Locator_Filter_ReadYaw                   0x08000cd9   Thumb Code    98  locator.o(.text)
    Locator_Calculate                        0x08000d93   Thumb Code   212  locator.o(.text)
    Locator_USART_SendData                   0x08000e67   Thumb Code   104  locator.o(.text)
    Reset_Handler                            0x08000f09   Thumb Code     8  startup_stm32f40_41xxx.o(.text)
    PendSV_Handler                           0x08000f1f   Thumb Code     2  startup_stm32f40_41xxx.o(.text)
    SysTick_Handler                          0x08000f21   Thumb Code     2  startup_stm32f40_41xxx.o(.text)
    ADC_IRQHandler                           0x08000f23   Thumb Code     0  startup_stm32f40_41xxx.o(.text)
    CAN1_RX0_IRQHandler                      0x08000f23   Thumb Code     0  startup_stm32f40_41xxx.o(.text)
    CAN1_RX1_IRQHandler                      0x08000f23   Thumb Code     0  startup_stm32f40_41xxx.o(.text)
    CAN1_SCE_IRQHandler                      0x08000f23   Thumb Code     0  startup_stm32f40_41xxx.o(.text)
    CAN1_TX_IRQHandler                       0x08000f23   Thumb Code     0  startup_stm32f40_41xxx.o(.text)
    CAN2_RX0_IRQHandler                      0x08000f23   Thumb Code     0  startup_stm32f40_41xxx.o(.text)
    CAN2_RX1_IRQHandler                      0x08000f23   Thumb Code     0  startup_stm32f40_41xxx.o(.text)
    CAN2_SCE_IRQHandler                      0x08000f23   Thumb Code     0  startup_stm32f40_41xxx.o(.text)
    CAN2_TX_IRQHandler                       0x08000f23   Thumb Code     0  startup_stm32f40_41xxx.o(.text)
    CRYP_IRQHandler                          0x08000f23   Thumb Code     0  startup_stm32f40_41xxx.o(.text)
    DCMI_IRQHandler                          0x08000f23   Thumb Code     0  startup_stm32f40_41xxx.o(.text)
    DMA1_Stream0_IRQHandler                  0x08000f23   Thumb Code     0  startup_stm32f40_41xxx.o(.text)
    DMA1_Stream1_IRQHandler                  0x08000f23   Thumb Code     0  startup_stm32f40_41xxx.o(.text)
    DMA1_Stream2_IRQHandler                  0x08000f23   Thumb Code     0  startup_stm32f40_41xxx.o(.text)
    DMA1_Stream3_IRQHandler                  0x08000f23   Thumb Code     0  startup_stm32f40_41xxx.o(.text)
    DMA1_Stream4_IRQHandler                  0x08000f23   Thumb Code     0  startup_stm32f40_41xxx.o(.text)
    DMA1_Stream5_IRQHandler                  0x08000f23   Thumb Code     0  startup_stm32f40_41xxx.o(.text)
    DMA1_Stream6_IRQHandler                  0x08000f23   Thumb Code     0  startup_stm32f40_41xxx.o(.text)
    DMA1_Stream7_IRQHandler                  0x08000f23   Thumb Code     0  startup_stm32f40_41xxx.o(.text)
    DMA2_Stream0_IRQHandler                  0x08000f23   Thumb Code     0  startup_stm32f40_41xxx.o(.text)
    DMA2_Stream1_IRQHandler                  0x08000f23   Thumb Code     0  startup_stm32f40_41xxx.o(.text)
    DMA2_Stream2_IRQHandler                  0x08000f23   Thumb Code     0  startup_stm32f40_41xxx.o(.text)
    DMA2_Stream3_IRQHandler                  0x08000f23   Thumb Code     0  startup_stm32f40_41xxx.o(.text)
    DMA2_Stream4_IRQHandler                  0x08000f23   Thumb Code     0  startup_stm32f40_41xxx.o(.text)
    DMA2_Stream5_IRQHandler                  0x08000f23   Thumb Code     0  startup_stm32f40_41xxx.o(.text)
    DMA2_Stream6_IRQHandler                  0x08000f23   Thumb Code     0  startup_stm32f40_41xxx.o(.text)
    ETH_IRQHandler                           0x08000f23   Thumb Code     0  startup_stm32f40_41xxx.o(.text)
    ETH_WKUP_IRQHandler                      0x08000f23   Thumb Code     0  startup_stm32f40_41xxx.o(.text)
    EXTI0_IRQHandler                         0x08000f23   Thumb Code     0  startup_stm32f40_41xxx.o(.text)
    EXTI15_10_IRQHandler                     0x08000f23   Thumb Code     0  startup_stm32f40_41xxx.o(.text)
    EXTI1_IRQHandler                         0x08000f23   Thumb Code     0  startup_stm32f40_41xxx.o(.text)
    EXTI2_IRQHandler                         0x08000f23   Thumb Code     0  startup_stm32f40_41xxx.o(.text)
    EXTI3_IRQHandler                         0x08000f23   Thumb Code     0  startup_stm32f40_41xxx.o(.text)
    EXTI4_IRQHandler                         0x08000f23   Thumb Code     0  startup_stm32f40_41xxx.o(.text)
    EXTI9_5_IRQHandler                       0x08000f23   Thumb Code     0  startup_stm32f40_41xxx.o(.text)
    FLASH_IRQHandler                         0x08000f23   Thumb Code     0  startup_stm32f40_41xxx.o(.text)
    FPU_IRQHandler                           0x08000f23   Thumb Code     0  startup_stm32f40_41xxx.o(.text)
    FSMC_IRQHandler                          0x08000f23   Thumb Code     0  startup_stm32f40_41xxx.o(.text)
    HASH_RNG_IRQHandler                      0x08000f23   Thumb Code     0  startup_stm32f40_41xxx.o(.text)
    I2C1_ER_IRQHandler                       0x08000f23   Thumb Code     0  startup_stm32f40_41xxx.o(.text)
    I2C1_EV_IRQHandler                       0x08000f23   Thumb Code     0  startup_stm32f40_41xxx.o(.text)
    I2C2_ER_IRQHandler                       0x08000f23   Thumb Code     0  startup_stm32f40_41xxx.o(.text)
    I2C2_EV_IRQHandler                       0x08000f23   Thumb Code     0  startup_stm32f40_41xxx.o(.text)
    I2C3_ER_IRQHandler                       0x08000f23   Thumb Code     0  startup_stm32f40_41xxx.o(.text)
    I2C3_EV_IRQHandler                       0x08000f23   Thumb Code     0  startup_stm32f40_41xxx.o(.text)
    OTG_FS_IRQHandler                        0x08000f23   Thumb Code     0  startup_stm32f40_41xxx.o(.text)
    OTG_FS_WKUP_IRQHandler                   0x08000f23   Thumb Code     0  startup_stm32f40_41xxx.o(.text)
    OTG_HS_EP1_IN_IRQHandler                 0x08000f23   Thumb Code     0  startup_stm32f40_41xxx.o(.text)
    OTG_HS_EP1_OUT_IRQHandler                0x08000f23   Thumb Code     0  startup_stm32f40_41xxx.o(.text)
    OTG_HS_IRQHandler                        0x08000f23   Thumb Code     0  startup_stm32f40_41xxx.o(.text)
    OTG_HS_WKUP_IRQHandler                   0x08000f23   Thumb Code     0  startup_stm32f40_41xxx.o(.text)
    PVD_IRQHandler                           0x08000f23   Thumb Code     0  startup_stm32f40_41xxx.o(.text)
    RCC_IRQHandler                           0x08000f23   Thumb Code     0  startup_stm32f40_41xxx.o(.text)
    RTC_Alarm_IRQHandler                     0x08000f23   Thumb Code     0  startup_stm32f40_41xxx.o(.text)
    RTC_WKUP_IRQHandler                      0x08000f23   Thumb Code     0  startup_stm32f40_41xxx.o(.text)
    SDIO_IRQHandler                          0x08000f23   Thumb Code     0  startup_stm32f40_41xxx.o(.text)
    SPI1_IRQHandler                          0x08000f23   Thumb Code     0  startup_stm32f40_41xxx.o(.text)
    SPI2_IRQHandler                          0x08000f23   Thumb Code     0  startup_stm32f40_41xxx.o(.text)
    SPI3_IRQHandler                          0x08000f23   Thumb Code     0  startup_stm32f40_41xxx.o(.text)
    TAMP_STAMP_IRQHandler                    0x08000f23   Thumb Code     0  startup_stm32f40_41xxx.o(.text)
    TIM1_BRK_TIM9_IRQHandler                 0x08000f23   Thumb Code     0  startup_stm32f40_41xxx.o(.text)
    TIM1_CC_IRQHandler                       0x08000f23   Thumb Code     0  startup_stm32f40_41xxx.o(.text)
    TIM1_TRG_COM_TIM11_IRQHandler            0x08000f23   Thumb Code     0  startup_stm32f40_41xxx.o(.text)
    TIM1_UP_TIM10_IRQHandler                 0x08000f23   Thumb Code     0  startup_stm32f40_41xxx.o(.text)
    TIM2_IRQHandler                          0x08000f23   Thumb Code     0  startup_stm32f40_41xxx.o(.text)
    TIM4_IRQHandler                          0x08000f23   Thumb Code     0  startup_stm32f40_41xxx.o(.text)
    TIM5_IRQHandler                          0x08000f23   Thumb Code     0  startup_stm32f40_41xxx.o(.text)
    TIM6_DAC_IRQHandler                      0x08000f23   Thumb Code     0  startup_stm32f40_41xxx.o(.text)
    TIM7_IRQHandler                          0x08000f23   Thumb Code     0  startup_stm32f40_41xxx.o(.text)
    TIM8_BRK_TIM12_IRQHandler                0x08000f23   Thumb Code     0  startup_stm32f40_41xxx.o(.text)
    TIM8_CC_IRQHandler                       0x08000f23   Thumb Code     0  startup_stm32f40_41xxx.o(.text)
    TIM8_TRG_COM_TIM14_IRQHandler            0x08000f23   Thumb Code     0  startup_stm32f40_41xxx.o(.text)
    TIM8_UP_TIM13_IRQHandler                 0x08000f23   Thumb Code     0  startup_stm32f40_41xxx.o(.text)
    UART4_IRQHandler                         0x08000f23   Thumb Code     0  startup_stm32f40_41xxx.o(.text)
    UART5_IRQHandler                         0x08000f23   Thumb Code     0  startup_stm32f40_41xxx.o(.text)
    USART2_IRQHandler                        0x08000f23   Thumb Code     0  startup_stm32f40_41xxx.o(.text)
    USART3_IRQHandler                        0x08000f23   Thumb Code     0  startup_stm32f40_41xxx.o(.text)
    USART6_IRQHandler                        0x08000f23   Thumb Code     0  startup_stm32f40_41xxx.o(.text)
    WWDG_IRQHandler                          0x08000f23   Thumb Code     0  startup_stm32f40_41xxx.o(.text)
    __user_initial_stackheap                 0x08000f25   Thumb Code     0  startup_stm32f40_41xxx.o(.text)
    NVIC_PriorityGroupConfig                 0x08000f49   Thumb Code    10  misc.o(.text)
    NVIC_Init                                0x08000f53   Thumb Code   106  misc.o(.text)
    NVIC_SetVectorTable                      0x08000fbd   Thumb Code    14  misc.o(.text)
    NVIC_SystemLPConfig                      0x08000fcb   Thumb Code    34  misc.o(.text)
    SysTick_CLKSourceConfig                  0x08000fed   Thumb Code    40  misc.o(.text)
    GPIO_DeInit                              0x08001029   Thumb Code   268  stm32f4xx_gpio.o(.text)
    GPIO_Init                                0x08001135   Thumb Code   144  stm32f4xx_gpio.o(.text)
    GPIO_StructInit                          0x080011c5   Thumb Code    18  stm32f4xx_gpio.o(.text)
    GPIO_PinLockConfig                       0x080011d7   Thumb Code    34  stm32f4xx_gpio.o(.text)
    GPIO_ReadInputDataBit                    0x080011f9   Thumb Code    18  stm32f4xx_gpio.o(.text)
    GPIO_ReadInputData                       0x0800120b   Thumb Code     8  stm32f4xx_gpio.o(.text)
    GPIO_ReadOutputDataBit                   0x08001213   Thumb Code    18  stm32f4xx_gpio.o(.text)
    GPIO_ReadOutputData                      0x08001225   Thumb Code     8  stm32f4xx_gpio.o(.text)
    GPIO_SetBits                             0x0800122d   Thumb Code     4  stm32f4xx_gpio.o(.text)
    GPIO_ResetBits                           0x08001231   Thumb Code     4  stm32f4xx_gpio.o(.text)
    GPIO_WriteBit                            0x08001235   Thumb Code    10  stm32f4xx_gpio.o(.text)
    GPIO_Write                               0x0800123f   Thumb Code     4  stm32f4xx_gpio.o(.text)
    GPIO_ToggleBits                          0x08001243   Thumb Code     8  stm32f4xx_gpio.o(.text)
    GPIO_PinAFConfig                         0x0800124b   Thumb Code    70  stm32f4xx_gpio.o(.text)
    RCC_DeInit                               0x080012bd   Thumb Code    82  stm32f4xx_rcc.o(.text)
    RCC_HSEConfig                            0x0800130f   Thumb Code    14  stm32f4xx_rcc.o(.text)
    RCC_GetFlagStatus                        0x0800131d   Thumb Code    60  stm32f4xx_rcc.o(.text)
    RCC_WaitForHSEStartUp                    0x08001359   Thumb Code    56  stm32f4xx_rcc.o(.text)
    RCC_AdjustHSICalibrationValue            0x08001391   Thumb Code    20  stm32f4xx_rcc.o(.text)
    RCC_HSICmd                               0x080013a5   Thumb Code     6  stm32f4xx_rcc.o(.text)
    RCC_LSEConfig                            0x080013ab   Thumb Code    46  stm32f4xx_rcc.o(.text)
    RCC_LSICmd                               0x080013d9   Thumb Code     6  stm32f4xx_rcc.o(.text)
    RCC_PLLConfig                            0x080013df   Thumb Code    32  stm32f4xx_rcc.o(.text)
    RCC_PLLCmd                               0x080013ff   Thumb Code     6  stm32f4xx_rcc.o(.text)
    RCC_PLLI2SConfig                         0x08001405   Thumb Code    14  stm32f4xx_rcc.o(.text)
    RCC_PLLI2SCmd                            0x08001413   Thumb Code     6  stm32f4xx_rcc.o(.text)
    RCC_PLLSAIConfig                         0x08001419   Thumb Code    20  stm32f4xx_rcc.o(.text)
    RCC_PLLSAICmd                            0x0800142d   Thumb Code     6  stm32f4xx_rcc.o(.text)
    RCC_ClockSecuritySystemCmd               0x08001433   Thumb Code     6  stm32f4xx_rcc.o(.text)
    RCC_MCO1Config                           0x08001439   Thumb Code    28  stm32f4xx_rcc.o(.text)
    RCC_MCO2Config                           0x08001455   Thumb Code    28  stm32f4xx_rcc.o(.text)
    RCC_SYSCLKConfig                         0x08001471   Thumb Code    20  stm32f4xx_rcc.o(.text)
    RCC_GetSYSCLKSource                      0x08001485   Thumb Code    12  stm32f4xx_rcc.o(.text)
    RCC_HCLKConfig                           0x08001491   Thumb Code    20  stm32f4xx_rcc.o(.text)
    RCC_PCLK1Config                          0x080014a5   Thumb Code    20  stm32f4xx_rcc.o(.text)
    RCC_PCLK2Config                          0x080014b9   Thumb Code    22  stm32f4xx_rcc.o(.text)
    RCC_GetClocksFreq                        0x080014cf   Thumb Code   222  stm32f4xx_rcc.o(.text)
    RCC_RTCCLKConfig                         0x080015ad   Thumb Code    54  stm32f4xx_rcc.o(.text)
    RCC_RTCCLKCmd                            0x080015e3   Thumb Code     8  stm32f4xx_rcc.o(.text)
    RCC_BackupResetCmd                       0x080015eb   Thumb Code     8  stm32f4xx_rcc.o(.text)
    RCC_I2SCLKConfig                         0x080015f3   Thumb Code     6  stm32f4xx_rcc.o(.text)
    RCC_SAIPLLI2SClkDivConfig                0x080015f9   Thumb Code    26  stm32f4xx_rcc.o(.text)
    RCC_SAIPLLSAIClkDivConfig                0x08001613   Thumb Code    28  stm32f4xx_rcc.o(.text)
    RCC_SAIBlockACLKConfig                   0x0800162f   Thumb Code    20  stm32f4xx_rcc.o(.text)
    RCC_SAIBlockBCLKConfig                   0x08001643   Thumb Code    20  stm32f4xx_rcc.o(.text)
    RCC_LTDCCLKDivConfig                     0x08001657   Thumb Code    20  stm32f4xx_rcc.o(.text)
    RCC_TIMCLKPresConfig                     0x0800166b   Thumb Code     6  stm32f4xx_rcc.o(.text)
    RCC_AHB1PeriphClockCmd                   0x08001671   Thumb Code    34  stm32f4xx_rcc.o(.text)
    RCC_AHB2PeriphClockCmd                   0x08001693   Thumb Code    78  stm32f4xx_rcc.o(.text)
    RCC_AHB3PeriphClockCmd                   0x080016e1   Thumb Code    34  stm32f4xx_rcc.o(.text)
    RCC_APB1PeriphClockCmd                   0x08001703   Thumb Code    34  stm32f4xx_rcc.o(.text)
    RCC_APB2PeriphClockCmd                   0x08001725   Thumb Code    34  stm32f4xx_rcc.o(.text)
    RCC_AHB1PeriphResetCmd                   0x08001747   Thumb Code    34  stm32f4xx_rcc.o(.text)
    RCC_AHB2PeriphResetCmd                   0x08001769   Thumb Code    34  stm32f4xx_rcc.o(.text)
    RCC_AHB3PeriphResetCmd                   0x0800178b   Thumb Code    34  stm32f4xx_rcc.o(.text)
    RCC_APB1PeriphResetCmd                   0x080017ad   Thumb Code    34  stm32f4xx_rcc.o(.text)
    RCC_APB2PeriphResetCmd                   0x080017cf   Thumb Code    34  stm32f4xx_rcc.o(.text)
    RCC_AHB1PeriphClockLPModeCmd             0x080017f1   Thumb Code    34  stm32f4xx_rcc.o(.text)
    RCC_AHB2PeriphClockLPModeCmd             0x08001813   Thumb Code    34  stm32f4xx_rcc.o(.text)
    RCC_AHB3PeriphClockLPModeCmd             0x08001835   Thumb Code    34  stm32f4xx_rcc.o(.text)
    RCC_APB1PeriphClockLPModeCmd             0x08001857   Thumb Code    34  stm32f4xx_rcc.o(.text)
    RCC_APB2PeriphClockLPModeCmd             0x08001879   Thumb Code    34  stm32f4xx_rcc.o(.text)
    RCC_LSEModeConfig                        0x0800189b   Thumb Code    40  stm32f4xx_rcc.o(.text)
    RCC_ITConfig                             0x080018c3   Thumb Code    34  stm32f4xx_rcc.o(.text)
    RCC_ClearFlag                            0x080018e5   Thumb Code    18  stm32f4xx_rcc.o(.text)
    RCC_GetITStatus                          0x080018f7   Thumb Code    22  stm32f4xx_rcc.o(.text)
    RCC_ClearITPendingBit                    0x0800190d   Thumb Code     8  stm32f4xx_rcc.o(.text)
    USART_DeInit                             0x08001919   Thumb Code   206  stm32f4xx_usart.o(.text)
    USART_Init                               0x080019e7   Thumb Code   204  stm32f4xx_usart.o(.text)
    USART_StructInit                         0x08001ab3   Thumb Code    24  stm32f4xx_usart.o(.text)
    USART_ClockInit                          0x08001acb   Thumb Code    32  stm32f4xx_usart.o(.text)
    USART_ClockStructInit                    0x08001aeb   Thumb Code    12  stm32f4xx_usart.o(.text)
    USART_Cmd                                0x08001af7   Thumb Code    24  stm32f4xx_usart.o(.text)
    USART_SetPrescaler                       0x08001b0f   Thumb Code    16  stm32f4xx_usart.o(.text)
    USART_OverSampling8Cmd                   0x08001b1f   Thumb Code    22  stm32f4xx_usart.o(.text)
    USART_OneBitMethodCmd                    0x08001b35   Thumb Code    24  stm32f4xx_usart.o(.text)
    USART_SendData                           0x08001b4d   Thumb Code     8  stm32f4xx_usart.o(.text)
    USART_ReceiveData                        0x08001b55   Thumb Code    10  stm32f4xx_usart.o(.text)
    USART_SetAddress                         0x08001b5f   Thumb Code    18  stm32f4xx_usart.o(.text)
    USART_ReceiverWakeUpCmd                  0x08001b71   Thumb Code    24  stm32f4xx_usart.o(.text)
    USART_WakeUpConfig                       0x08001b89   Thumb Code    18  stm32f4xx_usart.o(.text)
    USART_LINBreakDetectLengthConfig         0x08001b9b   Thumb Code    18  stm32f4xx_usart.o(.text)
    USART_LINCmd                             0x08001bad   Thumb Code    24  stm32f4xx_usart.o(.text)
    USART_SendBreak                          0x08001bc5   Thumb Code    10  stm32f4xx_usart.o(.text)
    USART_HalfDuplexCmd                      0x08001bcf   Thumb Code    24  stm32f4xx_usart.o(.text)
    USART_SetGuardTime                       0x08001be7   Thumb Code    16  stm32f4xx_usart.o(.text)
    USART_SmartCardCmd                       0x08001bf7   Thumb Code    24  stm32f4xx_usart.o(.text)
    USART_SmartCardNACKCmd                   0x08001c0f   Thumb Code    24  stm32f4xx_usart.o(.text)
    USART_IrDAConfig                         0x08001c27   Thumb Code    18  stm32f4xx_usart.o(.text)
    USART_IrDACmd                            0x08001c39   Thumb Code    24  stm32f4xx_usart.o(.text)
    USART_DMACmd                             0x08001c51   Thumb Code    18  stm32f4xx_usart.o(.text)
    USART_ITConfig                           0x08001c63   Thumb Code    74  stm32f4xx_usart.o(.text)
    USART_GetFlagStatus                      0x08001cad   Thumb Code    26  stm32f4xx_usart.o(.text)
    USART_ClearFlag                          0x08001cc7   Thumb Code    18  stm32f4xx_usart.o(.text)
    USART_GetITStatus                        0x08001cd9   Thumb Code   118  stm32f4xx_usart.o(.text)
    USART_ClearITPendingBit                  0x08001d4f   Thumb Code    30  stm32f4xx_usart.o(.text)
    TIM_DeInit                               0x08001d6d   Thumb Code   346  stm32f4xx_tim.o(.text)
    TIM_TimeBaseInit                         0x08001ec7   Thumb Code   104  stm32f4xx_tim.o(.text)
    TIM_TimeBaseStructInit                   0x08001f2f   Thumb Code    18  stm32f4xx_tim.o(.text)
    TIM_PrescalerConfig                      0x08001f41   Thumb Code     6  stm32f4xx_tim.o(.text)
    TIM_CounterModeConfig                    0x08001f47   Thumb Code    18  stm32f4xx_tim.o(.text)
    TIM_SetCounter                           0x08001f59   Thumb Code     4  stm32f4xx_tim.o(.text)
    TIM_SetAutoreload                        0x08001f5d   Thumb Code     4  stm32f4xx_tim.o(.text)
    TIM_GetCounter                           0x08001f61   Thumb Code     6  stm32f4xx_tim.o(.text)
    TIM_GetPrescaler                         0x08001f67   Thumb Code     6  stm32f4xx_tim.o(.text)
    TIM_UpdateDisableConfig                  0x08001f6d   Thumb Code    24  stm32f4xx_tim.o(.text)
    TIM_UpdateRequestConfig                  0x08001f85   Thumb Code    24  stm32f4xx_tim.o(.text)
    TIM_ARRPreloadConfig                     0x08001f9d   Thumb Code    24  stm32f4xx_tim.o(.text)
    TIM_SelectOnePulseMode                   0x08001fb5   Thumb Code    18  stm32f4xx_tim.o(.text)
    TIM_SetClockDivision                     0x08001fc7   Thumb Code    18  stm32f4xx_tim.o(.text)
    TIM_Cmd                                  0x08001fd9   Thumb Code    24  stm32f4xx_tim.o(.text)
    TIM_OC1Init                              0x08001ff1   Thumb Code   114  stm32f4xx_tim.o(.text)
    TIM_OC2Init                              0x08002063   Thumb Code   154  stm32f4xx_tim.o(.text)
    TIM_OC3Init                              0x080020fd   Thumb Code   204  stm32f4xx_tim.o(.text)
    TIM_OC4Init                              0x080021c9   Thumb Code   112  stm32f4xx_tim.o(.text)
    TIM_OCStructInit                         0x08002239   Thumb Code    20  stm32f4xx_tim.o(.text)
    TIM_SelectOCxM                           0x0800224d   Thumb Code    86  stm32f4xx_tim.o(.text)
    TIM_SetCompare1                          0x080022a3   Thumb Code     4  stm32f4xx_tim.o(.text)
    TIM_SetCompare2                          0x080022a7   Thumb Code     4  stm32f4xx_tim.o(.text)
    TIM_SetCompare3                          0x080022ab   Thumb Code     4  stm32f4xx_tim.o(.text)
    TIM_SetCompare4                          0x080022af   Thumb Code     4  stm32f4xx_tim.o(.text)
    TIM_ForcedOC1Config                      0x080022b3   Thumb Code    18  stm32f4xx_tim.o(.text)
    TIM_ForcedOC2Config                      0x080022c5   Thumb Code    26  stm32f4xx_tim.o(.text)
    TIM_ForcedOC3Config                      0x080022df   Thumb Code    18  stm32f4xx_tim.o(.text)
    TIM_ForcedOC4Config                      0x080022f1   Thumb Code    26  stm32f4xx_tim.o(.text)
    TIM_OC1PreloadConfig                     0x0800230b   Thumb Code    18  stm32f4xx_tim.o(.text)
    TIM_OC2PreloadConfig                     0x0800231d   Thumb Code    26  stm32f4xx_tim.o(.text)
    TIM_OC3PreloadConfig                     0x08002337   Thumb Code    18  stm32f4xx_tim.o(.text)
    TIM_OC4PreloadConfig                     0x08002349   Thumb Code    26  stm32f4xx_tim.o(.text)
    TIM_OC1FastConfig                        0x08002363   Thumb Code    18  stm32f4xx_tim.o(.text)
    TIM_OC2FastConfig                        0x08002375   Thumb Code    26  stm32f4xx_tim.o(.text)
    TIM_OC3FastConfig                        0x0800238f   Thumb Code    18  stm32f4xx_tim.o(.text)
    TIM_OC4FastConfig                        0x080023a1   Thumb Code    26  stm32f4xx_tim.o(.text)
    TIM_ClearOC1Ref                          0x080023bb   Thumb Code    18  stm32f4xx_tim.o(.text)
    TIM_ClearOC2Ref                          0x080023cd   Thumb Code    24  stm32f4xx_tim.o(.text)
    TIM_ClearOC3Ref                          0x080023e5   Thumb Code    18  stm32f4xx_tim.o(.text)
    TIM_ClearOC4Ref                          0x080023f7   Thumb Code    24  stm32f4xx_tim.o(.text)
    TIM_OC1PolarityConfig                    0x0800240f   Thumb Code    18  stm32f4xx_tim.o(.text)
    TIM_OC1NPolarityConfig                   0x08002421   Thumb Code    18  stm32f4xx_tim.o(.text)
    TIM_OC2PolarityConfig                    0x08002433   Thumb Code    26  stm32f4xx_tim.o(.text)
    TIM_OC2NPolarityConfig                   0x0800244d   Thumb Code    26  stm32f4xx_tim.o(.text)
    TIM_OC3PolarityConfig                    0x08002467   Thumb Code    26  stm32f4xx_tim.o(.text)
    TIM_OC3NPolarityConfig                   0x08002481   Thumb Code    26  stm32f4xx_tim.o(.text)
    TIM_OC4PolarityConfig                    0x0800249b   Thumb Code    26  stm32f4xx_tim.o(.text)
    TIM_CCxCmd                               0x080024b5   Thumb Code    30  stm32f4xx_tim.o(.text)
    TIM_CCxNCmd                              0x080024d3   Thumb Code    30  stm32f4xx_tim.o(.text)
    TIM_SetIC4Prescaler                      0x080024f1   Thumb Code    26  stm32f4xx_tim.o(.text)
    TIM_SetIC3Prescaler                      0x0800255b   Thumb Code    18  stm32f4xx_tim.o(.text)
    TIM_SetIC2Prescaler                      0x080025b5   Thumb Code    26  stm32f4xx_tim.o(.text)
    TIM_SetIC1Prescaler                      0x08002629   Thumb Code    18  stm32f4xx_tim.o(.text)
    TIM_ICInit                               0x08002675   Thumb Code   110  stm32f4xx_tim.o(.text)
    TIM_ICStructInit                         0x080026e3   Thumb Code    18  stm32f4xx_tim.o(.text)
    TIM_PWMIConfig                           0x080026f5   Thumb Code   124  stm32f4xx_tim.o(.text)
    TIM_GetCapture1                          0x08002771   Thumb Code     6  stm32f4xx_tim.o(.text)
    TIM_GetCapture2                          0x08002777   Thumb Code     6  stm32f4xx_tim.o(.text)
    TIM_GetCapture3                          0x0800277d   Thumb Code     6  stm32f4xx_tim.o(.text)
    TIM_GetCapture4                          0x08002783   Thumb Code     6  stm32f4xx_tim.o(.text)
    TIM_BDTRConfig                           0x08002789   Thumb Code    32  stm32f4xx_tim.o(.text)
    TIM_BDTRStructInit                       0x080027a9   Thumb Code    18  stm32f4xx_tim.o(.text)
    TIM_CtrlPWMOutputs                       0x080027bb   Thumb Code    30  stm32f4xx_tim.o(.text)
    TIM_SelectCOM                            0x080027d9   Thumb Code    24  stm32f4xx_tim.o(.text)
    TIM_CCPreloadControl                     0x080027f1   Thumb Code    24  stm32f4xx_tim.o(.text)
    TIM_ITConfig                             0x08002809   Thumb Code    18  stm32f4xx_tim.o(.text)
    TIM_GenerateEvent                        0x0800281b   Thumb Code     4  stm32f4xx_tim.o(.text)
    TIM_GetFlagStatus                        0x0800281f   Thumb Code    18  stm32f4xx_tim.o(.text)
    TIM_ClearFlag                            0x08002831   Thumb Code     6  stm32f4xx_tim.o(.text)
    TIM_GetITStatus                          0x08002837   Thumb Code    34  stm32f4xx_tim.o(.text)
    TIM_ClearITPendingBit                    0x08002859   Thumb Code     6  stm32f4xx_tim.o(.text)
    TIM_DMAConfig                            0x0800285f   Thumb Code    10  stm32f4xx_tim.o(.text)
    TIM_DMACmd                               0x08002869   Thumb Code    18  stm32f4xx_tim.o(.text)
    TIM_SelectCCDMA                          0x0800287b   Thumb Code    24  stm32f4xx_tim.o(.text)
    TIM_InternalClockConfig                  0x08002893   Thumb Code    12  stm32f4xx_tim.o(.text)
    TIM_SelectInputTrigger                   0x0800289f   Thumb Code    18  stm32f4xx_tim.o(.text)
    TIM_ITRxExternalClockConfig              0x080028b1   Thumb Code    24  stm32f4xx_tim.o(.text)
    TIM_TIxExternalClockConfig               0x080028c9   Thumb Code    62  stm32f4xx_tim.o(.text)
    TIM_ETRConfig                            0x08002907   Thumb Code    28  stm32f4xx_tim.o(.text)
    TIM_ETRClockMode1Config                  0x08002923   Thumb Code    54  stm32f4xx_tim.o(.text)
    TIM_ETRClockMode2Config                  0x08002959   Thumb Code    32  stm32f4xx_tim.o(.text)
    TIM_SelectOutputTrigger                  0x08002979   Thumb Code    18  stm32f4xx_tim.o(.text)
    TIM_SelectSlaveMode                      0x0800298b   Thumb Code    18  stm32f4xx_tim.o(.text)
    TIM_SelectMasterSlaveMode                0x0800299d   Thumb Code    18  stm32f4xx_tim.o(.text)
    TIM_EncoderInterfaceConfig               0x080029af   Thumb Code    66  stm32f4xx_tim.o(.text)
    TIM_SelectHallSensor                     0x080029f1   Thumb Code    24  stm32f4xx_tim.o(.text)
    TIM_RemapConfig                          0x08002a09   Thumb Code     6  stm32f4xx_tim.o(.text)
    DMA_DeInit                               0x08002a11   Thumb Code   324  stm32f4xx_dma.o(.text)
    DMA_Init                                 0x08002b55   Thumb Code    82  stm32f4xx_dma.o(.text)
    DMA_StructInit                           0x08002ba7   Thumb Code    34  stm32f4xx_dma.o(.text)
    DMA_Cmd                                  0x08002bc9   Thumb Code    22  stm32f4xx_dma.o(.text)
    DMA_PeriphIncOffsetSizeConfig            0x08002bdf   Thumb Code    22  stm32f4xx_dma.o(.text)
    DMA_FlowControllerConfig                 0x08002bf5   Thumb Code    22  stm32f4xx_dma.o(.text)
    DMA_SetCurrDataCounter                   0x08002c0b   Thumb Code     4  stm32f4xx_dma.o(.text)
    DMA_GetCurrDataCounter                   0x08002c0f   Thumb Code     8  stm32f4xx_dma.o(.text)
    DMA_DoubleBufferModeConfig               0x08002c17   Thumb Code    24  stm32f4xx_dma.o(.text)
    DMA_DoubleBufferModeCmd                  0x08002c2f   Thumb Code    22  stm32f4xx_dma.o(.text)
    DMA_MemoryTargetConfig                   0x08002c45   Thumb Code    10  stm32f4xx_dma.o(.text)
    DMA_GetCurrentMemoryTarget               0x08002c4f   Thumb Code    20  stm32f4xx_dma.o(.text)
    DMA_GetCmdStatus                         0x08002c63   Thumb Code    20  stm32f4xx_dma.o(.text)
    DMA_GetFIFOStatus                        0x08002c77   Thumb Code    12  stm32f4xx_dma.o(.text)
    DMA_GetFlagStatus                        0x08002c83   Thumb Code    56  stm32f4xx_dma.o(.text)
    DMA_ClearFlag                            0x08002cbb   Thumb Code    40  stm32f4xx_dma.o(.text)
    DMA_ITConfig                             0x08002ce3   Thumb Code    58  stm32f4xx_dma.o(.text)
    DMA_GetITStatus                          0x08002d1d   Thumb Code    84  stm32f4xx_dma.o(.text)
    DMA_ClearITPendingBit                    0x08002d71   Thumb Code    40  stm32f4xx_dma.o(.text)
    SPI_I2S_DeInit                           0x08002db9   Thumb Code   152  stm32f4xx_spi.o(.text)
    SPI_Init                                 0x08002e51   Thumb Code    60  stm32f4xx_spi.o(.text)
    I2S_Init                                 0x08002e8d   Thumb Code   396  stm32f4xx_spi.o(.text)
    SPI_StructInit                           0x08003019   Thumb Code    24  stm32f4xx_spi.o(.text)
    I2S_StructInit                           0x08003031   Thumb Code    20  stm32f4xx_spi.o(.text)
    SPI_Cmd                                  0x08003045   Thumb Code    24  stm32f4xx_spi.o(.text)
    I2S_Cmd                                  0x0800305d   Thumb Code    24  stm32f4xx_spi.o(.text)
    SPI_DataSizeConfig                       0x08003075   Thumb Code    18  stm32f4xx_spi.o(.text)
    SPI_BiDirectionalLineConfig              0x08003087   Thumb Code    28  stm32f4xx_spi.o(.text)
    SPI_NSSInternalSoftwareConfig            0x080030a3   Thumb Code    30  stm32f4xx_spi.o(.text)
    SPI_SSOutputCmd                          0x080030c1   Thumb Code    24  stm32f4xx_spi.o(.text)
    SPI_TIModeCmd                            0x080030d9   Thumb Code    24  stm32f4xx_spi.o(.text)
    I2S_FullDuplexConfig                     0x080030f1   Thumb Code    80  stm32f4xx_spi.o(.text)
    SPI_I2S_ReceiveData                      0x08003141   Thumb Code     6  stm32f4xx_spi.o(.text)
    SPI_I2S_SendData                         0x08003147   Thumb Code     4  stm32f4xx_spi.o(.text)
    SPI_CalculateCRC                         0x0800314b   Thumb Code    24  stm32f4xx_spi.o(.text)
    SPI_TransmitCRC                          0x08003163   Thumb Code    10  stm32f4xx_spi.o(.text)
    SPI_GetCRC                               0x0800316d   Thumb Code    16  stm32f4xx_spi.o(.text)
    SPI_GetCRCPolynomial                     0x0800317d   Thumb Code     6  stm32f4xx_spi.o(.text)
    SPI_I2S_DMACmd                           0x08003183   Thumb Code    18  stm32f4xx_spi.o(.text)
    SPI_I2S_ITConfig                         0x08003195   Thumb Code    68  stm32f4xx_spi.o(.text)
    SPI_I2S_GetFlagStatus                    0x080031d9   Thumb Code    18  stm32f4xx_spi.o(.text)
    SPI_I2S_ClearFlag                        0x080031eb   Thumb Code     6  stm32f4xx_spi.o(.text)
    SPI_I2S_GetITStatus                      0x080031f1   Thumb Code    52  stm32f4xx_spi.o(.text)
    SPI_I2S_ClearITPendingBit                0x08003225   Thumb Code    20  stm32f4xx_spi.o(.text)
    delay_init                               0x08003239   Thumb Code    52  delay.o(.text)
    delay_us                                 0x0800326d   Thumb Code    72  delay.o(.text)
    delay_xms                                0x080032b5   Thumb Code    72  delay.o(.text)
    delay_ms                                 0x080032fd   Thumb Code    56  delay.o(.text)
    UsartPrintf                              0x0800333d   Thumb Code    72  usart.o(.text)
    UASRT1_Init                              0x08003385   Thumb Code   348  usart.o(.text)
    UASRT1_DMA_TX                            0x080034e1   Thumb Code    42  usart.o(.text)
    USART3_Init                              0x0800350b   Thumb Code   162  usart.o(.text)
    USART1_IRQHandler                        0x080035ad   Thumb Code    74  usart.o(.text)
    DMA2_Stream7_IRQHandler                  0x080035f7   Thumb Code    36  usart.o(.text)
    vsnprintf                                0x08003641   Thumb Code    48  vsnprintf.o(.text)
    __use_two_region_memory                  0x08003675   Thumb Code     2  heapauxi.o(.text)
    __rt_heap_escrow$2region                 0x08003677   Thumb Code     2  heapauxi.o(.text)
    __rt_heap_expand$2region                 0x08003679   Thumb Code     2  heapauxi.o(.text)
    _printf_pre_padding                      0x0800367b   Thumb Code    44  _printf_pad.o(.text)
    _printf_post_padding                     0x080036a7   Thumb Code    34  _printf_pad.o(.text)
    _printf_truncate_signed                  0x080036c9   Thumb Code    18  _printf_truncate.o(.text)
    _printf_truncate_unsigned                0x080036db   Thumb Code    18  _printf_truncate.o(.text)
    _printf_str                              0x080036ed   Thumb Code    82  _printf_str.o(.text)
    _printf_int_dec                          0x08003741   Thumb Code   104  _printf_dec.o(.text)
    _printf_charcount                        0x080037b9   Thumb Code    40  _printf_charcount.o(.text)
    _printf_char_common                      0x080037eb   Thumb Code    32  _printf_char_common.o(.text)
    _sputc                                   0x08003811   Thumb Code    10  _sputc.o(.text)
    _snputc                                  0x0800381b   Thumb Code    16  _snputc.o(.text)
    _printf_wctomb                           0x0800382d   Thumb Code   182  _printf_wctomb.o(.text)
    _printf_longlong_dec                     0x080038e9   Thumb Code   108  _printf_longlong_dec.o(.text)
    _printf_longlong_oct                     0x08003965   Thumb Code    68  _printf_oct_int_ll.o(.text)
    _printf_int_oct                          0x080039a9   Thumb Code    24  _printf_oct_int_ll.o(.text)
    _printf_ll_oct                           0x080039c1   Thumb Code    12  _printf_oct_int_ll.o(.text)
    _printf_longlong_hex                     0x080039d5   Thumb Code    86  _printf_hex_int_ll_ptr.o(.text)
    _printf_int_hex                          0x08003a2b   Thumb Code    28  _printf_hex_int_ll_ptr.o(.text)
    _printf_ll_hex                           0x08003a47   Thumb Code    12  _printf_hex_int_ll_ptr.o(.text)
    _printf_hex_ptr                          0x08003a53   Thumb Code    18  _printf_hex_int_ll_ptr.o(.text)
    __printf                                 0x08003a69   Thumb Code   388  __printf_flags_ss_wp.o(.text)
    _ll_udiv10                               0x08003bf1   Thumb Code   138  lludiv10.o(.text)
    _printf_int_common                       0x08003c7b   Thumb Code   178  _printf_intcommon.o(.text)
    __lib_sel_fp_printf                      0x08003d2d   Thumb Code     2  _printf_fp_dec.o(.text)
    _printf_fp_dec_real                      0x08003edb   Thumb Code   620  _printf_fp_dec.o(.text)
    _printf_fp_hex_real                      0x08004149   Thumb Code   754  _printf_fp_hex.o(.text)
    _printf_cs_common                        0x08004445   Thumb Code    20  _printf_char.o(.text)
    _printf_char                             0x08004459   Thumb Code    16  _printf_char.o(.text)
    _printf_string                           0x08004469   Thumb Code     8  _printf_char.o(.text)
    _printf_lcs_common                       0x08004471   Thumb Code    20  _printf_wchar.o(.text)
    _printf_wchar                            0x08004485   Thumb Code    16  _printf_wchar.o(.text)
    _printf_wstring                          0x08004495   Thumb Code     8  _printf_wchar.o(.text)
    _wcrtomb                                 0x0800449d   Thumb Code    64  _wcrtomb.o(.text)
    __user_setup_stackheap                   0x080044dd   Thumb Code    74  sys_stackheap_outer.o(.text)
    __rt_ctype_table                         0x08004529   Thumb Code    16  rt_ctype_table.o(.text)
    __rt_locale                              0x08004539   Thumb Code     8  rt_locale_intlibspace.o(.text)
    _printf_fp_infnan                        0x08004541   Thumb Code   112  _printf_fp_infnan.o(.text)
    _btod_etento                             0x080045c1   Thumb Code   216  bigflt0.o(.text)
    exit                                     0x0800469d   Thumb Code    12  exit.o(.text)
    __user_libspace                          0x080046a9   Thumb Code     8  libspace.o(.text)
    __user_perproc_libspace                  0x080046a9   Thumb Code     0  libspace.o(.text)
    __user_perthread_libspace                0x080046a9   Thumb Code     0  libspace.o(.text)
    strcmp                                   0x080046b1   Thumb Code   128  strcmpv7m.o(.text)
    _sys_exit                                0x08004731   Thumb Code     8  sys_exit.o(.text)
    __I$use$semihosting                      0x0800473d   Thumb Code     0  use_no_semi.o(.text)
    __use_no_semihosting_swi                 0x0800473d   Thumb Code     2  use_no_semi.o(.text)
    __semihosting_library_function           0x0800473f   Thumb Code     0  indicate_semi.o(.text)
    arm_cos_f32                              0x08004741   Thumb Code   152  arm_cos_f32.o(.text.arm_cos_f32)
    arm_sin_f32                              0x080047d9   Thumb Code   144  arm_sin_f32.o(.text.arm_sin_f32)
    _btod_d2e                                0x08004869   Thumb Code    62  btod.o(CL$$btod_d2e)
    _d2e_denorm_low                          0x080048a7   Thumb Code    70  btod.o(CL$$btod_d2e_denorm_low)
    _d2e_norm_op1                            0x080048ed   Thumb Code    96  btod.o(CL$$btod_d2e_norm_op1)
    __btod_div_common                        0x0800494d   Thumb Code   696  btod.o(CL$$btod_div_common)
    _e2e                                     0x08004c85   Thumb Code   198  btod.o(CL$$btod_e2e)
    _btod_ediv                               0x08004d4b   Thumb Code    40  btod.o(CL$$btod_ediv)
    _btod_emul                               0x08004d73   Thumb Code    40  btod.o(CL$$btod_emul)
    __btod_mult_common                       0x08004d9b   Thumb Code   580  btod.o(CL$$btod_mult_common)
    __ARM_fpclassify                         0x08004fdf   Thumb Code    48  fpclassify.o(i.__ARM_fpclassify)
    _is_digit                                0x0800500f   Thumb Code    14  __printf_wp.o(i._is_digit)
    _get_lc_numeric                          0x0800501d   Thumb Code    44  lc_numeric_c.o(locale$$code)
    _get_lc_ctype                            0x08005049   Thumb Code    44  lc_ctype_c.o(locale$$code)
    __fpl_dretinf                            0x08005075   Thumb Code    12  dretinf.o(x$fpl$dretinf)
    __aeabi_f2d                              0x08005081   Thumb Code     0  f2d.o(x$fpl$f2d)
    _f2d                                     0x08005081   Thumb Code    86  f2d.o(x$fpl$f2d)
    __fpl_fnaninf                            0x080050d7   Thumb Code   140  fnaninf.o(x$fpl$fnaninf)
    _fp_init                                 0x08005163   Thumb Code    10  fpinit.o(x$fpl$fpinit)
    __fplib_config_fpu_vfp                   0x0800516b   Thumb Code     0  fpinit.o(x$fpl$fpinit)
    __fplib_config_pureend_doubles           0x0800516b   Thumb Code     0  fpinit.o(x$fpl$fpinit)
    _printf_fp_dec                           0x0800516d   Thumb Code     4  printf1.o(x$fpl$printf1)
    _printf_fp_hex                           0x08005171   Thumb Code     4  printf2.o(x$fpl$printf2)
    __I$use$fp                               0x08005174   Number         0  usenofp.o(x$fpl$usenofp)
    sinTable_f32                             0x08005270   Data        2052  arm_common_tables.o(.rodata.sinTable_f32)
    Region$$Table$$Base                      0x08005a74   Number         0  anon$$obj.o(Region$$Table)
    Region$$Table$$Limit                     0x08005a94   Number         0  anon$$obj.o(Region$$Table)
    __ctype                                  0x08005abd   Data           0  lc_ctype_c.o(locale$$data)
    SystemCoreClock                          0x20000000   Data           4  system_stm32f4xx.o(.data)
    AHBPrescTable                            0x20000004   Data          16  system_stm32f4xx.o(.data)
    locatorSendflag                          0x20000014   Data           1  tim.o(.data)
    locatorCalflag                           0x20000015   Data           1  tim.o(.data)
    locatorInitflag                          0x20000016   Data           1  tim.o(.data)
    GYRO_OFFSET                              0x20000028   Data           4  locator.o(.data)
    UART1_Use_DMA_Tx_Flag                    0x20000040   Data           1  usart.o(.data)
    locatorResetflag                         0x20000041   Data           1  usart.o(.data)
    Gyro_Window                              0x20000044   Data         208  filter.o(.bss)
    locator                                  0x20000114   Data          20  locator.o(.bss)
    USART1_DMA_TX_BUFFER                     0x20000128   Data          15  usart.o(.bss)
    __libspace_start                         0x20000138   Data          96  libspace.o(.bss)
    __temporary_stack_top$libspace           0x20000198   Data           0  libspace.o(.bss)



==============================================================================

Memory Map of the image

  Image Entry point : 0x08000189

  Load Region LR_IROM1 (Base: 0x08000000, Size: 0x00005c04, Max: 0x00100000, ABSOLUTE)

    Execution Region ER_IROM1 (Base: 0x08000000, Size: 0x00005bc0, Max: 0x00100000, ABSOLUTE)

    Base Addr    Size         Type   Attr      Idx    E Section Name        Object

    0x08000000   0x00000188   Data   RO          480    RESET               startup_stm32f40_41xxx.o
    0x08000188   0x00000008   Code   RO         1005  * !!!main             c_w.l(__main.o)
    0x08000190   0x00000034   Code   RO         1333    !!!scatter          c_w.l(__scatter.o)
    0x080001c4   0x0000001a   Code   RO         1335    !!handler_copy      c_w.l(__scatter_copy.o)
    0x080001de   0x00000002   PAD
    0x080001e0   0x0000001c   Code   RO         1337    !!handler_zi        c_w.l(__scatter_zi.o)
    0x080001fc   0x00000000   Code   RO         1093    .ARM.Collect$$_printf_percent$$00000000  c_w.l(_printf_percent.o)
    0x080001fc   0x00000006   Code   RO         1082    .ARM.Collect$$_printf_percent$$00000001  c_w.l(_printf_n.o)
    0x08000202   0x00000006   Code   RO         1084    .ARM.Collect$$_printf_percent$$00000002  c_w.l(_printf_p.o)
    0x08000208   0x00000006   Code   RO         1089    .ARM.Collect$$_printf_percent$$00000003  c_w.l(_printf_f.o)
    0x0800020e   0x00000006   Code   RO         1090    .ARM.Collect$$_printf_percent$$00000004  c_w.l(_printf_e.o)
    0x08000214   0x00000006   Code   RO         1091    .ARM.Collect$$_printf_percent$$00000005  c_w.l(_printf_g.o)
    0x0800021a   0x00000006   Code   RO         1092    .ARM.Collect$$_printf_percent$$00000006  c_w.l(_printf_a.o)
    0x08000220   0x0000000a   Code   RO         1097    .ARM.Collect$$_printf_percent$$00000007  c_w.l(_printf_ll.o)
    0x0800022a   0x00000006   Code   RO         1086    .ARM.Collect$$_printf_percent$$00000008  c_w.l(_printf_i.o)
    0x08000230   0x00000006   Code   RO         1087    .ARM.Collect$$_printf_percent$$00000009  c_w.l(_printf_d.o)
    0x08000236   0x00000006   Code   RO         1088    .ARM.Collect$$_printf_percent$$0000000A  c_w.l(_printf_u.o)
    0x0800023c   0x00000006   Code   RO         1085    .ARM.Collect$$_printf_percent$$0000000B  c_w.l(_printf_o.o)
    0x08000242   0x00000006   Code   RO         1083    .ARM.Collect$$_printf_percent$$0000000C  c_w.l(_printf_x.o)
    0x08000248   0x00000006   Code   RO         1094    .ARM.Collect$$_printf_percent$$0000000D  c_w.l(_printf_lli.o)
    0x0800024e   0x00000006   Code   RO         1095    .ARM.Collect$$_printf_percent$$0000000E  c_w.l(_printf_lld.o)
    0x08000254   0x00000006   Code   RO         1096    .ARM.Collect$$_printf_percent$$0000000F  c_w.l(_printf_llu.o)
    0x0800025a   0x00000006   Code   RO         1101    .ARM.Collect$$_printf_percent$$00000010  c_w.l(_printf_llo.o)
    0x08000260   0x00000006   Code   RO         1102    .ARM.Collect$$_printf_percent$$00000011  c_w.l(_printf_llx.o)
    0x08000266   0x0000000a   Code   RO         1098    .ARM.Collect$$_printf_percent$$00000012  c_w.l(_printf_l.o)
    0x08000270   0x00000006   Code   RO         1080    .ARM.Collect$$_printf_percent$$00000013  c_w.l(_printf_c.o)
    0x08000276   0x00000006   Code   RO         1081    .ARM.Collect$$_printf_percent$$00000014  c_w.l(_printf_s.o)
    0x0800027c   0x00000006   Code   RO         1099    .ARM.Collect$$_printf_percent$$00000015  c_w.l(_printf_lc.o)
    0x08000282   0x00000006   Code   RO         1100    .ARM.Collect$$_printf_percent$$00000016  c_w.l(_printf_ls.o)
    0x08000288   0x00000004   Code   RO         1146    .ARM.Collect$$_printf_percent$$00000017  c_w.l(_printf_percent_end.o)
    0x0800028c   0x00000002   Code   RO         1195    .ARM.Collect$$libinit$$00000000  c_w.l(libinit.o)
    0x0800028e   0x00000004   Code   RO         1210    .ARM.Collect$$libinit$$00000001  c_w.l(libinit2.o)
    0x08000292   0x00000000   Code   RO         1213    .ARM.Collect$$libinit$$00000004  c_w.l(libinit2.o)
    0x08000292   0x00000000   Code   RO         1216    .ARM.Collect$$libinit$$0000000A  c_w.l(libinit2.o)
    0x08000292   0x00000000   Code   RO         1218    .ARM.Collect$$libinit$$0000000C  c_w.l(libinit2.o)
    0x08000292   0x00000000   Code   RO         1220    .ARM.Collect$$libinit$$0000000E  c_w.l(libinit2.o)
    0x08000292   0x00000006   Code   RO         1221    .ARM.Collect$$libinit$$0000000F  c_w.l(libinit2.o)
    0x08000298   0x00000000   Code   RO         1223    .ARM.Collect$$libinit$$00000011  c_w.l(libinit2.o)
    0x08000298   0x0000000c   Code   RO         1224    .ARM.Collect$$libinit$$00000012  c_w.l(libinit2.o)
    0x080002a4   0x00000000   Code   RO         1225    .ARM.Collect$$libinit$$00000013  c_w.l(libinit2.o)
    0x080002a4   0x00000000   Code   RO         1227    .ARM.Collect$$libinit$$00000015  c_w.l(libinit2.o)
    0x080002a4   0x0000000a   Code   RO         1228    .ARM.Collect$$libinit$$00000016  c_w.l(libinit2.o)
    0x080002ae   0x00000000   Code   RO         1229    .ARM.Collect$$libinit$$00000017  c_w.l(libinit2.o)
    0x080002ae   0x00000000   Code   RO         1231    .ARM.Collect$$libinit$$00000019  c_w.l(libinit2.o)
    0x080002ae   0x00000000   Code   RO         1233    .ARM.Collect$$libinit$$0000001B  c_w.l(libinit2.o)
    0x080002ae   0x00000000   Code   RO         1235    .ARM.Collect$$libinit$$0000001D  c_w.l(libinit2.o)
    0x080002ae   0x00000000   Code   RO         1237    .ARM.Collect$$libinit$$0000001F  c_w.l(libinit2.o)
    0x080002ae   0x00000000   Code   RO         1239    .ARM.Collect$$libinit$$00000021  c_w.l(libinit2.o)
    0x080002ae   0x00000000   Code   RO         1241    .ARM.Collect$$libinit$$00000023  c_w.l(libinit2.o)
    0x080002ae   0x00000000   Code   RO         1243    .ARM.Collect$$libinit$$00000025  c_w.l(libinit2.o)
    0x080002ae   0x00000000   Code   RO         1247    .ARM.Collect$$libinit$$0000002C  c_w.l(libinit2.o)
    0x080002ae   0x00000000   Code   RO         1249    .ARM.Collect$$libinit$$0000002E  c_w.l(libinit2.o)
    0x080002ae   0x00000000   Code   RO         1251    .ARM.Collect$$libinit$$00000030  c_w.l(libinit2.o)
    0x080002ae   0x00000000   Code   RO         1253    .ARM.Collect$$libinit$$00000032  c_w.l(libinit2.o)
    0x080002ae   0x00000002   Code   RO         1254    .ARM.Collect$$libinit$$00000033  c_w.l(libinit2.o)
    0x080002b0   0x00000002   Code   RO         1274    .ARM.Collect$$libshutdown$$00000000  c_w.l(libshutdown.o)
    0x080002b2   0x00000000   Code   RO         1288    .ARM.Collect$$libshutdown$$00000003  c_w.l(libshutdown2.o)
    0x080002b2   0x00000000   Code   RO         1291    .ARM.Collect$$libshutdown$$00000006  c_w.l(libshutdown2.o)
    0x080002b2   0x00000000   Code   RO         1294    .ARM.Collect$$libshutdown$$00000009  c_w.l(libshutdown2.o)
    0x080002b2   0x00000000   Code   RO         1296    .ARM.Collect$$libshutdown$$0000000B  c_w.l(libshutdown2.o)
    0x080002b2   0x00000000   Code   RO         1299    .ARM.Collect$$libshutdown$$0000000E  c_w.l(libshutdown2.o)
    0x080002b2   0x00000002   Code   RO         1300    .ARM.Collect$$libshutdown$$0000000F  c_w.l(libshutdown2.o)
    0x080002b4   0x00000000   Code   RO         1009    .ARM.Collect$$rtentry$$00000000  c_w.l(__rtentry.o)
    0x080002b4   0x00000000   Code   RO         1117    .ARM.Collect$$rtentry$$00000002  c_w.l(__rtentry2.o)
    0x080002b4   0x00000006   Code   RO         1129    .ARM.Collect$$rtentry$$00000004  c_w.l(__rtentry4.o)
    0x080002ba   0x00000000   Code   RO         1119    .ARM.Collect$$rtentry$$00000009  c_w.l(__rtentry2.o)
    0x080002ba   0x00000004   Code   RO         1120    .ARM.Collect$$rtentry$$0000000A  c_w.l(__rtentry2.o)
    0x080002be   0x00000000   Code   RO         1122    .ARM.Collect$$rtentry$$0000000C  c_w.l(__rtentry2.o)
    0x080002be   0x00000008   Code   RO         1123    .ARM.Collect$$rtentry$$0000000D  c_w.l(__rtentry2.o)
    0x080002c6   0x00000002   Code   RO         1203    .ARM.Collect$$rtexit$$00000000  c_w.l(rtexit.o)
    0x080002c8   0x00000000   Code   RO         1256    .ARM.Collect$$rtexit$$00000002  c_w.l(rtexit2.o)
    0x080002c8   0x00000004   Code   RO         1257    .ARM.Collect$$rtexit$$00000003  c_w.l(rtexit2.o)
    0x080002cc   0x00000006   Code   RO         1258    .ARM.Collect$$rtexit$$00000004  c_w.l(rtexit2.o)
    0x080002d2   0x00000002   PAD
    0x080002d4   0x000000fc   Code   RO            4    .text               main.o
    0x080003d0   0x00000016   Code   RO          200    .text               stm32f4xx_it.o
    0x080003e6   0x00000002   PAD
    0x080003e8   0x00000210   Code   RO          256    .text               system_stm32f4xx.o
    0x080005f8   0x00000150   Code   RO          314    .text               tim.o
    0x08000748   0x00000154   Code   RO          344    .text               xv7011.o
    0x0800089c   0x00000072   Code   RO          369    .text               filter.o
    0x0800090e   0x00000002   PAD
    0x08000910   0x000001e0   Code   RO          399    .text               bsp_spi.o
    0x08000af0   0x000001c4   Code   RO          426    .text               encoder.o
    0x08000cb4   0x00000254   Code   RO          450    .text               locator.o
    0x08000f08   0x00000040   Code   RO          481    .text               startup_stm32f40_41xxx.o
    0x08000f48   0x000000e0   Code   RO          488    .text               misc.o
    0x08001028   0x00000294   Code   RO          512    .text               stm32f4xx_gpio.o
    0x080012bc   0x0000065c   Code   RO          536    .text               stm32f4xx_rcc.o
    0x08001918   0x00000454   Code   RO          586    .text               stm32f4xx_usart.o
    0x08001d6c   0x00000ca2   Code   RO          658    .text               stm32f4xx_tim.o
    0x08002a0e   0x00000002   PAD
    0x08002a10   0x000003a8   Code   RO          682    .text               stm32f4xx_dma.o
    0x08002db8   0x00000480   Code   RO          754    .text               stm32f4xx_spi.o
    0x08003238   0x00000104   Code   RO          778    .text               delay.o
    0x0800333c   0x00000304   Code   RO          826    .text               usart.o
    0x08003640   0x00000034   Code   RO         1001    .text               c_w.l(vsnprintf.o)
    0x08003674   0x00000006   Code   RO         1003    .text               c_w.l(heapauxi.o)
    0x0800367a   0x0000004e   Code   RO         1012    .text               c_w.l(_printf_pad.o)
    0x080036c8   0x00000024   Code   RO         1014    .text               c_w.l(_printf_truncate.o)
    0x080036ec   0x00000052   Code   RO         1016    .text               c_w.l(_printf_str.o)
    0x0800373e   0x00000002   PAD
    0x08003740   0x00000078   Code   RO         1018    .text               c_w.l(_printf_dec.o)
    0x080037b8   0x00000028   Code   RO         1020    .text               c_w.l(_printf_charcount.o)
    0x080037e0   0x00000030   Code   RO         1022    .text               c_w.l(_printf_char_common.o)
    0x08003810   0x0000000a   Code   RO         1024    .text               c_w.l(_sputc.o)
    0x0800381a   0x00000010   Code   RO         1026    .text               c_w.l(_snputc.o)
    0x0800382a   0x00000002   PAD
    0x0800382c   0x000000bc   Code   RO         1028    .text               c_w.l(_printf_wctomb.o)
    0x080038e8   0x0000007c   Code   RO         1031    .text               c_w.l(_printf_longlong_dec.o)
    0x08003964   0x00000070   Code   RO         1037    .text               c_w.l(_printf_oct_int_ll.o)
    0x080039d4   0x00000094   Code   RO         1057    .text               c_w.l(_printf_hex_int_ll_ptr.o)
    0x08003a68   0x00000188   Code   RO         1077    .text               c_w.l(__printf_flags_ss_wp.o)
    0x08003bf0   0x0000008a   Code   RO         1131    .text               c_w.l(lludiv10.o)
    0x08003c7a   0x000000b2   Code   RO         1133    .text               c_w.l(_printf_intcommon.o)
    0x08003d2c   0x0000041a   Code   RO         1135    .text               c_w.l(_printf_fp_dec.o)
    0x08004146   0x00000002   PAD
    0x08004148   0x000002fc   Code   RO         1137    .text               c_w.l(_printf_fp_hex.o)
    0x08004444   0x0000002c   Code   RO         1142    .text               c_w.l(_printf_char.o)
    0x08004470   0x0000002c   Code   RO         1144    .text               c_w.l(_printf_wchar.o)
    0x0800449c   0x00000040   Code   RO         1147    .text               c_w.l(_wcrtomb.o)
    0x080044dc   0x0000004a   Code   RO         1149    .text               c_w.l(sys_stackheap_outer.o)
    0x08004526   0x00000002   PAD
    0x08004528   0x00000010   Code   RO         1151    .text               c_w.l(rt_ctype_table.o)
    0x08004538   0x00000008   Code   RO         1156    .text               c_w.l(rt_locale_intlibspace.o)
    0x08004540   0x00000080   Code   RO         1158    .text               c_w.l(_printf_fp_infnan.o)
    0x080045c0   0x000000dc   Code   RO         1160    .text               c_w.l(bigflt0.o)
    0x0800469c   0x0000000c   Code   RO         1188    .text               c_w.l(exit.o)
    0x080046a8   0x00000008   Code   RO         1200    .text               c_w.l(libspace.o)
    0x080046b0   0x00000080   Code   RO         1208    .text               c_w.l(strcmpv7m.o)
    0x08004730   0x0000000c   Code   RO         1266    .text               c_w.l(sys_exit.o)
    0x0800473c   0x00000002   Code   RO         1277    .text               c_w.l(use_no_semi.o)
    0x0800473e   0x00000000   Code   RO         1279    .text               c_w.l(indicate_semi.o)
    0x0800473e   0x00000002   PAD
    0x08004740   0x00000098   Code   RO          862    .text.arm_cos_f32   arm_cortexM4lf_math.lib(arm_cos_f32.o)
    0x080047d8   0x00000090   Code   RO          871    .text.arm_sin_f32   arm_cortexM4lf_math.lib(arm_sin_f32.o)
    0x08004868   0x0000003e   Code   RO         1163    CL$$btod_d2e        c_w.l(btod.o)
    0x080048a6   0x00000046   Code   RO         1165    CL$$btod_d2e_denorm_low  c_w.l(btod.o)
    0x080048ec   0x00000060   Code   RO         1164    CL$$btod_d2e_norm_op1  c_w.l(btod.o)
    0x0800494c   0x00000338   Code   RO         1173    CL$$btod_div_common  c_w.l(btod.o)
    0x08004c84   0x000000c6   Code   RO         1170    CL$$btod_e2e        c_w.l(btod.o)
    0x08004d4a   0x00000028   Code   RO         1167    CL$$btod_ediv       c_w.l(btod.o)
    0x08004d72   0x00000028   Code   RO         1166    CL$$btod_emul       c_w.l(btod.o)
    0x08004d9a   0x00000244   Code   RO         1172    CL$$btod_mult_common  c_w.l(btod.o)
    0x08004fde   0x00000030   Code   RO         1198    i.__ARM_fpclassify  m_wm.l(fpclassify.o)
    0x0800500e   0x0000000e   Code   RO         1070    i._is_digit         c_w.l(__printf_wp.o)
    0x0800501c   0x0000002c   Code   RO         1186    locale$$code        c_w.l(lc_numeric_c.o)
    0x08005048   0x0000002c   Code   RO         1206    locale$$code        c_w.l(lc_ctype_c.o)
    0x08005074   0x0000000c   Code   RO         1103    x$fpl$dretinf       fz_wm.l(dretinf.o)
    0x08005080   0x00000056   Code   RO         1007    x$fpl$f2d           fz_wm.l(f2d.o)
    0x080050d6   0x0000008c   Code   RO         1105    x$fpl$fnaninf       fz_wm.l(fnaninf.o)
    0x08005162   0x0000000a   Code   RO         1264    x$fpl$fpinit        fz_wm.l(fpinit.o)
    0x0800516c   0x00000004   Code   RO         1107    x$fpl$printf1       fz_wm.l(printf1.o)
    0x08005170   0x00000004   Code   RO         1109    x$fpl$printf2       fz_wm.l(printf2.o)
    0x08005174   0x00000000   Code   RO         1115    x$fpl$usenofp       fz_wm.l(usenofp.o)
    0x08005174   0x00000008   Data   RO         1029    .constdata          c_w.l(_printf_wctomb.o)
    0x0800517c   0x00000028   Data   RO         1058    .constdata          c_w.l(_printf_hex_int_ll_ptr.o)
    0x080051a4   0x00000011   Data   RO         1078    .constdata          c_w.l(__printf_flags_ss_wp.o)
    0x080051b5   0x00000026   Data   RO         1138    .constdata          c_w.l(_printf_fp_hex.o)
    0x080051db   0x00000001   PAD
    0x080051dc   0x00000094   Data   RO         1161    .constdata          c_w.l(bigflt0.o)
    0x08005270   0x00000804   Data   RO          992    .rodata.sinTable_f32  arm_cortexM4lf_math.lib(arm_common_tables.o)
    0x08005a74   0x00000020   Data   RO         1331    Region$$Table       anon$$obj.o
    0x08005a94   0x0000001c   Data   RO         1185    locale$$data        c_w.l(lc_numeric_c.o)
    0x08005ab0   0x00000110   Data   RO         1205    locale$$data        c_w.l(lc_ctype_c.o)


    Execution Region RW_IRAM1 (Base: 0x20000000, Size: 0x00000798, Max: 0x00020000, ABSOLUTE)

    Base Addr    Size         Type   Attr      Idx    E Section Name        Object

    0x20000000   0x00000014   Data   RW          257    .data               system_stm32f4xx.o
    0x20000014   0x00000010   Data   RW          315    .data               tim.o
    0x20000024   0x00000002   Data   RW          345    .data               xv7011.o
    0x20000026   0x00000002   PAD
    0x20000028   0x00000004   Data   RW          452    .data               locator.o
    0x2000002c   0x00000010   Data   RW          537    .data               stm32f4xx_rcc.o
    0x2000003c   0x00000004   Data   RW          779    .data               delay.o
    0x20000040   0x00000002   Data   RW          828    .data               usart.o
    0x20000042   0x00000002   PAD
    0x20000044   0x000000d0   Zero   RW          370    .bss                filter.o
    0x20000114   0x00000014   Zero   RW          451    .bss                locator.o
    0x20000128   0x0000000f   Zero   RW          827    .bss                usart.o
    0x20000137   0x00000001   PAD
    0x20000138   0x00000060   Zero   RW         1201    .bss                c_w.l(libspace.o)
    0x20000198   0x00000200   Zero   RW          479    HEAP                startup_stm32f40_41xxx.o
    0x20000398   0x00000400   Zero   RW          478    STACK               startup_stm32f40_41xxx.o


==============================================================================

Image component sizes


      Code (inc. data)   RO Data    RW Data    ZI Data      Debug   Object Name

       480         16          0          0          0       1808   bsp_spi.o
       260          8          0          4          0       1441   delay.o
       452         12          0          0          0       1446   encoder.o
       114          0          0          0        208       1924   filter.o
       596         58          0          4         20       3265   locator.o
       252         40          0          0          0     338435   main.o
       224         20          0          0          0       1957   misc.o
        64         26        392          0       1536        836   startup_stm32f40_41xxx.o
       936         32          0          0          0       6437   stm32f4xx_dma.o
       660         44          0          0          0       4233   stm32f4xx_gpio.o
        22          0          0          0          0       1035   stm32f4xx_it.o
      1628         52          0         16          0      13044   stm32f4xx_rcc.o
      1152         36          0          0          0       6985   stm32f4xx_spi.o
      3234         60          0          0          0      22436   stm32f4xx_tim.o
      1108         34          0          0          0       7936   stm32f4xx_usart.o
       528         46          0         20          0       1783   system_stm32f4xx.o
       336         46          0         16          0       1176   tim.o
       772         38          0          2         15       3416   usart.o
       340          8          0          2          0       2490   xv7011.o

    ----------------------------------------------------------------------
     13164        576        424         68       1780     422083   Object Totals
         0          0         32          0          0          0   (incl. Generated)
         6          0          0          4          1          0   (incl. Padding)

    ----------------------------------------------------------------------

      Code (inc. data)   RO Data    RW Data    ZI Data      Debug   Library Member Name

         0          0       2052          0          0       6294   arm_common_tables.o
       152         12          0          0          0       1104   arm_cos_f32.o
       144         12          0          0          0       1092   arm_sin_f32.o
         8          0          0          0          0         68   __main.o
       392          4         17          0          0         92   __printf_flags_ss_wp.o
        14          0          0          0          0         68   __printf_wp.o
         0          0          0          0          0          0   __rtentry.o
        12          0          0          0          0          0   __rtentry2.o
         6          0          0          0          0          0   __rtentry4.o
        52          8          0          0          0          0   __scatter.o
        26          0          0          0          0          0   __scatter_copy.o
        28          0          0          0          0          0   __scatter_zi.o
         6          0          0          0          0          0   _printf_a.o
         6          0          0          0          0          0   _printf_c.o
        44          0          0          0          0        108   _printf_char.o
        48          6          0          0          0         96   _printf_char_common.o
        40          0          0          0          0         68   _printf_charcount.o
         6          0          0          0          0          0   _printf_d.o
       120         16          0          0          0         92   _printf_dec.o
         6          0          0          0          0          0   _printf_e.o
         6          0          0          0          0          0   _printf_f.o
      1050          0          0          0          0        216   _printf_fp_dec.o
       764         10         38          0          0        100   _printf_fp_hex.o
       128         16          0          0          0         84   _printf_fp_infnan.o
         6          0          0          0          0          0   _printf_g.o
       148          4         40          0          0        160   _printf_hex_int_ll_ptr.o
         6          0          0          0          0          0   _printf_i.o
       178          0          0          0          0         88   _printf_intcommon.o
        10          0          0          0          0          0   _printf_l.o
         6          0          0          0          0          0   _printf_lc.o
        10          0          0          0          0          0   _printf_ll.o
         6          0          0          0          0          0   _printf_lld.o
         6          0          0          0          0          0   _printf_lli.o
         6          0          0          0          0          0   _printf_llo.o
         6          0          0          0          0          0   _printf_llu.o
         6          0          0          0          0          0   _printf_llx.o
       124         16          0          0          0         92   _printf_longlong_dec.o
         6          0          0          0          0          0   _printf_ls.o
         6          0          0          0          0          0   _printf_n.o
         6          0          0          0          0          0   _printf_o.o
       112          8          0          0          0        124   _printf_oct_int_ll.o
         6          0          0          0          0          0   _printf_p.o
        78          0          0          0          0        108   _printf_pad.o
         0          0          0          0          0          0   _printf_percent.o
         4          0          0          0          0          0   _printf_percent_end.o
         6          0          0          0          0          0   _printf_s.o
        82          0          0          0          0         80   _printf_str.o
        36          0          0          0          0         84   _printf_truncate.o
         6          0          0          0          0          0   _printf_u.o
        44          0          0          0          0        108   _printf_wchar.o
       188          6          8          0          0         92   _printf_wctomb.o
         6          0          0          0          0          0   _printf_x.o
        16          0          0          0          0         68   _snputc.o
        10          0          0          0          0         68   _sputc.o
        64          0          0          0          0         92   _wcrtomb.o
       220          4        148          0          0         96   bigflt0.o
      1910        128          0          0          0        672   btod.o
        12          0          0          0          0         72   exit.o
         6          0          0          0          0        152   heapauxi.o
         0          0          0          0          0          0   indicate_semi.o
        44         10        272          0          0         76   lc_ctype_c.o
        44         10         28          0          0         76   lc_numeric_c.o
         2          0          0          0          0          0   libinit.o
        34          0          0          0          0          0   libinit2.o
         2          0          0          0          0          0   libshutdown.o
         2          0          0          0          0          0   libshutdown2.o
         8          4          0          0         96         68   libspace.o
       138          0          0          0          0         80   lludiv10.o
        16          4          0          0          0         76   rt_ctype_table.o
         8          4          0          0          0         68   rt_locale_intlibspace.o
         2          0          0          0          0          0   rtexit.o
        10          0          0          0          0          0   rtexit2.o
       128          0          0          0          0         68   strcmpv7m.o
        12          4          0          0          0         68   sys_exit.o
        74          0          0          0          0         80   sys_stackheap_outer.o
         2          0          0          0          0         68   use_no_semi.o
        52          4          0          0          0         80   vsnprintf.o
        12          0          0          0          0        116   dretinf.o
        86          4          0          0          0        132   f2d.o
       140          4          0          0          0        132   fnaninf.o
        10          0          0          0          0        116   fpinit.o
         4          0          0          0          0        116   printf1.o
         4          0          0          0          0        116   printf2.o
         0          0          0          0          0          0   usenofp.o
        48          0          0          0          0        124   fpclassify.o

    ----------------------------------------------------------------------
      7296        298       2604          0         96      13298   Library Totals
        14          0          1          0          0          0   (incl. Padding)

    ----------------------------------------------------------------------

      Code (inc. data)   RO Data    RW Data    ZI Data      Debug   Library Name

       296         24       2052          0          0       8490   arm_cortexM4lf_math.lib
      6682        266        551          0         96       3956   c_w.l
       256          8          0          0          0        728   fz_wm.l
        48          0          0          0          0        124   m_wm.l

    ----------------------------------------------------------------------
      7296        298       2604          0         96      13298   Library Totals

    ----------------------------------------------------------------------

==============================================================================


      Code (inc. data)   RO Data    RW Data    ZI Data      Debug   

     20460        874       3028         68       1876     429333   Grand Totals
     20460        874       3028         68       1876     429333   ELF Image Totals
     20460        874       3028         68          0          0   ROM Totals

==============================================================================

    Total RO  Size (Code + RO Data)                23488 (  22.94kB)
    Total RW  Size (RW Data + ZI Data)              1944 (   1.90kB)
    Total ROM Size (Code + RO Data + RW Data)      23556 (  23.00kB)

==============================================================================

